C:/Users/jackson.lewandowski/Documents/NXP Projects/Recirculador/lib/repo/core/CMSIS/core/include/core_cm0plus.h:741:22:__NVIC_EnableIRQ	16	static
C:/Users/jackson.lewandowski/Documents/NXP Projects/Recirculador/lib/repo/core/CMSIS/core/include/core_cm0plus.h:779:22:__NVIC_DisableIRQ	16	static
C:/Users/jackson.lewandowski/Documents/NXP Projects/Recirculador/lib/repo/core/CMSIS/core/include/core_cm0plus.h:850:22:__NVIC_SetPriority	24	static
C:/Users/jackson.lewandowski/Documents/NXP Projects/Recirculador/lib/repo/core/CMSIS/core/include/core_cm0plus.h:1058:26:SysTick_Config	16	static
C:/Users/jackson.lewandowski/Documents/NXP Projects/Recirculador/src/drivers/interrupt/interrupt.c:27:6:newExternInterrupt	32	static
C:/Users/jackson.lewandowski/Documents/NXP Projects/Recirculador/src/drivers/interrupt/interrupt.c:65:6:PIN_INT0_IRQHandler	8	static
C:/Users/jackson.lewandowski/Documents/NXP Projects/Recirculador/src/drivers/interrupt/interrupt.c:84:6:PIN_INT1_IRQHandler	8	static
C:/Users/jackson.lewandowski/Documents/NXP Projects/Recirculador/src/drivers/interrupt/interrupt.c:103:6:PIN_INT2_IRQHandler	8	static
C:/Users/jackson.lewandowski/Documents/NXP Projects/Recirculador/src/drivers/interrupt/interrupt.c:122:6:PIN_INT3_IRQHandler	8	static
C:/Users/jackson.lewandowski/Documents/NXP Projects/Recirculador/src/drivers/interrupt/interrupt.c:141:6:PIN_INT4_IRQHandler	8	static
C:/Users/jackson.lewandowski/Documents/NXP Projects/Recirculador/src/drivers/interrupt/interrupt.c:160:6:PIN_INT5_IRQHandler	8	static
C:/Users/jackson.lewandowski/Documents/NXP Projects/Recirculador/src/drivers/interrupt/interrupt.c:179:6:PIN_INT6_IRQHandler	8	static
C:/Users/jackson.lewandowski/Documents/NXP Projects/Recirculador/src/drivers/interrupt/interrupt.c:198:6:PIN_INT7_IRQHandler	8	static
C:/Users/jackson.lewandowski/Documents/NXP Projects/Recirculador/src/drivers/interrupt/interrupt.c:225:6:newTimerInterrupt	32	static
C:/Users/jackson.lewandowski/Documents/NXP Projects/Recirculador/src/drivers/interrupt/interrupt.c:278:6:newTimerIntFreq	40	static
C:/Users/jackson.lewandowski/Documents/NXP Projects/Recirculador/src/drivers/interrupt/interrupt.c:292:6:newTimerIntOneShot	40	static
C:/Users/jackson.lewandowski/Documents/NXP Projects/Recirculador/src/drivers/interrupt/interrupt.c:303:6:MRT0_IRQHandler	8	static
C:/Users/jackson.lewandowski/Documents/NXP Projects/Recirculador/src/drivers/interrupt/interrupt.c:336:6:SysTickBegin	16	static
C:/Users/jackson.lewandowski/Documents/NXP Projects/Recirculador/src/drivers/interrupt/interrupt.c:390:6:SysTickBeginISR	16	static
C:/Users/jackson.lewandowski/Documents/NXP Projects/Recirculador/src/drivers/interrupt/interrupt.c:402:20:SysTickGetTicks	8	static
C:/Users/jackson.lewandowski/Documents/NXP Projects/Recirculador/src/drivers/interrupt/interrupt.c:410:6:SysTick_Handler	8	static
C:/Users/jackson.lewandowski/Documents/NXP Projects/Recirculador/src/drivers/interrupt/interrupt.c:421:20:SysTickGetTime_us	8	static
C:/Users/jackson.lewandowski/Documents/NXP Projects/Recirculador/src/drivers/interrupt/interrupt.c:430:20:SysTickGetTime_ms	8	static
C:/Users/jackson.lewandowski/Documents/NXP Projects/Recirculador/src/drivers/interrupt/interrupt.c:439:20:SysTickGetTime_seconds	8	static
