C:/Users/jackson.lewandowski/Documents/NXP Projects/Recirculador/lib/repo/core/CMSIS/core/include/core_cm0plus.h:741:22:__NVIC_EnableIRQ	16	static
C:/Users/jackson.lewandowski/Documents/NXP Projects/Recirculador/lib/repo/core/CMSIS/core/include/core_cm0plus.h:779:22:__NVIC_DisableIRQ	16	static
C:/Users/jackson.lewandowski/Documents/NXP Projects/Recirculador/lib/repo/core/CMSIS/core/include/core_cm0plus.h:850:22:__NVIC_SetPriority	24	static
C:/Users/jackson.lewandowski/Documents/NXP Projects/Recirculador/lib/repo/core/CMSIS/core/include/core_cm0plus.h:1058:26:SysTick_Config	16	static
C:/Users/jackson.lewandowski/Documents/NXP Projects/Recirculador/src/drivers/interrupt/interrupt.c:26:6:newExternInterrupt	24	static
C:/Users/jackson.lewandowski/Documents/NXP Projects/Recirculador/src/drivers/interrupt/interrupt.c:64:6:PIN_INT0_IRQHandler	8	static
C:/Users/jackson.lewandowski/Documents/NXP Projects/Recirculador/src/drivers/interrupt/interrupt.c:83:6:PIN_INT1_IRQHandler	8	static
C:/Users/jackson.lewandowski/Documents/NXP Projects/Recirculador/src/drivers/interrupt/interrupt.c:102:6:PIN_INT2_IRQHandler	8	static
C:/Users/jackson.lewandowski/Documents/NXP Projects/Recirculador/src/drivers/interrupt/interrupt.c:121:6:PIN_INT3_IRQHandler	8	static
C:/Users/jackson.lewandowski/Documents/NXP Projects/Recirculador/src/drivers/interrupt/interrupt.c:140:6:PIN_INT4_IRQHandler	8	static
C:/Users/jackson.lewandowski/Documents/NXP Projects/Recirculador/src/drivers/interrupt/interrupt.c:159:6:PIN_INT5_IRQHandler	8	static
C:/Users/jackson.lewandowski/Documents/NXP Projects/Recirculador/src/drivers/interrupt/interrupt.c:178:6:PIN_INT6_IRQHandler	8	static
C:/Users/jackson.lewandowski/Documents/NXP Projects/Recirculador/src/drivers/interrupt/interrupt.c:197:6:PIN_INT7_IRQHandler	8	static
C:/Users/jackson.lewandowski/Documents/NXP Projects/Recirculador/src/drivers/interrupt/interrupt.c:224:6:newTimerInterrupt	32	static
C:/Users/jackson.lewandowski/Documents/NXP Projects/Recirculador/src/drivers/interrupt/interrupt.c:277:6:newTimerIntFreq	40	static
C:/Users/jackson.lewandowski/Documents/NXP Projects/Recirculador/src/drivers/interrupt/interrupt.c:291:6:newTimerIntOneShot	40	static
C:/Users/jackson.lewandowski/Documents/NXP Projects/Recirculador/src/drivers/interrupt/interrupt.c:302:6:MRT0_IRQHandler	8	static
C:/Users/jackson.lewandowski/Documents/NXP Projects/Recirculador/src/drivers/interrupt/interrupt.c:335:6:SysTickBegin	16	static
C:/Users/jackson.lewandowski/Documents/NXP Projects/Recirculador/src/drivers/interrupt/interrupt.c:389:6:SysTickBeginISR	16	static
C:/Users/jackson.lewandowski/Documents/NXP Projects/Recirculador/src/drivers/interrupt/interrupt.c:401:15:SysTickGetTicks	8	static
C:/Users/jackson.lewandowski/Documents/NXP Projects/Recirculador/src/drivers/interrupt/interrupt.c:409:6:SysTick_Handler	8	static
C:/Users/jackson.lewandowski/Documents/NXP Projects/Recirculador/src/drivers/interrupt/interrupt.c:420:15:SysTickGetTime_us	8	static
C:/Users/jackson.lewandowski/Documents/NXP Projects/Recirculador/src/drivers/interrupt/interrupt.c:429:15:SysTickGetTime_ms	8	static
C:/Users/jackson.lewandowski/Documents/NXP Projects/Recirculador/src/drivers/interrupt/interrupt.c:438:15:SysTickGetTime_seconds	8	static
