C:/Users/jackson.lewandowski/Documents/NXP Projects/Recirculador/src/services/calendar/calendar.c:41:6:schedulingTest	32	static
C:/Users/jackson.lewandowski/Documents/NXP Projects/Recirculador/src/services/calendar/calendar.c:82:15:getSecond	8	static
C:/Users/jackson.lewandowski/Documents/NXP Projects/Recirculador/src/services/calendar/calendar.c:92:15:getMin	8	static
C:/Users/jackson.lewandowski/Documents/NXP Projects/Recirculador/src/services/calendar/calendar.c:102:15:getHour	8	static
C:/Users/jackson.lewandowski/Documents/NXP Projects/Recirculador/src/services/calendar/calendar.c:112:15:getDay	8	static
C:/Users/jackson.lewandowski/Documents/NXP Projects/Recirculador/src/services/calendar/calendar.c:123:15:getMount	8	static
C:/Users/jackson.lewandowski/Documents/NXP Projects/Recirculador/src/services/calendar/calendar.c:134:16:getYear	8	static
C:/Users/jackson.lewandowski/Documents/NXP Projects/Recirculador/src/services/calendar/calendar.c:144:15:getWeekDay	16	static
C:/Users/jackson.lewandowski/Documents/NXP Projects/Recirculador/src/services/calendar/calendar.c:154:6:_attMyTime	16	static
C:/Users/jackson.lewandowski/Documents/NXP Projects/Recirculador/src/services/calendar/calendar.c:203:6:setTimestamp	16	static
C:/Users/jackson.lewandowski/Documents/NXP Projects/Recirculador/src/services/calendar/calendar.c:216:6:tickTimestamp	16	static
