C:/Users/jackson.lewandowski/Documents/NXP Projects/Recirculador/src/services/calendar/calendar.c:51:6:schedulingTest	8	static
C:/Users/jackson.lewandowski/Documents/NXP Projects/Recirculador/src/services/calendar/calendar.c:93:15:getSecond	8	static
C:/Users/jackson.lewandowski/Documents/NXP Projects/Recirculador/src/services/calendar/calendar.c:103:15:getMin	8	static
C:/Users/jackson.lewandowski/Documents/NXP Projects/Recirculador/src/services/calendar/calendar.c:113:15:getHour	8	static
C:/Users/jackson.lewandowski/Documents/NXP Projects/Recirculador/src/services/calendar/calendar.c:123:15:getDay	8	static
C:/Users/jackson.lewandowski/Documents/NXP Projects/Recirculador/src/services/calendar/calendar.c:134:15:getMount	8	static
C:/Users/jackson.lewandowski/Documents/NXP Projects/Recirculador/src/services/calendar/calendar.c:145:16:getYear	8	static
C:/Users/jackson.lewandowski/Documents/NXP Projects/Recirculador/src/services/calendar/calendar.c:155:15:getWeekDay	16	static
C:/Users/jackson.lewandowski/Documents/NXP Projects/Recirculador/src/services/calendar/calendar.c:165:6:_attTime	16	static
C:/Users/jackson.lewandowski/Documents/NXP Projects/Recirculador/src/services/calendar/calendar.c:214:6:setTimestamp	16	static
C:/Users/jackson.lewandowski/Documents/NXP Projects/Recirculador/src/services/calendar/calendar.c:227:6:tickTimestamp	16	static
