c:\users\jackson.lewandowski\documents\vs code\nxp\core\cmsis\core\include\core_cm0plus.h:741:22:__NVIC_EnableIRQ	16	static
c:\users\jackson.lewandowski\documents\vs code\nxp\core\cmsis\core\include\core_cm0plus.h:779:22:__NVIC_DisableIRQ	16	static
C:/Users/jackson.lewandowski/Documents/NXP Projects/lpcxpresso802_Recirculador/myLib/myGPIOinterrupt/myGPIOinterrupt.c:7:6:setInterrupt	24	static
C:/Users/jackson.lewandowski/Documents/NXP Projects/lpcxpresso802_Recirculador/myLib/myGPIOinterrupt/myGPIOinterrupt.c:65:6:PIN_INT0_IRQHandler	8	static
C:/Users/jackson.lewandowski/Documents/NXP Projects/lpcxpresso802_Recirculador/myLib/myGPIOinterrupt/myGPIOinterrupt.c:74:6:PIN_INT1_IRQHandler	8	static
C:/Users/jackson.lewandowski/Documents/NXP Projects/lpcxpresso802_Recirculador/myLib/myGPIOinterrupt/myGPIOinterrupt.c:83:6:PIN_INT2_IRQHandler	8	static
C:/Users/jackson.lewandowski/Documents/NXP Projects/lpcxpresso802_Recirculador/myLib/myGPIOinterrupt/myGPIOinterrupt.c:92:6:PIN_INT3_IRQHandler	8	static
C:/Users/jackson.lewandowski/Documents/NXP Projects/lpcxpresso802_Recirculador/myLib/myGPIOinterrupt/myGPIOinterrupt.c:101:6:PIN_INT4_IRQHandler	8	static
C:/Users/jackson.lewandowski/Documents/NXP Projects/lpcxpresso802_Recirculador/myLib/myGPIOinterrupt/myGPIOinterrupt.c:110:6:PIN_INT5_IRQHandler	8	static
C:/Users/jackson.lewandowski/Documents/NXP Projects/lpcxpresso802_Recirculador/myLib/myGPIOinterrupt/myGPIOinterrupt.c:119:6:PIN_INT6_IRQHandler	8	static
C:/Users/jackson.lewandowski/Documents/NXP Projects/lpcxpresso802_Recirculador/myLib/myGPIOinterrupt/myGPIOinterrupt.c:128:6:PIN_INT7_IRQHandler	8	static
C:/Users/jackson.lewandowski/Documents/NXP Projects/lpcxpresso802_Recirculador/myLib/myGPIOinterrupt/myGPIOinterrupt.c:140:6:setTimerInterrupt	32	static
C:/Users/jackson.lewandowski/Documents/NXP Projects/lpcxpresso802_Recirculador/myLib/myGPIOinterrupt/myGPIOinterrupt.c:183:6:setTimerIntFreq	40	static
C:/Users/jackson.lewandowski/Documents/NXP Projects/lpcxpresso802_Recirculador/myLib/myGPIOinterrupt/myGPIOinterrupt.c:190:6:MRT0_IRQHandler	8	static
