C:/Users/jackson.lewandowski/Documents/NXP Projects/Recirculador/src/services/registers_manager/registers_manager.c:27:6:reg_eeprom_test	16	static
C:/Users/jackson.lewandowski/Documents/NXP Projects/Recirculador/src/services/registers_manager/registers_manager.c:32:6:reg_Begin	16	static
C:/Users/jackson.lewandowski/Documents/NXP Projects/Recirculador/src/services/registers_manager/registers_manager.c:65:5:_bool_index_addr	16	static
C:/Users/jackson.lewandowski/Documents/NXP Projects/Recirculador/src/services/registers_manager/registers_manager.c:69:5:_bool_index_pos	16	static
C:/Users/jackson.lewandowski/Documents/NXP Projects/Recirculador/src/services/registers_manager/registers_manager.c:73:6:reg_write_bool	40	static
C:/Users/jackson.lewandowski/Documents/NXP Projects/Recirculador/src/services/registers_manager/registers_manager.c:92:6:reg_write_bool_vet	32	static
C:/Users/jackson.lewandowski/Documents/NXP Projects/Recirculador/src/services/registers_manager/registers_manager.c:103:6:reg_write_short	24	static
C:/Users/jackson.lewandowski/Documents/NXP Projects/Recirculador/src/services/registers_manager/registers_manager.c:114:6:reg_write_short_vet	32	static
C:/Users/jackson.lewandowski/Documents/NXP Projects/Recirculador/src/services/registers_manager/registers_manager.c:131:6:reg_write_int	24	static
C:/Users/jackson.lewandowski/Documents/NXP Projects/Recirculador/src/services/registers_manager/registers_manager.c:142:6:reg_write_int_vet	32	static
C:/Users/jackson.lewandowski/Documents/NXP Projects/Recirculador/src/services/registers_manager/registers_manager.c:179:6:reg_write	16	static
C:/Users/jackson.lewandowski/Documents/NXP Projects/Recirculador/src/services/registers_manager/registers_manager.c:201:6:reg_write_vet	24	static
C:/Users/jackson.lewandowski/Documents/NXP Projects/Recirculador/src/services/registers_manager/registers_manager.c:227:6:reg_read_bool	32	static
C:/Users/jackson.lewandowski/Documents/NXP Projects/Recirculador/src/services/registers_manager/registers_manager.c:236:6:reg_read_bool_vet	40	static
C:/Users/jackson.lewandowski/Documents/NXP Projects/Recirculador/src/services/registers_manager/registers_manager.c:247:7:reg_read_short	24	static
C:/Users/jackson.lewandowski/Documents/NXP Projects/Recirculador/src/services/registers_manager/registers_manager.c:252:6:reg_read_short_vet	32	static
C:/Users/jackson.lewandowski/Documents/NXP Projects/Recirculador/src/services/registers_manager/registers_manager.c:261:5:reg_read_int	24	static
C:/Users/jackson.lewandowski/Documents/NXP Projects/Recirculador/src/services/registers_manager/registers_manager.c:266:6:reg_read_int_vet	32	static
C:/Users/jackson.lewandowski/Documents/NXP Projects/Recirculador/src/services/registers_manager/registers_manager.c:294:6:reg_read	16	static
C:/Users/jackson.lewandowski/Documents/NXP Projects/Recirculador/src/services/registers_manager/registers_manager.c:317:6:reg_read_vet	24	static
C:/Users/jackson.lewandowski/Documents/NXP Projects/Recirculador/src/services/registers_manager/registers_manager.c:343:16:reg_ptr	8	static
C:/Users/jackson.lewandowski/Documents/NXP Projects/Recirculador/src/services/registers_manager/registers_manager.c:347:16:reg_ptr_bool	8	static
C:/Users/jackson.lewandowski/Documents/NXP Projects/Recirculador/src/services/registers_manager/registers_manager.c:351:16:reg_ptr_short	8	static
C:/Users/jackson.lewandowski/Documents/NXP Projects/Recirculador/src/services/registers_manager/registers_manager.c:355:16:reg_ptr_int	8	static
C:/Users/jackson.lewandowski/Documents/NXP Projects/Recirculador/src/services/registers_manager/registers_manager.c:365:14:reg_mem_size	8	static
C:/Users/jackson.lewandowski/Documents/NXP Projects/Recirculador/src/services/registers_manager/registers_manager.c:369:14:reg_mem_size_bool	8	static
C:/Users/jackson.lewandowski/Documents/NXP Projects/Recirculador/src/services/registers_manager/registers_manager.c:373:14:reg_mem_size_short	8	static
C:/Users/jackson.lewandowski/Documents/NXP Projects/Recirculador/src/services/registers_manager/registers_manager.c:377:14:reg_mem_size_int	8	static
C:/Users/jackson.lewandowski/Documents/NXP Projects/Recirculador/src/services/registers_manager/registers_manager.c:388:6:reg_return_change_flag	8	static
C:/Users/jackson.lewandowski/Documents/NXP Projects/Recirculador/src/services/registers_manager/registers_manager.c:392:6:reg_clear_change_flag	16	static
