C:/Users/jackson.lewandowski/Documents/NXP Projects/Recirculador/src/services/registers_manager/registers_manager.c:25:6:_reg_eeprom_test	16	static
C:/Users/jackson.lewandowski/Documents/NXP Projects/Recirculador/src/services/registers_manager/registers_manager.c:41:6:reg_Begin	8	static
C:/Users/jackson.lewandowski/Documents/NXP Projects/Recirculador/src/services/registers_manager/registers_manager.c:58:5:_bool_index_addr	16	static
C:/Users/jackson.lewandowski/Documents/NXP Projects/Recirculador/src/services/registers_manager/registers_manager.c:62:5:_bool_index_pos	16	static
C:/Users/jackson.lewandowski/Documents/NXP Projects/Recirculador/src/services/registers_manager/registers_manager.c:66:6:reg_write_bool	32	static
C:/Users/jackson.lewandowski/Documents/NXP Projects/Recirculador/src/services/registers_manager/registers_manager.c:74:6:reg_write_bool_vet	32	static
C:/Users/jackson.lewandowski/Documents/NXP Projects/Recirculador/src/services/registers_manager/registers_manager.c:85:6:reg_write_short	24	static
C:/Users/jackson.lewandowski/Documents/NXP Projects/Recirculador/src/services/registers_manager/registers_manager.c:92:6:reg_write_short_vet	32	static
C:/Users/jackson.lewandowski/Documents/NXP Projects/Recirculador/src/services/registers_manager/registers_manager.c:101:6:reg_write_int	24	static
C:/Users/jackson.lewandowski/Documents/NXP Projects/Recirculador/src/services/registers_manager/registers_manager.c:108:6:reg_write_int_vet	32	static
C:/Users/jackson.lewandowski/Documents/NXP Projects/Recirculador/src/services/registers_manager/registers_manager.c:137:6:reg_write	16	static
C:/Users/jackson.lewandowski/Documents/NXP Projects/Recirculador/src/services/registers_manager/registers_manager.c:159:6:reg_write_vet	24	static
C:/Users/jackson.lewandowski/Documents/NXP Projects/Recirculador/src/services/registers_manager/registers_manager.c:185:6:reg_read_bool	24	static
C:/Users/jackson.lewandowski/Documents/NXP Projects/Recirculador/src/services/registers_manager/registers_manager.c:194:6:reg_read_bool_vet	40	static
C:/Users/jackson.lewandowski/Documents/NXP Projects/Recirculador/src/services/registers_manager/registers_manager.c:205:7:reg_read_short	24	static
C:/Users/jackson.lewandowski/Documents/NXP Projects/Recirculador/src/services/registers_manager/registers_manager.c:210:6:reg_read_short_vet	32	static
C:/Users/jackson.lewandowski/Documents/NXP Projects/Recirculador/src/services/registers_manager/registers_manager.c:219:5:reg_read_int	24	static
C:/Users/jackson.lewandowski/Documents/NXP Projects/Recirculador/src/services/registers_manager/registers_manager.c:224:6:reg_read_int_vet	32	static
C:/Users/jackson.lewandowski/Documents/NXP Projects/Recirculador/src/services/registers_manager/registers_manager.c:252:6:reg_read	16	static
C:/Users/jackson.lewandowski/Documents/NXP Projects/Recirculador/src/services/registers_manager/registers_manager.c:275:6:reg_read_vet	24	static
