c:\users\jackson.lewandowski\documents\vs code\nxp\core\cmsis\core\include\core_cm0plus.h:741:22:__NVIC_EnableIRQ	16	static
c:\users\jackson.lewandowski\documents\vs code\nxp\core\cmsis\core\include\core_cm0plus.h:779:22:__NVIC_DisableIRQ	16	static
c:\users\jackson.lewandowski\documents\vs code\nxp\core\cmsis\core\include\core_cm0plus.h:850:22:__NVIC_SetPriority	24	static
c:\users\jackson.lewandowski\documents\vs code\nxp\core\cmsis\core\include\core_cm0plus.h:1058:26:SysTick_Config	16	static
C:/Users/jackson.lewandowski/Documents/NXP Projects/lpcxpresso802_Recirculador/myLib/myInterrupt/myInterrupt.c:12:6:setInterrupt	24	static
C:/Users/jackson.lewandowski/Documents/NXP Projects/lpcxpresso802_Recirculador/myLib/myInterrupt/myInterrupt.c:46:6:PIN_INT0_IRQHandler	8	static
C:/Users/jackson.lewandowski/Documents/NXP Projects/lpcxpresso802_Recirculador/myLib/myInterrupt/myInterrupt.c:56:6:PIN_INT1_IRQHandler	8	static
C:/Users/jackson.lewandowski/Documents/NXP Projects/lpcxpresso802_Recirculador/myLib/myInterrupt/myInterrupt.c:66:6:PIN_INT2_IRQHandler	8	static
C:/Users/jackson.lewandowski/Documents/NXP Projects/lpcxpresso802_Recirculador/myLib/myInterrupt/myInterrupt.c:76:6:PIN_INT3_IRQHandler	8	static
C:/Users/jackson.lewandowski/Documents/NXP Projects/lpcxpresso802_Recirculador/myLib/myInterrupt/myInterrupt.c:86:6:PIN_INT4_IRQHandler	8	static
C:/Users/jackson.lewandowski/Documents/NXP Projects/lpcxpresso802_Recirculador/myLib/myInterrupt/myInterrupt.c:96:6:PIN_INT5_IRQHandler	8	static
C:/Users/jackson.lewandowski/Documents/NXP Projects/lpcxpresso802_Recirculador/myLib/myInterrupt/myInterrupt.c:106:6:PIN_INT6_IRQHandler	8	static
C:/Users/jackson.lewandowski/Documents/NXP Projects/lpcxpresso802_Recirculador/myLib/myInterrupt/myInterrupt.c:116:6:PIN_INT7_IRQHandler	8	static
C:/Users/jackson.lewandowski/Documents/NXP Projects/lpcxpresso802_Recirculador/myLib/myInterrupt/myInterrupt.c:131:6:setTimerInterrupt	32	static
C:/Users/jackson.lewandowski/Documents/NXP Projects/lpcxpresso802_Recirculador/myLib/myInterrupt/myInterrupt.c:176:6:setTimerIntFreq	40	static
C:/Users/jackson.lewandowski/Documents/NXP Projects/lpcxpresso802_Recirculador/myLib/myInterrupt/myInterrupt.c:184:6:setTimerIntOneShot	40	static
C:/Users/jackson.lewandowski/Documents/NXP Projects/lpcxpresso802_Recirculador/myLib/myInterrupt/myInterrupt.c:192:6:MRT0_IRQHandler	8	static
C:/Users/jackson.lewandowski/Documents/NXP Projects/lpcxpresso802_Recirculador/myLib/myInterrupt/myInterrupt.c:221:6:SysTickBegin	16	static
C:/Users/jackson.lewandowski/Documents/NXP Projects/lpcxpresso802_Recirculador/myLib/myInterrupt/myInterrupt.c:258:6:SysTickBeginISR	16	static
C:/Users/jackson.lewandowski/Documents/NXP Projects/lpcxpresso802_Recirculador/myLib/myInterrupt/myInterrupt.c:265:15:SysTickGetTicks	8	static
C:/Users/jackson.lewandowski/Documents/NXP Projects/lpcxpresso802_Recirculador/myLib/myInterrupt/myInterrupt.c:269:6:SysTick_Handler	8	static
C:/Users/jackson.lewandowski/Documents/NXP Projects/lpcxpresso802_Recirculador/myLib/myInterrupt/myInterrupt.c:276:15:SysTickGetTime_us	8	static
C:/Users/jackson.lewandowski/Documents/NXP Projects/lpcxpresso802_Recirculador/myLib/myInterrupt/myInterrupt.c:280:15:SysTickGetTime_ms	8	static
C:/Users/jackson.lewandowski/Documents/NXP Projects/lpcxpresso802_Recirculador/myLib/myInterrupt/myInterrupt.c:284:15:SysTickGetTime_seconds	8	static
