C:/Users/jackson.lewandowski/Documents/VS Code/NXP/core/devices/LPC804/drivers/fsl_clock.h:368:20:CLOCK_EnableClock	16	static
C:/Users/jackson.lewandowski/Documents/VS Code/NXP/core/devices/LPC804/drivers/fsl_clock.h:379:20:CLOCK_DisableClock	16	static
C:/Users/jackson.lewandowski/Documents/VS Code/NXP/core/drivers/lpc_iocon_lite/fsl_iocon.h:102:22:IOCON_PinMuxSet	24	static
C:/Users/jackson.lewandowski/Documents/NXP Projects/Recirculador/pin_mux.c:39:6:BOARD_InitBootPins	8	static
C:/Users/jackson.lewandowski/Documents/NXP Projects/Recirculador/pin_mux.c:62:6:BOARD_InitPins	8	static
C:/Users/jackson.lewandowski/Documents/NXP Projects/Recirculador/pin_mux.c:89:6:BOARD_InitLEDsPins	32	static
C:/Users/jackson.lewandowski/Documents/NXP Projects/Recirculador/pin_mux.c:170:6:BOARD_InitDEBUG_UARTPins	16	static
C:/Users/jackson.lewandowski/Documents/NXP Projects/Recirculador/pin_mux.c:229:6:BOARD_InitSWD_DEBUGPins	24	static
C:/Users/jackson.lewandowski/Documents/NXP Projects/Recirculador/pin_mux.c:301:6:BOARD_InitI2CPins	16	static
C:/Users/jackson.lewandowski/Documents/NXP Projects/Recirculador/pin_mux.c:361:6:BOARD_InitBUTTONsPins	24	static
