C:/Users/jackson.lewandowski/Documents/NXP Projects/Recirculador/src/services/message_manager/message_manager.c:47:6:message_Init	24	static
C:/Users/jackson.lewandowski/Documents/NXP Projects/Recirculador/src/services/message_manager/message_manager.c:58:6:message_Delete	8	static
C:/Users/jackson.lewandowski/Documents/NXP Projects/Recirculador/src/services/message_manager/message_manager.c:64:5:message_QueueLen	8	static
C:/Users/jackson.lewandowski/Documents/NXP Projects/Recirculador/src/services/message_manager/message_manager.c:70:5:message_QueueSize	8	static
C:/Users/jackson.lewandowski/Documents/NXP Projects/Recirculador/src/services/message_manager/message_manager.c:76:5:message_New	24	static
C:/Users/jackson.lewandowski/Documents/NXP Projects/Recirculador/src/services/message_manager/message_manager.c:95:6:message_loop	16	static
