C:/Users/jackson.lewandowski/Documents/NXP Projects/Recirculador/src/services/task/task.c:41:6:isrScheduler	40	static
C:/Users/jackson.lewandowski/Documents/NXP Projects/Recirculador/src/services/task/task.c:64:6:task_schedulerInit	8	static
C:/Users/jackson.lewandowski/Documents/NXP Projects/Recirculador/src/services/task/task.c:72:6:task_vet_init	16	static
C:/Users/jackson.lewandowski/Documents/NXP Projects/Recirculador/src/services/task/task.c:79:6:task_new	40	static
C:/Users/jackson.lewandowski/Documents/NXP Projects/Recirculador/src/services/task/task.c:115:6:task_delay_ms	32	static
C:/Users/jackson.lewandowski/Documents/NXP Projects/Recirculador/src/services/task/task.c:120:6:task_delay_ms_until	32	static
C:/Users/jackson.lewandowski/Documents/NXP Projects/Recirculador/src/services/task/task.c:127:6:task_delay_ticks	32	static
C:/Users/jackson.lewandowski/Documents/NXP Projects/Recirculador/src/services/task/task.c:132:6:task_delay_ticks_until	32	static
C:/Users/jackson.lewandowski/Documents/NXP Projects/Recirculador/src/services/task/task.c:138:6:task_scheduler_pause	8	static
C:/Users/jackson.lewandowski/Documents/NXP Projects/Recirculador/src/services/task/task.c:142:6:task_scheduler_continue	8	static
