C:/Users/jackson.lewandowski/Documents/NXP Projects/Recirculador/src/services/task/task.c:40:6:isrScheduler	40	static
C:/Users/jackson.lewandowski/Documents/NXP Projects/Recirculador/src/services/task/task.c:61:6:task_schedulerInit	8	static
C:/Users/jackson.lewandowski/Documents/NXP Projects/Recirculador/src/services/task/task.c:69:6:task_vet_init	16	static
C:/Users/jackson.lewandowski/Documents/NXP Projects/Recirculador/src/services/task/task.c:76:6:task_new	40	static
C:/Users/jackson.lewandowski/Documents/NXP Projects/Recirculador/src/services/task/task.c:111:6:task_delay_ms	32	static
C:/Users/jackson.lewandowski/Documents/NXP Projects/Recirculador/src/services/task/task.c:116:6:task_delay_ms_until	32	static
C:/Users/jackson.lewandowski/Documents/NXP Projects/Recirculador/src/services/task/task.c:123:6:task_delay_ticks	32	static
C:/Users/jackson.lewandowski/Documents/NXP Projects/Recirculador/src/services/task/task.c:128:6:task_delay_ticks_until	32	static
