Archive member included to satisfy reference by file (symbol)

c:/nxp/mcuxpressoide_11.9.0_2144/ide/tools/bin/../lib/gcc/arm-none-eabi/12.3.1/thumb/v6-m/nofp\libgcc.a(_udivsi3.o)
                              CMakeFiles/new_project.elf.dir/C_/Users/jackson.lewandowski/Documents/NXP_Projects/lpcxpresso802_Recirculador/myLib/commonLib/commonLib.c.obj (__aeabi_uidiv)
c:/nxp/mcuxpressoide_11.9.0_2144/ide/tools/bin/../lib/gcc/arm-none-eabi/12.3.1/thumb/v6-m/nofp\libgcc.a(_dvmd_tls.o)
                              c:/nxp/mcuxpressoide_11.9.0_2144/ide/tools/bin/../lib/gcc/arm-none-eabi/12.3.1/thumb/v6-m/nofp\libgcc.a(_udivsi3.o) (__aeabi_idiv0)
c:/nxp/mcuxpressoide_11.9.0_2144/ide/tools/bin/../lib/gcc/arm-none-eabi/12.3.1/thumb/v6-m/nofp\libgcc.a(_arm_cmpsf2.o)
                              CMakeFiles/new_project.elf.dir/C_/Users/jackson.lewandowski/Documents/NXP_Projects/lpcxpresso802_Recirculador/myLib/myRegisters/myRegisters.c.obj (__aeabi_fcmplt)
c:/nxp/mcuxpressoide_11.9.0_2144/ide/tools/bin/../lib/gcc/arm-none-eabi/12.3.1/thumb/v6-m/nofp\libgcc.a(_aeabi_uldivmod.o)
                              CMakeFiles/new_project.elf.dir/C_/Users/jackson.lewandowski/Documents/VS_Code/NXP/core/devices/LPC802/drivers/fsl_clock.c.obj (__aeabi_uldivmod)
c:/nxp/mcuxpressoide_11.9.0_2144/ide/tools/bin/../lib/gcc/arm-none-eabi/12.3.1/thumb/v6-m/nofp\libgcc.a(_muldi3.o)
                              CMakeFiles/new_project.elf.dir/C_/Users/jackson.lewandowski/Documents/VS_Code/NXP/core/drivers/common/fsl_common_arm.c.obj (__aeabi_lmul)
c:/nxp/mcuxpressoide_11.9.0_2144/ide/tools/bin/../lib/gcc/arm-none-eabi/12.3.1/thumb/v6-m/nofp\libgcc.a(_fixunssfsi.o)
                              CMakeFiles/new_project.elf.dir/C_/Users/jackson.lewandowski/Documents/NXP_Projects/lpcxpresso802_Recirculador/myLib/commonLib/commonLib.c.obj (__aeabi_f2uiz)
c:/nxp/mcuxpressoide_11.9.0_2144/ide/tools/bin/../lib/gcc/arm-none-eabi/12.3.1/thumb/v6-m/nofp\libgcc.a(_udivmoddi4.o)
                              c:/nxp/mcuxpressoide_11.9.0_2144/ide/tools/bin/../lib/gcc/arm-none-eabi/12.3.1/thumb/v6-m/nofp\libgcc.a(_aeabi_uldivmod.o) (__udivmoddi4)
c:/nxp/mcuxpressoide_11.9.0_2144/ide/tools/bin/../lib/gcc/arm-none-eabi/12.3.1/thumb/v6-m/nofp\libgcc.a(addsf3.o)
                              CMakeFiles/new_project.elf.dir/C_/Users/jackson.lewandowski/Documents/NXP_Projects/lpcxpresso802_Recirculador/myLib/commonLib/commonLib.c.obj (__aeabi_fadd)
c:/nxp/mcuxpressoide_11.9.0_2144/ide/tools/bin/../lib/gcc/arm-none-eabi/12.3.1/thumb/v6-m/nofp\libgcc.a(eqsf2.o)
                              c:/nxp/mcuxpressoide_11.9.0_2144/ide/tools/bin/../lib/gcc/arm-none-eabi/12.3.1/thumb/v6-m/nofp\libgcc.a(_arm_cmpsf2.o) (__eqsf2)
c:/nxp/mcuxpressoide_11.9.0_2144/ide/tools/bin/../lib/gcc/arm-none-eabi/12.3.1/thumb/v6-m/nofp\libgcc.a(gesf2.o)
                              c:/nxp/mcuxpressoide_11.9.0_2144/ide/tools/bin/../lib/gcc/arm-none-eabi/12.3.1/thumb/v6-m/nofp\libgcc.a(_arm_cmpsf2.o) (__gesf2)
c:/nxp/mcuxpressoide_11.9.0_2144/ide/tools/bin/../lib/gcc/arm-none-eabi/12.3.1/thumb/v6-m/nofp\libgcc.a(lesf2.o)
                              c:/nxp/mcuxpressoide_11.9.0_2144/ide/tools/bin/../lib/gcc/arm-none-eabi/12.3.1/thumb/v6-m/nofp\libgcc.a(_arm_cmpsf2.o) (__lesf2)
c:/nxp/mcuxpressoide_11.9.0_2144/ide/tools/bin/../lib/gcc/arm-none-eabi/12.3.1/thumb/v6-m/nofp\libgcc.a(mulsf3.o)
                              CMakeFiles/new_project.elf.dir/C_/Users/jackson.lewandowski/Documents/NXP_Projects/lpcxpresso802_Recirculador/myLib/myADC/myADC.c.obj (__aeabi_fmul)
c:/nxp/mcuxpressoide_11.9.0_2144/ide/tools/bin/../lib/gcc/arm-none-eabi/12.3.1/thumb/v6-m/nofp\libgcc.a(subsf3.o)
                              c:/nxp/mcuxpressoide_11.9.0_2144/ide/tools/bin/../lib/gcc/arm-none-eabi/12.3.1/thumb/v6-m/nofp\libgcc.a(_fixunssfsi.o) (__aeabi_fsub)
c:/nxp/mcuxpressoide_11.9.0_2144/ide/tools/bin/../lib/gcc/arm-none-eabi/12.3.1/thumb/v6-m/nofp\libgcc.a(fixsfsi.o)
                              c:/nxp/mcuxpressoide_11.9.0_2144/ide/tools/bin/../lib/gcc/arm-none-eabi/12.3.1/thumb/v6-m/nofp\libgcc.a(_fixunssfsi.o) (__aeabi_f2iz)
c:/nxp/mcuxpressoide_11.9.0_2144/ide/tools/bin/../lib/gcc/arm-none-eabi/12.3.1/thumb/v6-m/nofp\libgcc.a(floatsisf.o)
                              CMakeFiles/new_project.elf.dir/C_/Users/jackson.lewandowski/Documents/NXP_Projects/lpcxpresso802_Recirculador/myLib/commonLib/commonLib.c.obj (__aeabi_i2f)
c:/nxp/mcuxpressoide_11.9.0_2144/ide/tools/bin/../lib/gcc/arm-none-eabi/12.3.1/thumb/v6-m/nofp\libgcc.a(_clzsi2.o)
                              c:/nxp/mcuxpressoide_11.9.0_2144/ide/tools/bin/../lib/gcc/arm-none-eabi/12.3.1/thumb/v6-m/nofp\libgcc.a(addsf3.o) (__clzsi2)
c:/nxp/mcuxpressoide_11.9.0_2144/ide/tools/bin/../lib/gcc/arm-none-eabi/12.3.1/thumb/v6-m/nofp\libgcc.a(_clzdi2.o)
                              c:/nxp/mcuxpressoide_11.9.0_2144/ide/tools/bin/../lib/gcc/arm-none-eabi/12.3.1/thumb/v6-m/nofp\libgcc.a(_udivmoddi4.o) (__clzdi2)
[...]
Memory Configuration

Name             Origin             Length             Attributes
m_interrupts     0x00000000         0x00000200         xr
m_crp            0x000002fc         0x00000004         xr
m_text           0x00000300         0x00003c00         xr
m_data           0x10000000         0x000007e0         rw
*default*        0x00000000         0xffffffff

Linker script and memory map

LOAD c:/nxp/mcuxpressoide_11.9.0_2144/ide/tools/bin/../lib/gcc/arm-none-eabi/12.3.1/thumb/v6-m/nofp/crti.o
LOAD c:/nxp/mcuxpressoide_11.9.0_2144/ide/tools/bin/../lib/gcc/arm-none-eabi/12.3.1/thumb/v6-m/nofp/crtbegin.o
LOAD c:/nxp/mcuxpressoide_11.9.0_2144/ide/tools/bin/../lib/gcc/arm-none-eabi/12.3.1/thumb/v6-m/nofp/crt0.o
LOAD CMakeFiles/new_project.elf.dir/C_/Users/jackson.lewandowski/Documents/NXP_Projects/lpcxpresso802_Recirculador/main.c.obj
LOAD CMakeFiles/new_project.elf.dir/C_/Users/jackson.lewandowski/Documents/VS_Code/NXP/core/boards/lpcxpresso802/board.c.obj
LOAD CMakeFiles/new_project.elf.dir/C_/Users/jackson.lewandowski/Documents/VS_Code/NXP/core/boards/lpcxpresso802/clock_config.c.obj
LOAD CMakeFiles/new_project.elf.dir/C_/Users/jackson.lewandowski/Documents/VS_Code/NXP/core/drivers/iap/fsl_iap.c.obj
LOAD CMakeFiles/new_project.elf.dir/C_/Users/jackson.lewandowski/Documents/NXP_Projects/lpcxpresso802_Recirculador/myLib/checksum/checksum.c.obj
LOAD CMakeFiles/new_project.elf.dir/C_/Users/jackson.lewandowski/Documents/NXP_Projects/lpcxpresso802_Recirculador/myLib/commonLib/commonLib.c.obj
LOAD CMakeFiles/new_project.elf.dir/C_/Users/jackson.lewandowski/Documents/NXP_Projects/lpcxpresso802_Recirculador/myLib/myADC/myADC.c.obj
LOAD CMakeFiles/new_project.elf.dir/C_/Users/jackson.lewandowski/Documents/NXP_Projects/lpcxpresso802_Recirculador/myLib/myControl/myControl.c.obj
LOAD CMakeFiles/new_project.elf.dir/C_/Users/jackson.lewandowski/Documents/NXP_Projects/lpcxpresso802_Recirculador/myLib/myFlashMemory/myFlashMemory.c.obj
LOAD CMakeFiles/new_project.elf.dir/C_/Users/jackson.lewandowski/Documents/NXP_Projects/lpcxpresso802_Recirculador/myLib/myFuncControl/myFuncControl.c.obj
LOAD CMakeFiles/new_project.elf.dir/C_/Users/jackson.lewandowski/Documents/NXP_Projects/lpcxpresso802_Recirculador/myLib/myGPIO/myGPIO.c.obj
LOAD CMakeFiles/new_project.elf.dir/C_/Users/jackson.lewandowski/Documents/NXP_Projects/lpcxpresso802_Recirculador/myLib/myI2c/myI2c.c.obj
LOAD CMakeFiles/new_project.elf.dir/C_/Users/jackson.lewandowski/Documents/NXP_Projects/lpcxpresso802_Recirculador/myLib/myInterrupt/myInterrupt.c.obj
LOAD CMakeFiles/new_project.elf.dir/C_/Users/jackson.lewandowski/Documents/NXP_Projects/lpcxpresso802_Recirculador/myLib/myLedControl/myLedControl.c.obj
LOAD CMakeFiles/new_project.elf.dir/C_/Users/jackson.lewandowski/Documents/NXP_Projects/lpcxpresso802_Recirculador/myLib/myNTC_Thermistor/myNTC_Thermistor.c.obj
LOAD CMakeFiles/new_project.elf.dir/C_/Users/jackson.lewandowski/Documents/NXP_Projects/lpcxpresso802_Recirculador/myLib/myRegisters/myRegisters.c.obj
LOAD CMakeFiles/new_project.elf.dir/C_/Users/jackson.lewandowski/Documents/VS_Code/NXP/core/utilities/misc_utilities/fsl_sbrk.c.obj
LOAD CMakeFiles/new_project.elf.dir/C_/Users/jackson.lewandowski/Documents/VS_Code/NXP/core/utilities/misc_utilities/fsl_syscall_stub.c.obj
LOAD CMakeFiles/new_project.elf.dir/C_/Users/jackson.lewandowski/Documents/VS_Code/NXP/core/devices/LPC802/gcc/startup_LPC802.S.obj
LOAD CMakeFiles/new_project.elf.dir/C_/Users/jackson.lewandowski/Documents/VS_Code/NXP/core/devices/LPC802/drivers/fsl_clock.c.obj
LOAD CMakeFiles/new_project.elf.dir/C_/Users/jackson.lewandowski/Documents/VS_Code/NXP/core/utilities/str/fsl_str.c.obj
LOAD CMakeFiles/new_project.elf.dir/C_/Users/jackson.lewandowski/Documents/VS_Code/NXP/core/utilities/debug_console_lite/fsl_debug_console.c.obj
LOAD CMakeFiles/new_project.elf.dir/C_/Users/jackson.lewandowski/Documents/VS_Code/NXP/core/devices/LPC802/drivers/fsl_power.c.obj
LOAD CMakeFiles/new_project.elf.dir/C_/Users/jackson.lewandowski/Documents/VS_Code/NXP/core/drivers/common/fsl_common.c.obj
LOAD CMakeFiles/new_project.elf.dir/C_/Users/jackson.lewandowski/Documents/VS_Code/NXP/core/drivers/common/fsl_common_arm.c.obj
LOAD CMakeFiles/new_project.elf.dir/C_/Users/jackson.lewandowski/Documents/VS_Code/NXP/core/devices/LPC802/system_LPC802.c.obj
LOAD CMakeFiles/new_project.elf.dir/C_/Users/jackson.lewandowski/Documents/VS_Code/NXP/core/utilities/assert/fsl_assert.c.obj
LOAD CMakeFiles/new_project.elf.dir/C_/Users/jackson.lewandowski/Documents/VS_Code/NXP/core/components/uart/fsl_adapter_miniusart.c.obj
LOAD CMakeFiles/new_project.elf.dir/C_/Users/jackson.lewandowski/Documents/VS_Code/NXP/core/drivers/lpc_gpio/fsl_gpio.c.obj
LOAD CMakeFiles/new_project.elf.dir/C_/Users/jackson.lewandowski/Documents/VS_Code/NXP/core/drivers/lpc_miniusart/fsl_usart.c.obj
LOAD CMakeFiles/new_project.elf.dir/C_/Users/jackson.lewandowski/Documents/VS_Code/NXP/core/devices/LPC802/drivers/fsl_reset.c.obj
LOAD CMakeFiles/new_project.elf.dir/C_/Users/jackson.lewandowski/Documents/VS_Code/NXP/core/drivers/swm/fsl_swm.c.obj
LOAD CMakeFiles/new_project.elf.dir/C_/Users/jackson.lewandowski/Documents/VS_Code/NXP/core/drivers/syscon/fsl_syscon.c.obj
START GROUP
LOAD c:/nxp/mcuxpressoide_11.9.0_2144/ide/tools/bin/../lib/gcc/arm-none-eabi/12.3.1/thumb/v6-m/nofp\libgcc.a
LOAD c:/nxp/mcuxpressoide_11.9.0_2144/ide/tools/bin/../lib/gcc/arm-none-eabi/12.3.1/thumb/v6-m/nofp\libc_nano.a
LOAD c:/nxp/mcuxpressoide_11.9.0_2144/ide/tools/bin/../lib/gcc/arm-none-eabi/12.3.1/thumb/v6-m/nofp\libm.a
LOAD c:/nxp/mcuxpressoide_11.9.0_2144/ide/tools/bin/../lib/gcc/arm-none-eabi/12.3.1/../../../../arm-none-eabi/lib/thumb/v6-m/nofp\libcr_newlib_nohost.a
END GROUP
START GROUP
LOAD c:/nxp/mcuxpressoide_11.9.0_2144/ide/tools/bin/../lib/gcc/arm-none-eabi/12.3.1/thumb/v6-m/nofp\libgcc.a
LOAD c:/nxp/mcuxpressoide_11.9.0_2144/ide/tools/bin/../lib/gcc/arm-none-eabi/12.3.1/thumb/v6-m/nofp\libg_nano.a
LOAD c:/nxp/mcuxpressoide_11.9.0_2144/ide/tools/bin/../lib/gcc/arm-none-eabi/12.3.1/thumb/v6-m/nofp\libc_nano.a
END GROUP
START GROUP
LOAD c:/nxp/mcuxpressoide_11.9.0_2144/ide/tools/bin/../lib/gcc/arm-none-eabi/12.3.1/thumb/v6-m/nofp\libgcc.a
LOAD c:/nxp/mcuxpressoide_11.9.0_2144/ide/tools/bin/../lib/gcc/arm-none-eabi/12.3.1/thumb/v6-m/nofp\libc_nano.a
LOAD c:/nxp/mcuxpressoide_11.9.0_2144/ide/tools/bin/../lib/gcc/arm-none-eabi/12.3.1/thumb/v6-m/nofp\libnosys.a
END GROUP
START GROUP
LOAD c:/nxp/mcuxpressoide_11.9.0_2144/ide/tools/bin/../lib/gcc/arm-none-eabi/12.3.1/thumb/v6-m/nofp\libgcc.a
LOAD c:/nxp/mcuxpressoide_11.9.0_2144/ide/tools/bin/../lib/gcc/arm-none-eabi/12.3.1/thumb/v6-m/nofp\libc_nano.a
LOAD c:/nxp/mcuxpressoide_11.9.0_2144/ide/tools/bin/../lib/gcc/arm-none-eabi/12.3.1/thumb/v6-m/nofp\libnosys.a
END GROUP
LOAD c:/nxp/mcuxpressoide_11.9.0_2144/ide/tools/bin/../lib/gcc/arm-none-eabi/12.3.1/thumb/v6-m/nofp/crtend.o
LOAD c:/nxp/mcuxpressoide_11.9.0_2144/ide/tools/bin/../lib/gcc/arm-none-eabi/12.3.1/thumb/v6-m/nofp/crtn.o
                0x00000040                        HEAP_SIZE = DEFINED (__heap_size__)?__heap_size__:0x40
                0x00000040                        STACK_SIZE = DEFINED (__stack_size__)?__stack_size__:0x40

.interrupts     0x00000000       0xc0
                0x00000000                        . = ALIGN (0x4)
 *(.isr_vector)
 .isr_vector    0x00000000       0xc0 CMakeFiles/new_project.elf.dir/C_/Users/jackson.lewandowski/Documents/VS_Code/NXP/core/devices/LPC802/gcc/startup_LPC802.S.obj
                0x00000000                __Vectors
                0x000000c0                        . = ALIGN (0x4)

.crp            0x000002fc        0x4
                0x000002fc                        . = ALIGN (0x4)
 *(.crp)
 .crp           0x000002fc        0x4 CMakeFiles/new_project.elf.dir/C_/Users/jackson.lewandowski/Documents/VS_Code/NXP/core/devices/LPC802/gcc/startup_LPC802.S.obj
                0x00000300                        . = ALIGN (0x4)

.text           0x00000300     0x373c
                0x00000300                        . = ALIGN (0x4)
 *(.text)
 .text          0x00000300       0x80 c:/nxp/mcuxpressoide_11.9.0_2144/ide/tools/bin/../lib/gcc/arm-none-eabi/12.3.1/thumb/v6-m/nofp/crt0.o
                0x00000300                _stack_init
                0x0000030c                _start
                0x0000030c                _mainCRTStartup
 .text          0x00000380      0x17c CMakeFiles/new_project.elf.dir/C_/Users/jackson.lewandowski/Documents/VS_Code/NXP/core/devices/LPC802/gcc/startup_LPC802.S.obj
                0x00000380                Reset_Handler
                0x000003cc                I2C0_DriverIRQHandler
                0x000003cc                Reserved37_DriverIRQHandler
                0x000003cc                ADC0_OVR_DriverIRQHandler
                0x000003cc                Reserved18_DriverIRQHandler
                0x000003cc                PIN_INT6_DriverIRQHandler
                0x000003cc                Reserved21_DriverIRQHandler
                0x000003cc                SPI0_DriverIRQHandler
                0x000003cc                CTIMER0_DriverIRQHandler
                0x000003cc                ADC0_SEQB_DriverIRQHandler
                0x000003cc                ADC0_SEQA_DriverIRQHandler
                0x000003cc                PIN_INT3_DriverIRQHandler
                0x000003cc                PIN_INT2_DriverIRQHandler
                0x000003cc                CMP_DriverIRQHandler
                0x000003cc                BOD_DriverIRQHandler
                0x000003cc                Reserved36_DriverIRQHandler
                0x000003cc                PIN_INT0_DriverIRQHandler
                0x000003cc                Reserved17_DriverIRQHandler
                0x000003cc                FLASH_DriverIRQHandler
                0x000003cc                DefaultISR
                0x000003cc                Reserved25_DriverIRQHandler
                0x000003cc                WKT_DriverIRQHandler
                0x000003cc                MRT0_DriverIRQHandler
                0x000003cc                PIN_INT4_DriverIRQHandler
                0x000003cc                PIN_INT5_DriverIRQHandler
                0x000003cc                ADC0_THCMP_DriverIRQHandler
                0x000003cc                Reserved23_DriverIRQHandler
                0x000003cc                Reserved38_DriverIRQHandler
                0x000003cc                PIN_INT7_DriverIRQHandler
                0x000003cc                Reserved22_DriverIRQHandler
                0x000003cc                PIN_INT1_DriverIRQHandler
                0x000003cc                WDT_DriverIRQHandler
                0x000003d0                NMI_Handler
                0x000003d4                HardFault_Handler
                0x000003d8                SVC_Handler
                0x000003dc                PendSV_Handler
                0x000003e4                SPI0_IRQHandler
                0x000003e8                Reserved17_IRQHandler
                0x000003ec                Reserved18_IRQHandler
                0x000003f0                USART0_IRQHandler
                0x000003f4                USART1_IRQHandler
                0x000003f8                Reserved21_IRQHandler
                0x000003fc                Reserved22_IRQHandler
                0x00000400                Reserved23_IRQHandler
                0x00000404                I2C0_IRQHandler
                0x00000408                Reserved25_IRQHandler
                0x00000410                CMP_IRQHandler
                0x00000414                WDT_IRQHandler
                0x00000418                BOD_IRQHandler
                0x0000041c                FLASH_IRQHandler
                0x00000420                WKT_IRQHandler
                0x00000424                ADC0_SEQA_IRQHandler
                0x00000428                ADC0_SEQB_IRQHandler
                0x0000042c                ADC0_THCMP_IRQHandler
                0x00000430                ADC0_OVR_IRQHandler
                0x00000434                Reserved36_IRQHandler
                0x00000438                Reserved37_IRQHandler
                0x0000043c                Reserved38_IRQHandler
                0x00000440                CTIMER0_IRQHandler
 .text          0x000004fc      0x114 c:/nxp/mcuxpressoide_11.9.0_2144/ide/tools/bin/../lib/gcc/arm-none-eabi/12.3.1/thumb/v6-m/nofp\libgcc.a(_udivsi3.o)
                0x000004fc                __aeabi_uidiv
                0x000004fc                __udivsi3
                0x00000608                __aeabi_uidivmod
 .text          0x00000610        0x4 c:/nxp/mcuxpressoide_11.9.0_2144/ide/tools/bin/../lib/gcc/arm-none-eabi/12.3.1/thumb/v6-m/nofp\libgcc.a(_dvmd_tls.o)
                0x00000610                __aeabi_idiv0
                0x00000610                __aeabi_ldiv0
 .text          0x00000614       0x74 c:/nxp/mcuxpressoide_11.9.0_2144/ide/tools/bin/../lib/gcc/arm-none-eabi/12.3.1/thumb/v6-m/nofp\libgcc.a(_arm_cmpsf2.o)
                0x00000614                __aeabi_cfrcmple
                0x0000061c                __aeabi_cfcmpeq
                0x0000061c                __aeabi_cfcmple
                0x0000062c                __aeabi_fcmpeq
                0x00000638                __aeabi_fcmplt
                0x0000064c                __aeabi_fcmple
                0x00000660                __aeabi_fcmpgt
                0x00000674                __aeabi_fcmpge
 .text          0x00000688       0x3c c:/nxp/mcuxpressoide_11.9.0_2144/ide/tools/bin/../lib/gcc/arm-none-eabi/12.3.1/thumb/v6-m/nofp\libgcc.a(_clzsi2.o)
                0x00000688                __clzsi2
 *(.text*)
 .text.deregister_tm_clones
                0x000006c4       0x20 c:/nxp/mcuxpressoide_11.9.0_2144/ide/tools/bin/../lib/gcc/arm-none-eabi/12.3.1/thumb/v6-m/nofp/crtbegin.o
 .text.register_tm_clones
                0x000006e4       0x28 c:/nxp/mcuxpressoide_11.9.0_2144/ide/tools/bin/../lib/gcc/arm-none-eabi/12.3.1/thumb/v6-m/nofp/crtbegin.o
 .text.__do_global_dtors_aux
                0x0000070c       0x2c c:/nxp/mcuxpressoide_11.9.0_2144/ide/tools/bin/../lib/gcc/arm-none-eabi/12.3.1/thumb/v6-m/nofp/crtbegin.o
 .text.frame_dummy
                0x00000738       0x24 c:/nxp/mcuxpressoide_11.9.0_2144/ide/tools/bin/../lib/gcc/arm-none-eabi/12.3.1/thumb/v6-m/nofp/crtbegin.o
 .text.setup    0x0000075c       0xf4 CMakeFiles/new_project.elf.dir/C_/Users/jackson.lewandowski/Documents/NXP_Projects/lpcxpresso802_Recirculador/main.c.obj
                0x0000075c                setup
 .text.main     0x00000850       0x8c CMakeFiles/new_project.elf.dir/C_/Users/jackson.lewandowski/Documents/NXP_Projects/lpcxpresso802_Recirculador/main.c.obj
                0x00000850                main
 .text.isrBotoeira
                0x000008dc       0x4c CMakeFiles/new_project.elf.dir/C_/Users/jackson.lewandowski/Documents/NXP_Projects/lpcxpresso802_Recirculador/main.c.obj
                0x000008dc                isrBotoeira
 .text.isrFlow  0x00000928       0x64 CMakeFiles/new_project.elf.dir/C_/Users/jackson.lewandowski/Documents/NXP_Projects/lpcxpresso802_Recirculador/main.c.obj
                0x00000928                isrFlow
 .text.isrSysTick
                0x0000098c       0x26 CMakeFiles/new_project.elf.dir/C_/Users/jackson.lewandowski/Documents/NXP_Projects/lpcxpresso802_Recirculador/main.c.obj
                0x0000098c                isrSysTick
 *fill*         0x000009b2        0x2 
 .text.getTemp  0x000009b4       0x60 CMakeFiles/new_project.elf.dir/C_/Users/jackson.lewandowski/Documents/NXP_Projects/lpcxpresso802_Recirculador/main.c.obj
                0x000009b4                getTemp
 .text.MODBUS_CRC16
                0x00000a14       0x70 CMakeFiles/new_project.elf.dir/C_/Users/jackson.lewandowski/Documents/NXP_Projects/lpcxpresso802_Recirculador/myLib/checksum/checksum.c.obj
                0x00000a14                MODBUS_CRC16
 .text.CHECK_CRC16
                0x00000a84       0x5c CMakeFiles/new_project.elf.dir/C_/Users/jackson.lewandowski/Documents/NXP_Projects/lpcxpresso802_Recirculador/myLib/checksum/checksum.c.obj
                0x00000a84                CHECK_CRC16
 .text.initRegisters
                0x00000ae0      0x2c4 CMakeFiles/new_project.elf.dir/C_/Users/jackson.lewandowski/Documents/NXP_Projects/lpcxpresso802_Recirculador/myLib/commonLib/commonLib.c.obj
                0x00000ae0                initRegisters
 .text._getBool
                0x00000da4      0x1ac CMakeFiles/new_project.elf.dir/C_/Users/jackson.lewandowski/Documents/NXP_Projects/lpcxpresso802_Recirculador/myLib/commonLib/commonLib.c.obj
                0x00000da4                _getBool
 .text._getShort
                0x00000f50      0x16c CMakeFiles/new_project.elf.dir/C_/Users/jackson.lewandowski/Documents/NXP_Projects/lpcxpresso802_Recirculador/myLib/commonLib/commonLib.c.obj
                0x00000f50                _getShort
 .text._getInt  0x000010bc      0x16c CMakeFiles/new_project.elf.dir/C_/Users/jackson.lewandowski/Documents/NXP_Projects/lpcxpresso802_Recirculador/myLib/commonLib/commonLib.c.obj
                0x000010bc                _getInt
 .text._getFloat
                0x00001228      0x168 CMakeFiles/new_project.elf.dir/C_/Users/jackson.lewandowski/Documents/NXP_Projects/lpcxpresso802_Recirculador/myLib/commonLib/commonLib.c.obj
                0x00001228                _getFloat
 .text.getBooleanRegisters
                0x00001390      0x1e4 CMakeFiles/new_project.elf.dir/C_/Users/jackson.lewandowski/Documents/NXP_Projects/lpcxpresso802_Recirculador/myLib/commonLib/commonLib.c.obj
                0x00001390                getBooleanRegisters
 .text.getNumericRegisters
                0x00001574      0x100 CMakeFiles/new_project.elf.dir/C_/Users/jackson.lewandowski/Documents/NXP_Projects/lpcxpresso802_Recirculador/myLib/commonLib/commonLib.c.obj
                0x00001574                getNumericRegisters
 .text.setBooleanRegister
                0x00001674       0x16 CMakeFiles/new_project.elf.dir/C_/Users/jackson.lewandowski/Documents/NXP_Projects/lpcxpresso802_Recirculador/myLib/commonLib/commonLib.c.obj
                0x00001674                setBooleanRegister
 .text.setNumericRegister
                0x0000168a       0x16 CMakeFiles/new_project.elf.dir/C_/Users/jackson.lewandowski/Documents/NXP_Projects/lpcxpresso802_Recirculador/myLib/commonLib/commonLib.c.obj
                0x0000168a                setNumericRegister
 .text.setBooleanRegisters
                0x000016a0       0x16 CMakeFiles/new_project.elf.dir/C_/Users/jackson.lewandowski/Documents/NXP_Projects/lpcxpresso802_Recirculador/myLib/commonLib/commonLib.c.obj
                0x000016a0                setBooleanRegisters
 .text.setNumericRegisters
                0x000016b6       0x16 CMakeFiles/new_project.elf.dir/C_/Users/jackson.lewandowski/Documents/NXP_Projects/lpcxpresso802_Recirculador/myLib/commonLib/commonLib.c.obj
                0x000016b6                setNumericRegisters
 .text.processMessage
                0x000016cc       0xac CMakeFiles/new_project.elf.dir/C_/Users/jackson.lewandowski/Documents/NXP_Projects/lpcxpresso802_Recirculador/myLib/commonLib/commonLib.c.obj
                0x000016cc                processMessage
 .text.setBoolWithAddr
                0x00001778       0x54 CMakeFiles/new_project.elf.dir/C_/Users/jackson.lewandowski/Documents/NXP_Projects/lpcxpresso802_Recirculador/myLib/commonLib/commonLib.c.obj
                0x00001778                setBoolWithAddr
 .text.setFloatWithAddr
                0x000017cc       0x50 CMakeFiles/new_project.elf.dir/C_/Users/jackson.lewandowski/Documents/NXP_Projects/lpcxpresso802_Recirculador/myLib/commonLib/commonLib.c.obj
                0x000017cc                setFloatWithAddr
 .text.delay_us
                0x0000181c       0x3e CMakeFiles/new_project.elf.dir/C_/Users/jackson.lewandowski/Documents/NXP_Projects/lpcxpresso802_Recirculador/myLib/commonLib/commonLib.c.obj
                0x0000181c                delay_us
 *fill*         0x0000185a        0x6 
 .text.setClock30M
                0x00001860       0x3c CMakeFiles/new_project.elf.dir/C_/Users/jackson.lewandowski/Documents/NXP_Projects/lpcxpresso802_Recirculador/myLib/commonLib/commonLib.c.obj
                0x00001860                setClock30M
 .text.copyBoolToPChar
                0x0000189c       0xda CMakeFiles/new_project.elf.dir/C_/Users/jackson.lewandowski/Documents/NXP_Projects/lpcxpresso802_Recirculador/myLib/commonLib/commonLib.c.obj
                0x0000189c                copyBoolToPChar
 .text.copyFloatToPChar
                0x00001976       0x70 CMakeFiles/new_project.elf.dir/C_/Users/jackson.lewandowski/Documents/NXP_Projects/lpcxpresso802_Recirculador/myLib/commonLib/commonLib.c.obj
                0x00001976                copyFloatToPChar
 .text.copyPCharToShort
                0x000019e6       0xce CMakeFiles/new_project.elf.dir/C_/Users/jackson.lewandowski/Documents/NXP_Projects/lpcxpresso802_Recirculador/myLib/commonLib/commonLib.c.obj
                0x000019e6                copyPCharToShort
 .text.readADC  0x00001ab4       0x8c CMakeFiles/new_project.elf.dir/C_/Users/jackson.lewandowski/Documents/NXP_Projects/lpcxpresso802_Recirculador/myLib/myADC/myADC.c.obj
                0x00001ab4                readADC
 .text.readMiliVolts
                0x00001b40       0x30 CMakeFiles/new_project.elf.dir/C_/Users/jackson.lewandowski/Documents/NXP_Projects/lpcxpresso802_Recirculador/myLib/myADC/myADC.c.obj
                0x00001b40                readMiliVolts
 .text.adcBegin
                0x00001b70       0x7c CMakeFiles/new_project.elf.dir/C_/Users/jackson.lewandowski/Documents/NXP_Projects/lpcxpresso802_Recirculador/myLib/myADC/myADC.c.obj
                0x00001b70                adcBegin
 .text.newADC   0x00001bec       0xa8 CMakeFiles/new_project.elf.dir/C_/Users/jackson.lewandowski/Documents/NXP_Projects/lpcxpresso802_Recirculador/myLib/myADC/myADC.c.obj
                0x00001bec                newADC
 .text.iap_initFlash
                0x00001c94       0x3c CMakeFiles/new_project.elf.dir/C_/Users/jackson.lewandowski/Documents/NXP_Projects/lpcxpresso802_Recirculador/myLib/myFlashMemory/myFlashMemory.c.obj
                0x00001c94                iap_initFlash
 .text.iap_readChar
                0x00001cd0       0x1c CMakeFiles/new_project.elf.dir/C_/Users/jackson.lewandowski/Documents/NXP_Projects/lpcxpresso802_Recirculador/myLib/myFlashMemory/myFlashMemory.c.obj
                0x00001cd0                iap_readChar
 .text.portBegin
                0x00001cec       0x48 CMakeFiles/new_project.elf.dir/C_/Users/jackson.lewandowski/Documents/NXP_Projects/lpcxpresso802_Recirculador/myLib/myGPIO/myGPIO.c.obj
                0x00001cec                portBegin
 .text.setInputPin
                0x00001d34       0x44 CMakeFiles/new_project.elf.dir/C_/Users/jackson.lewandowski/Documents/NXP_Projects/lpcxpresso802_Recirculador/myLib/myGPIO/myGPIO.c.obj
                0x00001d34                setInputPin
 .text.readInputPin
                0x00001d78       0x26 CMakeFiles/new_project.elf.dir/C_/Users/jackson.lewandowski/Documents/NXP_Projects/lpcxpresso802_Recirculador/myLib/myGPIO/myGPIO.c.obj
                0x00001d78                readInputPin
 *fill*         0x00001d9e        0x2 
 .text.setOutputPin
                0x00001da0       0x44 CMakeFiles/new_project.elf.dir/C_/Users/jackson.lewandowski/Documents/NXP_Projects/lpcxpresso802_Recirculador/myLib/myGPIO/myGPIO.c.obj
                0x00001da0                setOutputPin
 .text.setPin   0x00001de4       0x26 CMakeFiles/new_project.elf.dir/C_/Users/jackson.lewandowski/Documents/NXP_Projects/lpcxpresso802_Recirculador/myLib/myGPIO/myGPIO.c.obj
                0x00001de4                setPin
 .text.clearPin
                0x00001e0a       0x26 CMakeFiles/new_project.elf.dir/C_/Users/jackson.lewandowski/Documents/NXP_Projects/lpcxpresso802_Recirculador/myLib/myGPIO/myGPIO.c.obj
                0x00001e0a                clearPin
 .text.changePin
                0x00001e30       0x26 CMakeFiles/new_project.elf.dir/C_/Users/jackson.lewandowski/Documents/NXP_Projects/lpcxpresso802_Recirculador/myLib/myGPIO/myGPIO.c.obj
                0x00001e30                changePin
 *fill*         0x00001e56        0x2 
 .text.__NVIC_DisableIRQ
                0x00001e58       0x44 CMakeFiles/new_project.elf.dir/C_/Users/jackson.lewandowski/Documents/NXP_Projects/lpcxpresso802_Recirculador/myLib/myI2c/myI2c.c.obj
 .text.i2cBeginSlave
                0x00001e9c       0xd0 CMakeFiles/new_project.elf.dir/C_/Users/jackson.lewandowski/Documents/NXP_Projects/lpcxpresso802_Recirculador/myLib/myI2c/myI2c.c.obj
                0x00001e9c                i2cBeginSlave
 .text.WaitI2cSlaveState
                0x00001f6c       0x40 CMakeFiles/new_project.elf.dir/C_/Users/jackson.lewandowski/Documents/NXP_Projects/lpcxpresso802_Recirculador/myLib/myI2c/myI2c.c.obj
                0x00001f6c                WaitI2cSlaveState
 .text.readI2c_slave
                0x00001fac       0x5c CMakeFiles/new_project.elf.dir/C_/Users/jackson.lewandowski/Documents/NXP_Projects/lpcxpresso802_Recirculador/myLib/myI2c/myI2c.c.obj
                0x00001fac                readI2c_slave
 .text.sendI2c_slave
                0x00002008      0x170 CMakeFiles/new_project.elf.dir/C_/Users/jackson.lewandowski/Documents/NXP_Projects/lpcxpresso802_Recirculador/myLib/myI2c/myI2c.c.obj
                0x00002008                sendI2c_slave
 .text.__NVIC_EnableIRQ
                0x00002178       0x34 CMakeFiles/new_project.elf.dir/C_/Users/jackson.lewandowski/Documents/NXP_Projects/lpcxpresso802_Recirculador/myLib/myInterrupt/myInterrupt.c.obj
 .text.__NVIC_DisableIRQ
                0x000021ac       0x44 CMakeFiles/new_project.elf.dir/C_/Users/jackson.lewandowski/Documents/NXP_Projects/lpcxpresso802_Recirculador/myLib/myInterrupt/myInterrupt.c.obj
 .text.__NVIC_SetPriority
                0x000021f0       0xdc CMakeFiles/new_project.elf.dir/C_/Users/jackson.lewandowski/Documents/NXP_Projects/lpcxpresso802_Recirculador/myLib/myInterrupt/myInterrupt.c.obj
 .text.SysTick_Config
                0x000022cc       0x48 CMakeFiles/new_project.elf.dir/C_/Users/jackson.lewandowski/Documents/NXP_Projects/lpcxpresso802_Recirculador/myLib/myInterrupt/myInterrupt.c.obj
 .text.setInterrupt
                0x00002314      0x1ac CMakeFiles/new_project.elf.dir/C_/Users/jackson.lewandowski/Documents/NXP_Projects/lpcxpresso802_Recirculador/myLib/myInterrupt/myInterrupt.c.obj
                0x00002314                setInterrupt
 .text.PIN_INT0_IRQHandler
                0x000024c0       0x34 CMakeFiles/new_project.elf.dir/C_/Users/jackson.lewandowski/Documents/NXP_Projects/lpcxpresso802_Recirculador/myLib/myInterrupt/myInterrupt.c.obj
                0x000024c0                PIN_INT0_IRQHandler
 .text.PIN_INT1_IRQHandler
                0x000024f4       0x34 CMakeFiles/new_project.elf.dir/C_/Users/jackson.lewandowski/Documents/NXP_Projects/lpcxpresso802_Recirculador/myLib/myInterrupt/myInterrupt.c.obj
                0x000024f4                PIN_INT1_IRQHandler
 .text.PIN_INT2_IRQHandler
                0x00002528       0x34 CMakeFiles/new_project.elf.dir/C_/Users/jackson.lewandowski/Documents/NXP_Projects/lpcxpresso802_Recirculador/myLib/myInterrupt/myInterrupt.c.obj
                0x00002528                PIN_INT2_IRQHandler
 .text.PIN_INT3_IRQHandler
                0x0000255c       0x34 CMakeFiles/new_project.elf.dir/C_/Users/jackson.lewandowski/Documents/NXP_Projects/lpcxpresso802_Recirculador/myLib/myInterrupt/myInterrupt.c.obj
                0x0000255c                PIN_INT3_IRQHandler
 .text.PIN_INT4_IRQHandler
                0x00002590       0x34 CMakeFiles/new_project.elf.dir/C_/Users/jackson.lewandowski/Documents/NXP_Projects/lpcxpresso802_Recirculador/myLib/myInterrupt/myInterrupt.c.obj
                0x00002590                PIN_INT4_IRQHandler
 .text.PIN_INT5_IRQHandler
                0x000025c4       0x34 CMakeFiles/new_project.elf.dir/C_/Users/jackson.lewandowski/Documents/NXP_Projects/lpcxpresso802_Recirculador/myLib/myInterrupt/myInterrupt.c.obj
                0x000025c4                PIN_INT5_IRQHandler
 .text.PIN_INT6_IRQHandler
                0x000025f8       0x34 CMakeFiles/new_project.elf.dir/C_/Users/jackson.lewandowski/Documents/NXP_Projects/lpcxpresso802_Recirculador/myLib/myInterrupt/myInterrupt.c.obj
                0x000025f8                PIN_INT6_IRQHandler
 .text.PIN_INT7_IRQHandler
                0x0000262c       0x34 CMakeFiles/new_project.elf.dir/C_/Users/jackson.lewandowski/Documents/NXP_Projects/lpcxpresso802_Recirculador/myLib/myInterrupt/myInterrupt.c.obj
                0x0000262c                PIN_INT7_IRQHandler
 .text.MRT0_IRQHandler
                0x00002660       0x4c CMakeFiles/new_project.elf.dir/C_/Users/jackson.lewandowski/Documents/NXP_Projects/lpcxpresso802_Recirculador/myLib/myInterrupt/myInterrupt.c.obj
                0x00002660                MRT0_IRQHandler
 .text.SysTickBegin
                0x000026ac       0x98 CMakeFiles/new_project.elf.dir/C_/Users/jackson.lewandowski/Documents/NXP_Projects/lpcxpresso802_Recirculador/myLib/myInterrupt/myInterrupt.c.obj
                0x000026ac                SysTickBegin
 .text.SysTickBeginISR
                0x00002744       0x50 CMakeFiles/new_project.elf.dir/C_/Users/jackson.lewandowski/Documents/NXP_Projects/lpcxpresso802_Recirculador/myLib/myInterrupt/myInterrupt.c.obj
                0x00002744                SysTickBeginISR
 .text.SysTickGetTicks
                0x00002794       0x14 CMakeFiles/new_project.elf.dir/C_/Users/jackson.lewandowski/Documents/NXP_Projects/lpcxpresso802_Recirculador/myLib/myInterrupt/myInterrupt.c.obj
                0x00002794                SysTickGetTicks
 .text.SysTick_Handler
                0x000027a8       0x2c CMakeFiles/new_project.elf.dir/C_/Users/jackson.lewandowski/Documents/NXP_Projects/lpcxpresso802_Recirculador/myLib/myInterrupt/myInterrupt.c.obj
                0x000027a8                SysTick_Handler
 .text.SysTickGetTime_ms
                0x000027d4       0x28 CMakeFiles/new_project.elf.dir/C_/Users/jackson.lewandowski/Documents/NXP_Projects/lpcxpresso802_Recirculador/myLib/myInterrupt/myInterrupt.c.obj
                0x000027d4                SysTickGetTime_ms
 .text.newThermistor
                0x000027fc       0x3a CMakeFiles/new_project.elf.dir/C_/Users/jackson.lewandowski/Documents/NXP_Projects/lpcxpresso802_Recirculador/myLib/myNTC_Thermistor/myNTC_Thermistor.c.obj
                0x000027fc                newThermistor
 .text.readTemp_celcius
                0x00002836       0x1a CMakeFiles/new_project.elf.dir/C_/Users/jackson.lewandowski/Documents/NXP_Projects/lpcxpresso802_Recirculador/myLib/myNTC_Thermistor/myNTC_Thermistor.c.obj
                0x00002836                readTemp_celcius
 .text.initBoolReg
                0x00002850       0x30 CMakeFiles/new_project.elf.dir/C_/Users/jackson.lewandowski/Documents/NXP_Projects/lpcxpresso802_Recirculador/myLib/myRegisters/myRegisters.c.obj
                0x00002850                initBoolReg
 .text.initShortReg
                0x00002880       0x4e CMakeFiles/new_project.elf.dir/C_/Users/jackson.lewandowski/Documents/NXP_Projects/lpcxpresso802_Recirculador/myLib/myRegisters/myRegisters.c.obj
                0x00002880                initShortReg
 .text.initIntReg
                0x000028ce       0x32 CMakeFiles/new_project.elf.dir/C_/Users/jackson.lewandowski/Documents/NXP_Projects/lpcxpresso802_Recirculador/myLib/myRegisters/myRegisters.c.obj
                0x000028ce                initIntReg
 .text.initFloatReg
                0x00002900       0x32 CMakeFiles/new_project.elf.dir/C_/Users/jackson.lewandowski/Documents/NXP_Projects/lpcxpresso802_Recirculador/myLib/myRegisters/myRegisters.c.obj
                0x00002900                initFloatReg
 .text.getBoolRegister
                0x00002932       0x14 CMakeFiles/new_project.elf.dir/C_/Users/jackson.lewandowski/Documents/NXP_Projects/lpcxpresso802_Recirculador/myLib/myRegisters/myRegisters.c.obj
                0x00002932                getBoolRegister
 .text.getShortRegister
                0x00002946       0x16 CMakeFiles/new_project.elf.dir/C_/Users/jackson.lewandowski/Documents/NXP_Projects/lpcxpresso802_Recirculador/myLib/myRegisters/myRegisters.c.obj
                0x00002946                getShortRegister
 .text.getIntRegister
                0x0000295c       0x14 CMakeFiles/new_project.elf.dir/C_/Users/jackson.lewandowski/Documents/NXP_Projects/lpcxpresso802_Recirculador/myLib/myRegisters/myRegisters.c.obj
                0x0000295c                getIntRegister
 .text.getFloatRegister
                0x00002970       0x14 CMakeFiles/new_project.elf.dir/C_/Users/jackson.lewandowski/Documents/NXP_Projects/lpcxpresso802_Recirculador/myLib/myRegisters/myRegisters.c.obj
                0x00002970                getFloatRegister
 .text._sbrk    0x00002984       0x68 CMakeFiles/new_project.elf.dir/C_/Users/jackson.lewandowski/Documents/VS_Code/NXP/core/utilities/misc_utilities/fsl_sbrk.c.obj
                0x00002984                _sbrk
 .text.SystemInit
                0x000029ec       0x2c CMakeFiles/new_project.elf.dir/C_/Users/jackson.lewandowski/Documents/VS_Code/NXP/core/devices/LPC802/system_LPC802.c.obj
                0x000029ec                SystemInit
 .text.SystemInitHook
                0x00002a18        0xa CMakeFiles/new_project.elf.dir/C_/Users/jackson.lewandowski/Documents/VS_Code/NXP/core/devices/LPC802/system_LPC802.c.obj
                0x00002a18                SystemInitHook
 *fill*         0x00002a22        0x2 
 .text.USART0_DriverIRQHandler
                0x00002a24       0x24 CMakeFiles/new_project.elf.dir/C_/Users/jackson.lewandowski/Documents/VS_Code/NXP/core/drivers/lpc_miniusart/fsl_usart.c.obj
                0x00002a24                USART0_DriverIRQHandler
 .text.USART1_DriverIRQHandler
                0x00002a48       0x24 CMakeFiles/new_project.elf.dir/C_/Users/jackson.lewandowski/Documents/VS_Code/NXP/core/drivers/lpc_miniusart/fsl_usart.c.obj
                0x00002a48                USART1_DriverIRQHandler
 .text.__fixunssfsi
                0x00002a6c       0x30 c:/nxp/mcuxpressoide_11.9.0_2144/ide/tools/bin/../lib/gcc/arm-none-eabi/12.3.1/thumb/v6-m/nofp\libgcc.a(_fixunssfsi.o)
                0x00002a6c                __fixunssfsi
                0x00002a6c                __aeabi_f2uiz
 .text.__eqsf2  0x00002a9c       0x50 c:/nxp/mcuxpressoide_11.9.0_2144/ide/tools/bin/../lib/gcc/arm-none-eabi/12.3.1/thumb/v6-m/nofp\libgcc.a(eqsf2.o)
                0x00002a9c                __eqsf2
                0x00002a9c                __nesf2
 .text.__gesf2  0x00002aec       0xa0 c:/nxp/mcuxpressoide_11.9.0_2144/ide/tools/bin/../lib/gcc/arm-none-eabi/12.3.1/thumb/v6-m/nofp\libgcc.a(gesf2.o)
                0x00002aec                __gesf2
                0x00002aec                __gtsf2
 .text.__lesf2  0x00002b8c       0x9c c:/nxp/mcuxpressoide_11.9.0_2144/ide/tools/bin/../lib/gcc/arm-none-eabi/12.3.1/thumb/v6-m/nofp\libgcc.a(lesf2.o)
                0x00002b8c                __ltsf2
                0x00002b8c                __lesf2
 .text.__aeabi_fmul
                0x00002c28      0x27c c:/nxp/mcuxpressoide_11.9.0_2144/ide/tools/bin/../lib/gcc/arm-none-eabi/12.3.1/thumb/v6-m/nofp\libgcc.a(mulsf3.o)
                0x00002c28                __aeabi_fmul
 .text.__aeabi_fsub
                0x00002ea4      0x348 c:/nxp/mcuxpressoide_11.9.0_2144/ide/tools/bin/../lib/gcc/arm-none-eabi/12.3.1/thumb/v6-m/nofp\libgcc.a(subsf3.o)
                0x00002ea4                __aeabi_fsub
 .text.__aeabi_f2iz
                0x000031ec       0x40 c:/nxp/mcuxpressoide_11.9.0_2144/ide/tools/bin/../lib/gcc/arm-none-eabi/12.3.1/thumb/v6-m/nofp\libgcc.a(fixsfsi.o)
                0x000031ec                __aeabi_f2iz
 .text.__aeabi_i2f
                0x0000322c       0x98 c:/nxp/mcuxpressoide_11.9.0_2144/ide/tools/bin/../lib/gcc/arm-none-eabi/12.3.1/thumb/v6-m/nofp\libgcc.a(floatsisf.o)
                0x0000322c                __aeabi_i2f
 .text.exit     0x000032c4       0x28 c:/nxp/mcuxpressoide_11.9.0_2144/ide/tools/bin/../lib/gcc/arm-none-eabi/12.3.1/thumb/v6-m/nofp\libc_nano.a(libc_a-exit.o)
                0x000032c4                exit
 .text.malloc   0x000032ec       0x14 c:/nxp/mcuxpressoide_11.9.0_2144/ide/tools/bin/../lib/gcc/arm-none-eabi/12.3.1/thumb/v6-m/nofp\libc_nano.a(libc_a-malloc.o)
                0x000032ec                malloc
 .text.sbrk_aligned
                0x00003300       0x44 c:/nxp/mcuxpressoide_11.9.0_2144/ide/tools/bin/../lib/gcc/arm-none-eabi/12.3.1/thumb/v6-m/nofp\libc_nano.a(libc_a-mallocr.o)
 .text._malloc_r
                0x00003344      0x100 c:/nxp/mcuxpressoide_11.9.0_2144/ide/tools/bin/../lib/gcc/arm-none-eabi/12.3.1/thumb/v6-m/nofp\libc_nano.a(libc_a-mallocr.o)
                0x00003344                _malloc_r
 .text.__malloc_lock
                0x00003444       0x10 c:/nxp/mcuxpressoide_11.9.0_2144/ide/tools/bin/../lib/gcc/arm-none-eabi/12.3.1/thumb/v6-m/nofp\libc_nano.a(libc_a-mlock.o)
                0x00003444                __malloc_lock
 .text.__malloc_unlock
                0x00003454       0x10 c:/nxp/mcuxpressoide_11.9.0_2144/ide/tools/bin/../lib/gcc/arm-none-eabi/12.3.1/thumb/v6-m/nofp\libc_nano.a(libc_a-mlock.o)
                0x00003454                __malloc_unlock
 .text.memset   0x00003464       0x10 c:/nxp/mcuxpressoide_11.9.0_2144/ide/tools/bin/../lib/gcc/arm-none-eabi/12.3.1/thumb/v6-m/nofp\libc_nano.a(libc_a-memset.o)
                0x00003464                memset
 .text._sbrk_r  0x00003474       0x24 c:/nxp/mcuxpressoide_11.9.0_2144/ide/tools/bin/../lib/gcc/arm-none-eabi/12.3.1/thumb/v6-m/nofp\libc_nano.a(libc_a-sbrkr.o)
                0x00003474                _sbrk_r
 .text.__errno  0x00003498        0xc c:/nxp/mcuxpressoide_11.9.0_2144/ide/tools/bin/../lib/gcc/arm-none-eabi/12.3.1/thumb/v6-m/nofp\libc_nano.a(libc_a-errno.o)
                0x00003498                __errno
 .text.__libc_init_array
                0x000034a4       0x48 c:/nxp/mcuxpressoide_11.9.0_2144/ide/tools/bin/../lib/gcc/arm-none-eabi/12.3.1/thumb/v6-m/nofp\libc_nano.a(libc_a-init.o)
                0x000034a4                __libc_init_array
 .text.__retarget_lock_acquire_recursive
                0x000034ec        0x2 c:/nxp/mcuxpressoide_11.9.0_2144/ide/tools/bin/../lib/gcc/arm-none-eabi/12.3.1/thumb/v6-m/nofp\libc_nano.a(libc_a-lock.o)
                0x000034ec                __retarget_lock_acquire_recursive
 .text.__retarget_lock_release_recursive
                0x000034ee        0x2 c:/nxp/mcuxpressoide_11.9.0_2144/ide/tools/bin/../lib/gcc/arm-none-eabi/12.3.1/thumb/v6-m/nofp\libc_nano.a(libc_a-lock.o)
                0x000034ee                __retarget_lock_release_recursive
 .text.memcpy   0x000034f0       0x12 c:/nxp/mcuxpressoide_11.9.0_2144/ide/tools/bin/../lib/gcc/arm-none-eabi/12.3.1/thumb/v6-m/nofp\libc_nano.a(libc_a-memcpy-stub.o)
                0x000034f0                memcpy
 .text._exit    0x00003502        0x2 c:/nxp/mcuxpressoide_11.9.0_2144/ide/tools/bin/../lib/gcc/arm-none-eabi/12.3.1/../../../../arm-none-eabi/lib/thumb/v6-m/nofp\libcr_newlib_nohost.a(_exit.o)
                0x00003502                _exit
 *(.rodata)
 *(.rodata*)
 .rodata.NTC_10K_3380_VET
                0x00003504      0x2d4 CMakeFiles/new_project.elf.dir/C_/Users/jackson.lewandowski/Documents/NXP_Projects/lpcxpresso802_Recirculador/main.c.obj
                0x00003504                NTC_10K_3380_VET
 .rodata.table.0
                0x000037d8      0x200 CMakeFiles/new_project.elf.dir/C_/Users/jackson.lewandowski/Documents/NXP_Projects/lpcxpresso802_Recirculador/myLib/checksum/checksum.c.obj
 .rodata.processMessage
                0x000039d8       0x44 CMakeFiles/new_project.elf.dir/C_/Users/jackson.lewandowski/Documents/NXP_Projects/lpcxpresso802_Recirculador/myLib/commonLib/commonLib.c.obj
 .rodata.FirmwareVersion
                0x00003a1c        0x6 CMakeFiles/new_project.elf.dir/C_/Users/jackson.lewandowski/Documents/NXP_Projects/lpcxpresso802_Recirculador/myLib/commonLib/commonLib.c.obj
                0x00003a1c                FirmwareVersion
 *(.glue_7)
 .glue_7        0x00003a22        0x0 linker stubs
 *(.glue_7t)
 .glue_7t       0x00003a22        0x0 linker stubs
 *(.eh_frame)
 *fill*         0x00003a22        0x2 
 .eh_frame      0x00003a24        0x0 c:/nxp/mcuxpressoide_11.9.0_2144/ide/tools/bin/../lib/gcc/arm-none-eabi/12.3.1/thumb/v6-m/nofp/crtbegin.o
 *(.init)
 .init          0x00003a24        0x4 c:/nxp/mcuxpressoide_11.9.0_2144/ide/tools/bin/../lib/gcc/arm-none-eabi/12.3.1/thumb/v6-m/nofp/crti.o
                0x00003a24                _init
 .init          0x00003a28        0x8 c:/nxp/mcuxpressoide_11.9.0_2144/ide/tools/bin/../lib/gcc/arm-none-eabi/12.3.1/thumb/v6-m/nofp/crtn.o
 *(.fini)
 .fini          0x00003a30        0x4 c:/nxp/mcuxpressoide_11.9.0_2144/ide/tools/bin/../lib/gcc/arm-none-eabi/12.3.1/thumb/v6-m/nofp/crti.o
                0x00003a30                _fini
 .fini          0x00003a34        0x8 c:/nxp/mcuxpressoide_11.9.0_2144/ide/tools/bin/../lib/gcc/arm-none-eabi/12.3.1/thumb/v6-m/nofp/crtn.o
                0x00003a3c                        . = ALIGN (0x4)

.vfp11_veneer   0x00003a3c        0x0
 .vfp11_veneer  0x00003a3c        0x0 linker stubs

.v4_bx          0x00003a3c        0x0
 .v4_bx         0x00003a3c        0x0 linker stubs

.iplt           0x00003a3c        0x0
 .iplt          0x00003a3c        0x0 c:/nxp/mcuxpressoide_11.9.0_2144/ide/tools/bin/../lib/gcc/arm-none-eabi/12.3.1/thumb/v6-m/nofp/crtbegin.o

.ARM.extab
 *(.ARM.extab* .gnu.linkonce.armextab.*)

.ARM            0x00003a3c        0x8
                0x00003a3c                        __exidx_start = .
 *(.ARM.exidx*)
 .ARM.exidx     0x00003a3c        0x8 c:/nxp/mcuxpressoide_11.9.0_2144/ide/tools/bin/../lib/gcc/arm-none-eabi/12.3.1/thumb/v6-m/nofp/crt0.o
                                 0x10 (size before relaxing)
                0x00003a44                        __exidx_end = .

.rel.dyn        0x00003a44        0x0
 .rel.iplt      0x00003a44        0x0 c:/nxp/mcuxpressoide_11.9.0_2144/ide/tools/bin/../lib/gcc/arm-none-eabi/12.3.1/thumb/v6-m/nofp/crtbegin.o

.ctors          0x00003a44        0x0
                0x00003a44                        __CTOR_LIST__ = .
 *crtbegin.o(.ctors)
 *crtbegin?.o(.ctors)
 *(EXCLUDE_FILE(*crtend.o *crtend?.o) .ctors)
 *(SORT_BY_NAME(.ctors.*))
 *(.ctors)
                0x00003a44                        __CTOR_END__ = .

.dtors          0x00003a44        0x0
                0x00003a44                        __DTOR_LIST__ = .
 *crtbegin.o(.dtors)
 *crtbegin?.o(.dtors)
 *(EXCLUDE_FILE(*crtend.o *crtend?.o) .dtors)
 *(SORT_BY_NAME(.dtors.*))
 *(.dtors)
                0x00003a44                        __DTOR_END__ = .

.preinit_array  0x00003a44        0x0
                0x00003a44                        PROVIDE (__preinit_array_start = .)
 *(.preinit_array*)
                0x00003a44                        PROVIDE (__preinit_array_end = .)

.init_array     0x00003a44        0x8
                0x00003a44                        PROVIDE (__init_array_start = .)
 *(SORT_BY_NAME(.init_array.*))
 *(.init_array*)
 .init_array    0x00003a44        0x4 c:/nxp/mcuxpressoide_11.9.0_2144/ide/tools/bin/../lib/gcc/arm-none-eabi/12.3.1/thumb/v6-m/nofp/crtbegin.o
 .init_array    0x00003a48        0x4 CMakeFiles/new_project.elf.dir/C_/Users/jackson.lewandowski/Documents/NXP_Projects/lpcxpresso802_Recirculador/main.c.obj
                0x00003a4c                        PROVIDE (__init_array_end = .)

.fini_array     0x00003a4c        0x4
                [!provide]                        PROVIDE (__fini_array_start = .)
 *(SORT_BY_NAME(.fini_array.*))
 *(.fini_array*)
 .fini_array    0x00003a4c        0x4 c:/nxp/mcuxpressoide_11.9.0_2144/ide/tools/bin/../lib/gcc/arm-none-eabi/12.3.1/thumb/v6-m/nofp/crtbegin.o
                [!provide]                        PROVIDE (__fini_array_end = .)
                0x00003a50                        __etext = .
                0x00003a50                        __DATA_ROM = .

.data           0x10000000       0x54 load address 0x00003a50
                0x10000000                        . = ALIGN (0x4)
                0x10000000                        __DATA_RAM = .
                0x10000000                        __data_start__ = .
 *(.ramfunc*)
 *(.data)
 *(.data*)
 .data.SystemCoreClock
                0x10000000        0x4 CMakeFiles/new_project.elf.dir/C_/Users/jackson.lewandowski/Documents/VS_Code/NXP/core/devices/LPC802/system_LPC802.c.obj
                0x10000000                SystemCoreClock
 .data._impure_ptr
                0x10000004        0x4 c:/nxp/mcuxpressoide_11.9.0_2144/ide/tools/bin/../lib/gcc/arm-none-eabi/12.3.1/thumb/v6-m/nofp\libc_nano.a(libc_a-impure.o)
                0x10000004                _impure_ptr
 .data._impure_data
                0x10000008       0x4c c:/nxp/mcuxpressoide_11.9.0_2144/ide/tools/bin/../lib/gcc/arm-none-eabi/12.3.1/thumb/v6-m/nofp\libc_nano.a(libc_a-impure.o)
                0x10000008                _impure_data
 *(.jcr*)
                0x10000054                        . = ALIGN (0x4)
                0x10000054                        __data_end__ = .
                0x00003aa4                        __DATA_END = (__DATA_ROM + (__data_end__ - __data_start__))
                0x00003f00                        text_end = (ORIGIN (m_text) + LENGTH (m_text))
                0x00000001                        ASSERT ((__DATA_END <= text_end), region m_text overflowed with text and data)

.tm_clone_table
                0x10000054        0x0 load address 0x00003aa4
 .tm_clone_table
                0x10000054        0x0 c:/nxp/mcuxpressoide_11.9.0_2144/ide/tools/bin/../lib/gcc/arm-none-eabi/12.3.1/thumb/v6-m/nofp/crtbegin.o
 .tm_clone_table
                0x10000054        0x0 c:/nxp/mcuxpressoide_11.9.0_2144/ide/tools/bin/../lib/gcc/arm-none-eabi/12.3.1/thumb/v6-m/nofp/crtend.o

.igot.plt       0x10000054        0x0 load address 0x00003aa4
 .igot.plt      0x10000054        0x0 c:/nxp/mcuxpressoide_11.9.0_2144/ide/tools/bin/../lib/gcc/arm-none-eabi/12.3.1/thumb/v6-m/nofp/crtbegin.o

.bss            0x10000054      0x4ac load address 0x00003aa4
                0x10000054                        . = ALIGN (0x4)
                0x10000054                        __START_BSS = .
                0x10000054                        __bss_start__ = .
 *(.bss)
 *(.bss*)
 .bss.completed.1
                0x10000054        0x1 c:/nxp/mcuxpressoide_11.9.0_2144/ide/tools/bin/../lib/gcc/arm-none-eabi/12.3.1/thumb/v6-m/nofp/crtbegin.o
 *fill*         0x10000055        0x3 
 .bss.object.0  0x10000058       0x18 c:/nxp/mcuxpressoide_11.9.0_2144/ide/tools/bin/../lib/gcc/arm-none-eabi/12.3.1/thumb/v6-m/nofp/crtbegin.o
 .bss.temperature
                0x10000070        0x4 CMakeFiles/new_project.elf.dir/C_/Users/jackson.lewandowski/Documents/NXP_Projects/lpcxpresso802_Recirculador/main.c.obj
                0x10000070                temperature
 .bss.temperatureADC
                0x10000074        0x4 CMakeFiles/new_project.elf.dir/C_/Users/jackson.lewandowski/Documents/NXP_Projects/lpcxpresso802_Recirculador/main.c.obj
                0x10000074                temperatureADC
 .bss.timeDebounceBotoeira
                0x10000078        0x4 CMakeFiles/new_project.elf.dir/C_/Users/jackson.lewandowski/Documents/NXP_Projects/lpcxpresso802_Recirculador/main.c.obj
                0x10000078                timeDebounceBotoeira
 .bss.timeDebounceFlow
                0x1000007c        0x4 CMakeFiles/new_project.elf.dir/C_/Users/jackson.lewandowski/Documents/NXP_Projects/lpcxpresso802_Recirculador/main.c.obj
                0x1000007c                timeDebounceFlow
 .bss.ADC_MeasureCounter
                0x10000080        0x1 CMakeFiles/new_project.elf.dir/C_/Users/jackson.lewandowski/Documents/NXP_Projects/lpcxpresso802_Recirculador/main.c.obj
                0x10000080                ADC_MeasureCounter
 *fill*         0x10000081        0x3 
 .bss.BoolRegisters
                0x10000084       0x10 CMakeFiles/new_project.elf.dir/C_/Users/jackson.lewandowski/Documents/NXP_Projects/lpcxpresso802_Recirculador/myLib/commonLib/commonLib.c.obj
                0x10000084                BoolRegisters
 .bss.ShortRegisters
                0x10000094      0x138 CMakeFiles/new_project.elf.dir/C_/Users/jackson.lewandowski/Documents/NXP_Projects/lpcxpresso802_Recirculador/myLib/commonLib/commonLib.c.obj
                0x10000094                ShortRegisters
 .bss.IntRegisters
                0x100001cc       0xb0 CMakeFiles/new_project.elf.dir/C_/Users/jackson.lewandowski/Documents/NXP_Projects/lpcxpresso802_Recirculador/myLib/commonLib/commonLib.c.obj
                0x100001cc                IntRegisters
 .bss.FloatRegisters
                0x1000027c       0x50 CMakeFiles/new_project.elf.dir/C_/Users/jackson.lewandowski/Documents/NXP_Projects/lpcxpresso802_Recirculador/myLib/commonLib/commonLib.c.obj
                0x1000027c                FloatRegisters
 .bss.adcOn     0x100002cc        0x1 CMakeFiles/new_project.elf.dir/C_/Users/jackson.lewandowski/Documents/NXP_Projects/lpcxpresso802_Recirculador/myLib/myADC/myADC.c.obj
                0x100002cc                adcOn
 *fill*         0x100002cd        0x3 
 .bss.iap_flash_Vet
                0x100002d0       0x98 CMakeFiles/new_project.elf.dir/C_/Users/jackson.lewandowski/Documents/NXP_Projects/lpcxpresso802_Recirculador/myLib/myFlashMemory/myFlashMemory.c.obj
 .bss.gpioOn    0x10000368        0x1 CMakeFiles/new_project.elf.dir/C_/Users/jackson.lewandowski/Documents/NXP_Projects/lpcxpresso802_Recirculador/myLib/myGPIO/myGPIO.c.obj
                0x10000368                gpioOn
 .bss.intCount  0x10000369        0x1 CMakeFiles/new_project.elf.dir/C_/Users/jackson.lewandowski/Documents/NXP_Projects/lpcxpresso802_Recirculador/myLib/myInterrupt/myInterrupt.c.obj
                0x10000369                intCount
 *fill*         0x1000036a        0x2 
 .bss.ptrIsrFunc
                0x1000036c       0x20 CMakeFiles/new_project.elf.dir/C_/Users/jackson.lewandowski/Documents/NXP_Projects/lpcxpresso802_Recirculador/myLib/myInterrupt/myInterrupt.c.obj
                0x1000036c                ptrIsrFunc
 .bss.ptrIsrTimer
                0x1000038c        0x8 CMakeFiles/new_project.elf.dir/C_/Users/jackson.lewandowski/Documents/NXP_Projects/lpcxpresso802_Recirculador/myLib/myInterrupt/myInterrupt.c.obj
                0x1000038c                ptrIsrTimer
 .bss.ptrSysTickISR
                0x10000394        0x4 CMakeFiles/new_project.elf.dir/C_/Users/jackson.lewandowski/Documents/NXP_Projects/lpcxpresso802_Recirculador/myLib/myInterrupt/myInterrupt.c.obj
                0x10000394                ptrSysTickISR
 .bss.SysTickCount
                0x10000398        0x4 CMakeFiles/new_project.elf.dir/C_/Users/jackson.lewandowski/Documents/NXP_Projects/lpcxpresso802_Recirculador/myLib/myInterrupt/myInterrupt.c.obj
                0x10000398                SysTickCount
 .bss.SysTickFrequency
                0x1000039c        0x4 CMakeFiles/new_project.elf.dir/C_/Users/jackson.lewandowski/Documents/NXP_Projects/lpcxpresso802_Recirculador/myLib/myInterrupt/myInterrupt.c.obj
                0x1000039c                SysTickFrequency
 .bss.dT_us     0x100003a0        0x4 CMakeFiles/new_project.elf.dir/C_/Users/jackson.lewandowski/Documents/NXP_Projects/lpcxpresso802_Recirculador/myLib/myInterrupt/myInterrupt.c.obj
                0x100003a0                dT_us
 .bss.heap_end.0
                0x100003a4        0x4 CMakeFiles/new_project.elf.dir/C_/Users/jackson.lewandowski/Documents/VS_Code/NXP/core/utilities/misc_utilities/fsl_sbrk.c.obj
 .bss.s_usartHandle
                0x100003a8        0x8 CMakeFiles/new_project.elf.dir/C_/Users/jackson.lewandowski/Documents/VS_Code/NXP/core/drivers/lpc_miniusart/fsl_usart.c.obj
 .bss.s_usartIsr
                0x100003b0        0x4 CMakeFiles/new_project.elf.dir/C_/Users/jackson.lewandowski/Documents/VS_Code/NXP/core/drivers/lpc_miniusart/fsl_usart.c.obj
 .bss.__malloc_sbrk_start
                0x100003b4        0x4 c:/nxp/mcuxpressoide_11.9.0_2144/ide/tools/bin/../lib/gcc/arm-none-eabi/12.3.1/thumb/v6-m/nofp\libc_nano.a(libc_a-mallocr.o)
                0x100003b4                __malloc_sbrk_start
 .bss.__malloc_free_list
                0x100003b8        0x4 c:/nxp/mcuxpressoide_11.9.0_2144/ide/tools/bin/../lib/gcc/arm-none-eabi/12.3.1/thumb/v6-m/nofp\libc_nano.a(libc_a-mallocr.o)
                0x100003b8                __malloc_free_list
 .bss.__sf      0x100003bc      0x138 c:/nxp/mcuxpressoide_11.9.0_2144/ide/tools/bin/../lib/gcc/arm-none-eabi/12.3.1/thumb/v6-m/nofp\libc_nano.a(libc_a-findfp.o)
                0x100003bc                __sf
 .bss.__stdio_exit_handler
                0x100004f4        0x4 c:/nxp/mcuxpressoide_11.9.0_2144/ide/tools/bin/../lib/gcc/arm-none-eabi/12.3.1/thumb/v6-m/nofp\libc_nano.a(libc_a-findfp.o)
                0x100004f4                __stdio_exit_handler
 .bss.errno     0x100004f8        0x4 c:/nxp/mcuxpressoide_11.9.0_2144/ide/tools/bin/../lib/gcc/arm-none-eabi/12.3.1/thumb/v6-m/nofp\libc_nano.a(libc_a-reent.o)
                0x100004f8                errno
 .bss.__lock___malloc_recursive_mutex
                0x100004fc        0x1 c:/nxp/mcuxpressoide_11.9.0_2144/ide/tools/bin/../lib/gcc/arm-none-eabi/12.3.1/thumb/v6-m/nofp\libc_nano.a(libc_a-lock.o)
                0x100004fc                __lock___malloc_recursive_mutex
 *(COMMON)
                0x10000500                        . = ALIGN (0x4)
 *fill*         0x100004fd        0x3 
                0x10000500                        __bss_end__ = .
                0x10000500                        __END_BSS = .

.heap           0x10000500       0x40 load address 0x00003f50
                0x10000500                        . = ALIGN (0x8)
                0x10000500                        __end__ = .
                0x10000500                        PROVIDE (end = .)
                0x10000500                        __HeapBase = .
                0x10000540                        . = (. + HEAP_SIZE)
 *fill*         0x10000500       0x40 
                0x10000540                        __HeapLimit = .
                0x10000540                        __heap_limit = .

.stack          0x10000540       0x40 load address 0x00003f90
                0x10000540                        . = ALIGN (0x8)
                0x10000580                        . = (. + STACK_SIZE)
 *fill*         0x10000540       0x40 
                0x100007e0                        __StackTop = (ORIGIN (m_data) + LENGTH (m_data))
                0x100007a0                        __StackLimit = (__StackTop - STACK_SIZE)
                0x100007e0                        PROVIDE (__stack = __StackTop)

.ARM.attributes
                0x00000000       0x28
 *(.ARM.attributes)
 .ARM.attributes
                0x00000000       0x1e c:/nxp/mcuxpressoide_11.9.0_2144/ide/tools/bin/../lib/gcc/arm-none-eabi/12.3.1/thumb/v6-m/nofp/crti.o
 .ARM.attributes
                0x0000001e       0x2c c:/nxp/mcuxpressoide_11.9.0_2144/ide/tools/bin/../lib/gcc/arm-none-eabi/12.3.1/thumb/v6-m/nofp/crtbegin.o
 .ARM.attributes
                0x0000004a       0x1b c:/nxp/mcuxpressoide_11.9.0_2144/ide/tools/bin/../lib/gcc/arm-none-eabi/12.3.1/thumb/v6-m/nofp/crt0.o
 .ARM.attributes
                0x00000065       0x2c CMakeFiles/new_project.elf.dir/C_/Users/jackson.lewandowski/Documents/NXP_Projects/lpcxpresso802_Recirculador/main.c.obj
 .ARM.attributes
                0x00000091       0x2c CMakeFiles/new_project.elf.dir/C_/Users/jackson.lewandowski/Documents/NXP_Projects/lpcxpresso802_Recirculador/myLib/checksum/checksum.c.obj
 .ARM.attributes
                0x000000bd       0x2c CMakeFiles/new_project.elf.dir/C_/Users/jackson.lewandowski/Documents/NXP_Projects/lpcxpresso802_Recirculador/myLib/commonLib/commonLib.c.obj
 .ARM.attributes
                0x000000e9       0x2c CMakeFiles/new_project.elf.dir/C_/Users/jackson.lewandowski/Documents/NXP_Projects/lpcxpresso802_Recirculador/myLib/myADC/myADC.c.obj
 .ARM.attributes
                0x00000115       0x2c CMakeFiles/new_project.elf.dir/C_/Users/jackson.lewandowski/Documents/NXP_Projects/lpcxpresso802_Recirculador/myLib/myFlashMemory/myFlashMemory.c.obj
 .ARM.attributes
                0x00000141       0x2c CMakeFiles/new_project.elf.dir/C_/Users/jackson.lewandowski/Documents/NXP_Projects/lpcxpresso802_Recirculador/myLib/myGPIO/myGPIO.c.obj
 .ARM.attributes
                0x0000016d       0x2c CMakeFiles/new_project.elf.dir/C_/Users/jackson.lewandowski/Documents/NXP_Projects/lpcxpresso802_Recirculador/myLib/myI2c/myI2c.c.obj
 .ARM.attributes
                0x00000199       0x2c CMakeFiles/new_project.elf.dir/C_/Users/jackson.lewandowski/Documents/NXP_Projects/lpcxpresso802_Recirculador/myLib/myInterrupt/myInterrupt.c.obj
 .ARM.attributes
                0x000001c5       0x2c CMakeFiles/new_project.elf.dir/C_/Users/jackson.lewandowski/Documents/NXP_Projects/lpcxpresso802_Recirculador/myLib/myNTC_Thermistor/myNTC_Thermistor.c.obj
 .ARM.attributes
                0x000001f1       0x2c CMakeFiles/new_project.elf.dir/C_/Users/jackson.lewandowski/Documents/NXP_Projects/lpcxpresso802_Recirculador/myLib/myRegisters/myRegisters.c.obj
 .ARM.attributes
                0x0000021d       0x2c CMakeFiles/new_project.elf.dir/C_/Users/jackson.lewandowski/Documents/VS_Code/NXP/core/utilities/misc_utilities/fsl_sbrk.c.obj
 .ARM.attributes
                0x00000249       0x1b CMakeFiles/new_project.elf.dir/C_/Users/jackson.lewandowski/Documents/VS_Code/NXP/core/devices/LPC802/gcc/startup_LPC802.S.obj
 .ARM.attributes
                0x00000264       0x2c CMakeFiles/new_project.elf.dir/C_/Users/jackson.lewandowski/Documents/VS_Code/NXP/core/devices/LPC802/system_LPC802.c.obj
 .ARM.attributes
                0x00000290       0x2c CMakeFiles/new_project.elf.dir/C_/Users/jackson.lewandowski/Documents/VS_Code/NXP/core/drivers/lpc_miniusart/fsl_usart.c.obj
 .ARM.attributes
                0x000002bc       0x1e c:/nxp/mcuxpressoide_11.9.0_2144/ide/tools/bin/../lib/gcc/arm-none-eabi/12.3.1/thumb/v6-m/nofp\libgcc.a(_udivsi3.o)
 .ARM.attributes
                0x000002da       0x1e c:/nxp/mcuxpressoide_11.9.0_2144/ide/tools/bin/../lib/gcc/arm-none-eabi/12.3.1/thumb/v6-m/nofp\libgcc.a(_dvmd_tls.o)
 .ARM.attributes
                0x000002f8       0x1e c:/nxp/mcuxpressoide_11.9.0_2144/ide/tools/bin/../lib/gcc/arm-none-eabi/12.3.1/thumb/v6-m/nofp\libgcc.a(_arm_cmpsf2.o)
 .ARM.attributes
                0x00000316       0x2c c:/nxp/mcuxpressoide_11.9.0_2144/ide/tools/bin/../lib/gcc/arm-none-eabi/12.3.1/thumb/v6-m/nofp\libgcc.a(_fixunssfsi.o)
 .ARM.attributes
                0x00000342       0x2c c:/nxp/mcuxpressoide_11.9.0_2144/ide/tools/bin/../lib/gcc/arm-none-eabi/12.3.1/thumb/v6-m/nofp\libgcc.a(eqsf2.o)
 .ARM.attributes
                0x0000036e       0x2c c:/nxp/mcuxpressoide_11.9.0_2144/ide/tools/bin/../lib/gcc/arm-none-eabi/12.3.1/thumb/v6-m/nofp\libgcc.a(gesf2.o)
 .ARM.attributes
                0x0000039a       0x2c c:/nxp/mcuxpressoide_11.9.0_2144/ide/tools/bin/../lib/gcc/arm-none-eabi/12.3.1/thumb/v6-m/nofp\libgcc.a(lesf2.o)
 .ARM.attributes
                0x000003c6       0x2c c:/nxp/mcuxpressoide_11.9.0_2144/ide/tools/bin/../lib/gcc/arm-none-eabi/12.3.1/thumb/v6-m/nofp\libgcc.a(mulsf3.o)
 .ARM.attributes
                0x000003f2       0x2c c:/nxp/mcuxpressoide_11.9.0_2144/ide/tools/bin/../lib/gcc/arm-none-eabi/12.3.1/thumb/v6-m/nofp\libgcc.a(subsf3.o)
 .ARM.attributes
                0x0000041e       0x2c c:/nxp/mcuxpressoide_11.9.0_2144/ide/tools/bin/../lib/gcc/arm-none-eabi/12.3.1/thumb/v6-m/nofp\libgcc.a(fixsfsi.o)
 .ARM.attributes
                0x0000044a       0x2c c:/nxp/mcuxpressoide_11.9.0_2144/ide/tools/bin/../lib/gcc/arm-none-eabi/12.3.1/thumb/v6-m/nofp\libgcc.a(floatsisf.o)
 .ARM.attributes
                0x00000476       0x1e c:/nxp/mcuxpressoide_11.9.0_2144/ide/tools/bin/../lib/gcc/arm-none-eabi/12.3.1/thumb/v6-m/nofp\libgcc.a(_clzsi2.o)
 .ARM.attributes
                0x00000494       0x2c c:/nxp/mcuxpressoide_11.9.0_2144/ide/tools/bin/../lib/gcc/arm-none-eabi/12.3.1/thumb/v6-m/nofp\libc_nano.a(libc_a-exit.o)
 .ARM.attributes
                0x000004c0       0x2c c:/nxp/mcuxpressoide_11.9.0_2144/ide/tools/bin/../lib/gcc/arm-none-eabi/12.3.1/thumb/v6-m/nofp\libc_nano.a(libc_a-malloc.o)
 .ARM.attributes
                0x000004ec       0x2c c:/nxp/mcuxpressoide_11.9.0_2144/ide/tools/bin/../lib/gcc/arm-none-eabi/12.3.1/thumb/v6-m/nofp\libc_nano.a(libc_a-mallocr.o)
 .ARM.attributes
                0x00000518       0x2c c:/nxp/mcuxpressoide_11.9.0_2144/ide/tools/bin/../lib/gcc/arm-none-eabi/12.3.1/thumb/v6-m/nofp\libc_nano.a(libc_a-mlock.o)
 .ARM.attributes
                0x00000544       0x2c c:/nxp/mcuxpressoide_11.9.0_2144/ide/tools/bin/../lib/gcc/arm-none-eabi/12.3.1/thumb/v6-m/nofp\libc_nano.a(libc_a-findfp.o)
 .ARM.attributes
                0x00000570       0x2c c:/nxp/mcuxpressoide_11.9.0_2144/ide/tools/bin/../lib/gcc/arm-none-eabi/12.3.1/thumb/v6-m/nofp\libc_nano.a(libc_a-memset.o)
 .ARM.attributes
                0x0000059c       0x2c c:/nxp/mcuxpressoide_11.9.0_2144/ide/tools/bin/../lib/gcc/arm-none-eabi/12.3.1/thumb/v6-m/nofp\libc_nano.a(libc_a-reent.o)
 .ARM.attributes
                0x000005c8       0x2c c:/nxp/mcuxpressoide_11.9.0_2144/ide/tools/bin/../lib/gcc/arm-none-eabi/12.3.1/thumb/v6-m/nofp\libc_nano.a(libc_a-impure.o)
 .ARM.attributes
                0x000005f4       0x2c c:/nxp/mcuxpressoide_11.9.0_2144/ide/tools/bin/../lib/gcc/arm-none-eabi/12.3.1/thumb/v6-m/nofp\libc_nano.a(libc_a-sbrkr.o)
 .ARM.attributes
                0x00000620       0x2c c:/nxp/mcuxpressoide_11.9.0_2144/ide/tools/bin/../lib/gcc/arm-none-eabi/12.3.1/thumb/v6-m/nofp\libc_nano.a(libc_a-errno.o)
 .ARM.attributes
                0x0000064c       0x2c c:/nxp/mcuxpressoide_11.9.0_2144/ide/tools/bin/../lib/gcc/arm-none-eabi/12.3.1/thumb/v6-m/nofp\libc_nano.a(libc_a-init.o)
 .ARM.attributes
                0x00000678       0x2c c:/nxp/mcuxpressoide_11.9.0_2144/ide/tools/bin/../lib/gcc/arm-none-eabi/12.3.1/thumb/v6-m/nofp\libc_nano.a(libc_a-lock.o)
 .ARM.attributes
                0x000006a4       0x2c c:/nxp/mcuxpressoide_11.9.0_2144/ide/tools/bin/../lib/gcc/arm-none-eabi/12.3.1/thumb/v6-m/nofp\libc_nano.a(libc_a-memcpy-stub.o)
 .ARM.attributes
                0x000006d0       0x2c c:/nxp/mcuxpressoide_11.9.0_2144/ide/tools/bin/../lib/gcc/arm-none-eabi/12.3.1/../../../../arm-none-eabi/lib/thumb/v6-m/nofp\libcr_newlib_nohost.a(_exit.o)
 .ARM.attributes
                0x000006fc       0x2c c:/nxp/mcuxpressoide_11.9.0_2144/ide/tools/bin/../lib/gcc/arm-none-eabi/12.3.1/thumb/v6-m/nofp/crtend.o
 .ARM.attributes
                0x00000728       0x1e c:/nxp/mcuxpressoide_11.9.0_2144/ide/tools/bin/../lib/gcc/arm-none-eabi/12.3.1/thumb/v6-m/nofp/crtn.o
                0x00000001                        ASSERT ((__StackLimit >= __HeapLimit), region m_data overflowed with stack and heap)
OUTPUT(new_project.elf elf32-littlearm)
LOAD linker stubs

.debug_line_str
                0x00000000      0x25f
 .debug_line_str
                0x00000000       0xd2 c:/nxp/mcuxpressoide_11.9.0_2144/ide/tools/bin/../lib/gcc/arm-none-eabi/12.3.1/thumb/v6-m/nofp/crt0.o
 .debug_line_str
                0x000000d2       0xb8 CMakeFiles/new_project.elf.dir/C_/Users/jackson.lewandowski/Documents/VS_Code/NXP/core/devices/LPC802/gcc/startup_LPC802.S.obj
 .debug_line_str
                0x0000018a       0xc9 c:/nxp/mcuxpressoide_11.9.0_2144/ide/tools/bin/../lib/gcc/arm-none-eabi/12.3.1/thumb/v6-m/nofp\libgcc.a(_udivsi3.o)
 .debug_line_str
                0x00000253       0xc9 c:/nxp/mcuxpressoide_11.9.0_2144/ide/tools/bin/../lib/gcc/arm-none-eabi/12.3.1/thumb/v6-m/nofp\libgcc.a(_dvmd_tls.o)
 .debug_line_str
                0x00000253        0xc c:/nxp/mcuxpressoide_11.9.0_2144/ide/tools/bin/../lib/gcc/arm-none-eabi/12.3.1/thumb/v6-m/nofp\libgcc.a(_arm_cmpsf2.o)
                                 0xc9 (size before relaxing)
 .debug_line_str
                0x0000025f       0xc9 c:/nxp/mcuxpressoide_11.9.0_2144/ide/tools/bin/../lib/gcc/arm-none-eabi/12.3.1/thumb/v6-m/nofp\libgcc.a(_clzsi2.o)

.debug_info     0x00000000     0x838a
 .debug_info    0x00000000      0xa05 CMakeFiles/new_project.elf.dir/C_/Users/jackson.lewandowski/Documents/NXP_Projects/lpcxpresso802_Recirculador/main.c.obj
 .debug_info    0x00000a05      0x10d CMakeFiles/new_project.elf.dir/C_/Users/jackson.lewandowski/Documents/NXP_Projects/lpcxpresso802_Recirculador/myLib/checksum/checksum.c.obj
 .debug_info    0x00000b12     0x1462 CMakeFiles/new_project.elf.dir/C_/Users/jackson.lewandowski/Documents/NXP_Projects/lpcxpresso802_Recirculador/myLib/commonLib/commonLib.c.obj
 .debug_info    0x00001f74      0xa5d CMakeFiles/new_project.elf.dir/C_/Users/jackson.lewandowski/Documents/NXP_Projects/lpcxpresso802_Recirculador/myLib/myADC/myADC.c.obj
 .debug_info    0x000029d1      0x6a6 CMakeFiles/new_project.elf.dir/C_/Users/jackson.lewandowski/Documents/NXP_Projects/lpcxpresso802_Recirculador/myLib/myFlashMemory/myFlashMemory.c.obj
 .debug_info    0x00003077      0xb05 CMakeFiles/new_project.elf.dir/C_/Users/jackson.lewandowski/Documents/NXP_Projects/lpcxpresso802_Recirculador/myLib/myGPIO/myGPIO.c.obj
 .debug_info    0x00003b7c      0xabc CMakeFiles/new_project.elf.dir/C_/Users/jackson.lewandowski/Documents/NXP_Projects/lpcxpresso802_Recirculador/myLib/myI2c/myI2c.c.obj
 .debug_info    0x00004638     0x10e5 CMakeFiles/new_project.elf.dir/C_/Users/jackson.lewandowski/Documents/NXP_Projects/lpcxpresso802_Recirculador/myLib/myInterrupt/myInterrupt.c.obj
 .debug_info    0x0000571d      0x1c2 CMakeFiles/new_project.elf.dir/C_/Users/jackson.lewandowski/Documents/NXP_Projects/lpcxpresso802_Recirculador/myLib/myNTC_Thermistor/myNTC_Thermistor.c.obj
 .debug_info    0x000058df      0x47c CMakeFiles/new_project.elf.dir/C_/Users/jackson.lewandowski/Documents/NXP_Projects/lpcxpresso802_Recirculador/myLib/myRegisters/myRegisters.c.obj
 .debug_info    0x00005d5b      0x116 CMakeFiles/new_project.elf.dir/C_/Users/jackson.lewandowski/Documents/VS_Code/NXP/core/utilities/misc_utilities/fsl_sbrk.c.obj
 .debug_info    0x00005e71      0x37b CMakeFiles/new_project.elf.dir/C_/Users/jackson.lewandowski/Documents/VS_Code/NXP/core/devices/LPC802/gcc/startup_LPC802.S.obj
 .debug_info    0x000061ec      0x557 CMakeFiles/new_project.elf.dir/C_/Users/jackson.lewandowski/Documents/VS_Code/NXP/core/devices/LPC802/system_LPC802.c.obj
 .debug_info    0x00006743     0x1be6 CMakeFiles/new_project.elf.dir/C_/Users/jackson.lewandowski/Documents/VS_Code/NXP/core/drivers/lpc_miniusart/fsl_usart.c.obj
 .debug_info    0x00008329       0x61 c:/nxp/mcuxpressoide_11.9.0_2144/ide/tools/bin/../lib/gcc/arm-none-eabi/12.3.1/../../../../arm-none-eabi/lib/thumb/v6-m/nofp\libcr_newlib_nohost.a(_exit.o)

.debug_abbrev   0x00000000     0x181f
 .debug_abbrev  0x00000000      0x1c7 CMakeFiles/new_project.elf.dir/C_/Users/jackson.lewandowski/Documents/NXP_Projects/lpcxpresso802_Recirculador/main.c.obj
 .debug_abbrev  0x000001c7       0xb0 CMakeFiles/new_project.elf.dir/C_/Users/jackson.lewandowski/Documents/NXP_Projects/lpcxpresso802_Recirculador/myLib/checksum/checksum.c.obj
 .debug_abbrev  0x00000277      0x2d6 CMakeFiles/new_project.elf.dir/C_/Users/jackson.lewandowski/Documents/NXP_Projects/lpcxpresso802_Recirculador/myLib/commonLib/commonLib.c.obj
 .debug_abbrev  0x0000054d      0x215 CMakeFiles/new_project.elf.dir/C_/Users/jackson.lewandowski/Documents/NXP_Projects/lpcxpresso802_Recirculador/myLib/myADC/myADC.c.obj
 .debug_abbrev  0x00000762      0x18b CMakeFiles/new_project.elf.dir/C_/Users/jackson.lewandowski/Documents/NXP_Projects/lpcxpresso802_Recirculador/myLib/myFlashMemory/myFlashMemory.c.obj
 .debug_abbrev  0x000008ed      0x1a0 CMakeFiles/new_project.elf.dir/C_/Users/jackson.lewandowski/Documents/NXP_Projects/lpcxpresso802_Recirculador/myLib/myGPIO/myGPIO.c.obj
 .debug_abbrev  0x00000a8d      0x290 CMakeFiles/new_project.elf.dir/C_/Users/jackson.lewandowski/Documents/NXP_Projects/lpcxpresso802_Recirculador/myLib/myI2c/myI2c.c.obj
 .debug_abbrev  0x00000d1d      0x2b9 CMakeFiles/new_project.elf.dir/C_/Users/jackson.lewandowski/Documents/NXP_Projects/lpcxpresso802_Recirculador/myLib/myInterrupt/myInterrupt.c.obj
 .debug_abbrev  0x00000fd6      0x124 CMakeFiles/new_project.elf.dir/C_/Users/jackson.lewandowski/Documents/NXP_Projects/lpcxpresso802_Recirculador/myLib/myNTC_Thermistor/myNTC_Thermistor.c.obj
 .debug_abbrev  0x000010fa      0x11d CMakeFiles/new_project.elf.dir/C_/Users/jackson.lewandowski/Documents/NXP_Projects/lpcxpresso802_Recirculador/myLib/myRegisters/myRegisters.c.obj
 .debug_abbrev  0x00001217       0xd9 CMakeFiles/new_project.elf.dir/C_/Users/jackson.lewandowski/Documents/VS_Code/NXP/core/utilities/misc_utilities/fsl_sbrk.c.obj
 .debug_abbrev  0x000012f0       0x26 CMakeFiles/new_project.elf.dir/C_/Users/jackson.lewandowski/Documents/VS_Code/NXP/core/devices/LPC802/gcc/startup_LPC802.S.obj
 .debug_abbrev  0x00001316      0x13b CMakeFiles/new_project.elf.dir/C_/Users/jackson.lewandowski/Documents/VS_Code/NXP/core/devices/LPC802/system_LPC802.c.obj
 .debug_abbrev  0x00001451      0x370 CMakeFiles/new_project.elf.dir/C_/Users/jackson.lewandowski/Documents/VS_Code/NXP/core/drivers/lpc_miniusart/fsl_usart.c.obj
 .debug_abbrev  0x000017c1       0x5e c:/nxp/mcuxpressoide_11.9.0_2144/ide/tools/bin/../lib/gcc/arm-none-eabi/12.3.1/../../../../arm-none-eabi/lib/thumb/v6-m/nofp\libcr_newlib_nohost.a(_exit.o)

.debug_aranges  0x00000000      0x608
 .debug_aranges
                0x00000000       0x50 CMakeFiles/new_project.elf.dir/C_/Users/jackson.lewandowski/Documents/NXP_Projects/lpcxpresso802_Recirculador/main.c.obj
 .debug_aranges
                0x00000050       0x28 CMakeFiles/new_project.elf.dir/C_/Users/jackson.lewandowski/Documents/NXP_Projects/lpcxpresso802_Recirculador/myLib/checksum/checksum.c.obj
 .debug_aranges
                0x00000078      0x120 CMakeFiles/new_project.elf.dir/C_/Users/jackson.lewandowski/Documents/NXP_Projects/lpcxpresso802_Recirculador/myLib/commonLib/commonLib.c.obj
 .debug_aranges
                0x00000198       0x38 CMakeFiles/new_project.elf.dir/C_/Users/jackson.lewandowski/Documents/NXP_Projects/lpcxpresso802_Recirculador/myLib/myADC/myADC.c.obj
 .debug_aranges
                0x000001d0       0x58 CMakeFiles/new_project.elf.dir/C_/Users/jackson.lewandowski/Documents/NXP_Projects/lpcxpresso802_Recirculador/myLib/myFlashMemory/myFlashMemory.c.obj
 .debug_aranges
                0x00000228       0x88 CMakeFiles/new_project.elf.dir/C_/Users/jackson.lewandowski/Documents/NXP_Projects/lpcxpresso802_Recirculador/myLib/myGPIO/myGPIO.c.obj
 .debug_aranges
                0x000002b0       0x40 CMakeFiles/new_project.elf.dir/C_/Users/jackson.lewandowski/Documents/NXP_Projects/lpcxpresso802_Recirculador/myLib/myI2c/myI2c.c.obj
 .debug_aranges
                0x000002f0       0xd8 CMakeFiles/new_project.elf.dir/C_/Users/jackson.lewandowski/Documents/NXP_Projects/lpcxpresso802_Recirculador/myLib/myInterrupt/myInterrupt.c.obj
 .debug_aranges
                0x000003c8       0x28 CMakeFiles/new_project.elf.dir/C_/Users/jackson.lewandowski/Documents/NXP_Projects/lpcxpresso802_Recirculador/myLib/myNTC_Thermistor/myNTC_Thermistor.c.obj
 .debug_aranges
                0x000003f0       0x78 CMakeFiles/new_project.elf.dir/C_/Users/jackson.lewandowski/Documents/NXP_Projects/lpcxpresso802_Recirculador/myLib/myRegisters/myRegisters.c.obj
 .debug_aranges
                0x00000468       0x20 CMakeFiles/new_project.elf.dir/C_/Users/jackson.lewandowski/Documents/VS_Code/NXP/core/utilities/misc_utilities/fsl_sbrk.c.obj
 .debug_aranges
                0x00000488       0x20 CMakeFiles/new_project.elf.dir/C_/Users/jackson.lewandowski/Documents/VS_Code/NXP/core/devices/LPC802/gcc/startup_LPC802.S.obj
 .debug_aranges
                0x000004a8       0x30 CMakeFiles/new_project.elf.dir/C_/Users/jackson.lewandowski/Documents/VS_Code/NXP/core/devices/LPC802/system_LPC802.c.obj
 .debug_aranges
                0x000004d8      0x110 CMakeFiles/new_project.elf.dir/C_/Users/jackson.lewandowski/Documents/VS_Code/NXP/core/drivers/lpc_miniusart/fsl_usart.c.obj
 .debug_aranges
                0x000005e8       0x20 c:/nxp/mcuxpressoide_11.9.0_2144/ide/tools/bin/../lib/gcc/arm-none-eabi/12.3.1/../../../../arm-none-eabi/lib/thumb/v6-m/nofp\libcr_newlib_nohost.a(_exit.o)

.debug_rnglists
                0x00000000      0x476
 .debug_rnglists
                0x00000000       0x39 CMakeFiles/new_project.elf.dir/C_/Users/jackson.lewandowski/Documents/NXP_Projects/lpcxpresso802_Recirculador/main.c.obj
 .debug_rnglists
                0x00000039       0x19 CMakeFiles/new_project.elf.dir/C_/Users/jackson.lewandowski/Documents/NXP_Projects/lpcxpresso802_Recirculador/myLib/checksum/checksum.c.obj
 .debug_rnglists
                0x00000052      0x11f CMakeFiles/new_project.elf.dir/C_/Users/jackson.lewandowski/Documents/NXP_Projects/lpcxpresso802_Recirculador/myLib/commonLib/commonLib.c.obj
 .debug_rnglists
                0x00000171       0x27 CMakeFiles/new_project.elf.dir/C_/Users/jackson.lewandowski/Documents/NXP_Projects/lpcxpresso802_Recirculador/myLib/myADC/myADC.c.obj
 .debug_rnglists
                0x00000198       0x3e CMakeFiles/new_project.elf.dir/C_/Users/jackson.lewandowski/Documents/NXP_Projects/lpcxpresso802_Recirculador/myLib/myFlashMemory/myFlashMemory.c.obj
 .debug_rnglists
                0x000001d6       0x61 CMakeFiles/new_project.elf.dir/C_/Users/jackson.lewandowski/Documents/NXP_Projects/lpcxpresso802_Recirculador/myLib/myGPIO/myGPIO.c.obj
 .debug_rnglists
                0x00000237       0x2d CMakeFiles/new_project.elf.dir/C_/Users/jackson.lewandowski/Documents/NXP_Projects/lpcxpresso802_Recirculador/myLib/myI2c/myI2c.c.obj
 .debug_rnglists
                0x00000264       0xa1 CMakeFiles/new_project.elf.dir/C_/Users/jackson.lewandowski/Documents/NXP_Projects/lpcxpresso802_Recirculador/myLib/myInterrupt/myInterrupt.c.obj
 .debug_rnglists
                0x00000305       0x19 CMakeFiles/new_project.elf.dir/C_/Users/jackson.lewandowski/Documents/NXP_Projects/lpcxpresso802_Recirculador/myLib/myNTC_Thermistor/myNTC_Thermistor.c.obj
 .debug_rnglists
                0x0000031e       0x55 CMakeFiles/new_project.elf.dir/C_/Users/jackson.lewandowski/Documents/NXP_Projects/lpcxpresso802_Recirculador/myLib/myRegisters/myRegisters.c.obj
 .debug_rnglists
                0x00000373       0x13 CMakeFiles/new_project.elf.dir/C_/Users/jackson.lewandowski/Documents/VS_Code/NXP/core/utilities/misc_utilities/fsl_sbrk.c.obj
 .debug_rnglists
                0x00000386       0x20 CMakeFiles/new_project.elf.dir/C_/Users/jackson.lewandowski/Documents/VS_Code/NXP/core/devices/LPC802/system_LPC802.c.obj
 .debug_rnglists
                0x000003a6       0xd0 CMakeFiles/new_project.elf.dir/C_/Users/jackson.lewandowski/Documents/VS_Code/NXP/core/drivers/lpc_miniusart/fsl_usart.c.obj

.debug_line     0x00000000     0x4225
 .debug_line    0x00000000      0x57e CMakeFiles/new_project.elf.dir/C_/Users/jackson.lewandowski/Documents/NXP_Projects/lpcxpresso802_Recirculador/main.c.obj
 .debug_line    0x0000057e       0xef CMakeFiles/new_project.elf.dir/C_/Users/jackson.lewandowski/Documents/NXP_Projects/lpcxpresso802_Recirculador/myLib/checksum/checksum.c.obj
 .debug_line    0x0000066d      0xe93 CMakeFiles/new_project.elf.dir/C_/Users/jackson.lewandowski/Documents/NXP_Projects/lpcxpresso802_Recirculador/myLib/commonLib/commonLib.c.obj
 .debug_line    0x00001500      0x354 CMakeFiles/new_project.elf.dir/C_/Users/jackson.lewandowski/Documents/NXP_Projects/lpcxpresso802_Recirculador/myLib/myADC/myADC.c.obj
 .debug_line    0x00001854      0x454 CMakeFiles/new_project.elf.dir/C_/Users/jackson.lewandowski/Documents/NXP_Projects/lpcxpresso802_Recirculador/myLib/myFlashMemory/myFlashMemory.c.obj
 .debug_line    0x00001ca8      0x383 CMakeFiles/new_project.elf.dir/C_/Users/jackson.lewandowski/Documents/NXP_Projects/lpcxpresso802_Recirculador/myLib/myGPIO/myGPIO.c.obj
 .debug_line    0x0000202b      0x4ea CMakeFiles/new_project.elf.dir/C_/Users/jackson.lewandowski/Documents/NXP_Projects/lpcxpresso802_Recirculador/myLib/myI2c/myI2c.c.obj
 .debug_line    0x00002515      0x819 CMakeFiles/new_project.elf.dir/C_/Users/jackson.lewandowski/Documents/NXP_Projects/lpcxpresso802_Recirculador/myLib/myInterrupt/myInterrupt.c.obj
 .debug_line    0x00002d2e      0x1a8 CMakeFiles/new_project.elf.dir/C_/Users/jackson.lewandowski/Documents/NXP_Projects/lpcxpresso802_Recirculador/myLib/myNTC_Thermistor/myNTC_Thermistor.c.obj
 .debug_line    0x00002ed6      0x220 CMakeFiles/new_project.elf.dir/C_/Users/jackson.lewandowski/Documents/NXP_Projects/lpcxpresso802_Recirculador/myLib/myRegisters/myRegisters.c.obj
 .debug_line    0x000030f6      0x185 CMakeFiles/new_project.elf.dir/C_/Users/jackson.lewandowski/Documents/VS_Code/NXP/core/utilities/misc_utilities/fsl_sbrk.c.obj
 .debug_line    0x0000327b      0x136 CMakeFiles/new_project.elf.dir/C_/Users/jackson.lewandowski/Documents/VS_Code/NXP/core/devices/LPC802/gcc/startup_LPC802.S.obj
 .debug_line    0x000033b1      0x1d4 CMakeFiles/new_project.elf.dir/C_/Users/jackson.lewandowski/Documents/VS_Code/NXP/core/devices/LPC802/system_LPC802.c.obj
 .debug_line    0x00003585      0xc54 CMakeFiles/new_project.elf.dir/C_/Users/jackson.lewandowski/Documents/VS_Code/NXP/core/drivers/lpc_miniusart/fsl_usart.c.obj
 .debug_line    0x000041d9       0x4c c:/nxp/mcuxpressoide_11.9.0_2144/ide/tools/bin/../lib/gcc/arm-none-eabi/12.3.1/../../../../arm-none-eabi/lib/thumb/v6-m/nofp\libcr_newlib_nohost.a(_exit.o)

.debug_str      0x00000000     0x3ccc
 .debug_str     0x00000000     0x1312 CMakeFiles/new_project.elf.dir/C_/Users/jackson.lewandowski/Documents/NXP_Projects/lpcxpresso802_Recirculador/main.c.obj
                               0x134b (size before relaxing)
 .debug_str     0x00001312       0x88 CMakeFiles/new_project.elf.dir/C_/Users/jackson.lewandowski/Documents/NXP_Projects/lpcxpresso802_Recirculador/myLib/checksum/checksum.c.obj
                                0x3d8 (size before relaxing)
 .debug_str     0x0000139a      0x39c CMakeFiles/new_project.elf.dir/C_/Users/jackson.lewandowski/Documents/NXP_Projects/lpcxpresso802_Recirculador/myLib/commonLib/commonLib.c.obj
                               0x1423 (size before relaxing)
 .debug_str     0x00001736      0x389 CMakeFiles/new_project.elf.dir/C_/Users/jackson.lewandowski/Documents/NXP_Projects/lpcxpresso802_Recirculador/myLib/myADC/myADC.c.obj
                               0x119b (size before relaxing)
 .debug_str     0x00001abf      0x1e1 CMakeFiles/new_project.elf.dir/C_/Users/jackson.lewandowski/Documents/NXP_Projects/lpcxpresso802_Recirculador/myLib/myFlashMemory/myFlashMemory.c.obj
                                0xfc2 (size before relaxing)
 .debug_str     0x00001ca0       0xdf CMakeFiles/new_project.elf.dir/C_/Users/jackson.lewandowski/Documents/NXP_Projects/lpcxpresso802_Recirculador/myLib/myGPIO/myGPIO.c.obj
                               0x10f5 (size before relaxing)
 .debug_str     0x00001d7f      0x38a CMakeFiles/new_project.elf.dir/C_/Users/jackson.lewandowski/Documents/NXP_Projects/lpcxpresso802_Recirculador/myLib/myI2c/myI2c.c.obj
                                0xa8f (size before relaxing)
 .debug_str     0x00002109      0x323 CMakeFiles/new_project.elf.dir/C_/Users/jackson.lewandowski/Documents/NXP_Projects/lpcxpresso802_Recirculador/myLib/myInterrupt/myInterrupt.c.obj
                               0x1653 (size before relaxing)
 .debug_str     0x0000242c       0xa5 CMakeFiles/new_project.elf.dir/C_/Users/jackson.lewandowski/Documents/NXP_Projects/lpcxpresso802_Recirculador/myLib/myNTC_Thermistor/myNTC_Thermistor.c.obj
                                0x4fd (size before relaxing)
 .debug_str     0x000024d1       0xce CMakeFiles/new_project.elf.dir/C_/Users/jackson.lewandowski/Documents/NXP_Projects/lpcxpresso802_Recirculador/myLib/myRegisters/myRegisters.c.obj
                                0x554 (size before relaxing)
 .debug_str     0x0000259f       0xa8 CMakeFiles/new_project.elf.dir/C_/Users/jackson.lewandowski/Documents/VS_Code/NXP/core/utilities/misc_utilities/fsl_sbrk.c.obj
                                0x456 (size before relaxing)
 .debug_str     0x00002647      0x584 CMakeFiles/new_project.elf.dir/C_/Users/jackson.lewandowski/Documents/VS_Code/NXP/core/devices/LPC802/gcc/startup_LPC802.S.obj
                                0x6c4 (size before relaxing)
 .debug_str     0x00002bcb       0xa0 CMakeFiles/new_project.elf.dir/C_/Users/jackson.lewandowski/Documents/VS_Code/NXP/core/devices/LPC802/system_LPC802.c.obj
                                0x6a0 (size before relaxing)
 .debug_str     0x00002c6b      0xf35 CMakeFiles/new_project.elf.dir/C_/Users/jackson.lewandowski/Documents/VS_Code/NXP/core/drivers/lpc_miniusart/fsl_usart.c.obj
                               0x22dd (size before relaxing)
 .debug_str     0x00003ba0      0x12c c:/nxp/mcuxpressoide_11.9.0_2144/ide/tools/bin/../lib/gcc/arm-none-eabi/12.3.1/../../../../arm-none-eabi/lib/thumb/v6-m/nofp\libcr_newlib_nohost.a(_exit.o)

.comment        0x00000000       0x45
 .comment       0x00000000       0x45 CMakeFiles/new_project.elf.dir/C_/Users/jackson.lewandowski/Documents/NXP_Projects/lpcxpresso802_Recirculador/main.c.obj
                                 0x46 (size before relaxing)
 .comment       0x00000045       0x46 CMakeFiles/new_project.elf.dir/C_/Users/jackson.lewandowski/Documents/NXP_Projects/lpcxpresso802_Recirculador/myLib/checksum/checksum.c.obj
 .comment       0x00000045       0x46 CMakeFiles/new_project.elf.dir/C_/Users/jackson.lewandowski/Documents/NXP_Projects/lpcxpresso802_Recirculador/myLib/commonLib/commonLib.c.obj
 .comment       0x00000045       0x46 CMakeFiles/new_project.elf.dir/C_/Users/jackson.lewandowski/Documents/NXP_Projects/lpcxpresso802_Recirculador/myLib/myADC/myADC.c.obj
 .comment       0x00000045       0x46 CMakeFiles/new_project.elf.dir/C_/Users/jackson.lewandowski/Documents/NXP_Projects/lpcxpresso802_Recirculador/myLib/myFlashMemory/myFlashMemory.c.obj
 .comment       0x00000045       0x46 CMakeFiles/new_project.elf.dir/C_/Users/jackson.lewandowski/Documents/NXP_Projects/lpcxpresso802_Recirculador/myLib/myGPIO/myGPIO.c.obj
 .comment       0x00000045       0x46 CMakeFiles/new_project.elf.dir/C_/Users/jackson.lewandowski/Documents/NXP_Projects/lpcxpresso802_Recirculador/myLib/myI2c/myI2c.c.obj
 .comment       0x00000045       0x46 CMakeFiles/new_project.elf.dir/C_/Users/jackson.lewandowski/Documents/NXP_Projects/lpcxpresso802_Recirculador/myLib/myInterrupt/myInterrupt.c.obj
 .comment       0x00000045       0x46 CMakeFiles/new_project.elf.dir/C_/Users/jackson.lewandowski/Documents/NXP_Projects/lpcxpresso802_Recirculador/myLib/myNTC_Thermistor/myNTC_Thermistor.c.obj
 .comment       0x00000045       0x46 CMakeFiles/new_project.elf.dir/C_/Users/jackson.lewandowski/Documents/NXP_Projects/lpcxpresso802_Recirculador/myLib/myRegisters/myRegisters.c.obj
 .comment       0x00000045       0x46 CMakeFiles/new_project.elf.dir/C_/Users/jackson.lewandowski/Documents/VS_Code/NXP/core/utilities/misc_utilities/fsl_sbrk.c.obj
 .comment       0x00000045       0x46 CMakeFiles/new_project.elf.dir/C_/Users/jackson.lewandowski/Documents/VS_Code/NXP/core/devices/LPC802/system_LPC802.c.obj
 .comment       0x00000045       0x46 CMakeFiles/new_project.elf.dir/C_/Users/jackson.lewandowski/Documents/VS_Code/NXP/core/drivers/lpc_miniusart/fsl_usart.c.obj
 .comment       0x00000045       0x46 c:/nxp/mcuxpressoide_11.9.0_2144/ide/tools/bin/../lib/gcc/arm-none-eabi/12.3.1/../../../../arm-none-eabi/lib/thumb/v6-m/nofp\libcr_newlib_nohost.a(_exit.o)

.debug_frame    0x00000000     0x1850
 .debug_frame   0x00000000       0xf0 CMakeFiles/new_project.elf.dir/C_/Users/jackson.lewandowski/Documents/NXP_Projects/lpcxpresso802_Recirculador/main.c.obj
 .debug_frame   0x000000f0       0x50 CMakeFiles/new_project.elf.dir/C_/Users/jackson.lewandowski/Documents/NXP_Projects/lpcxpresso802_Recirculador/myLib/checksum/checksum.c.obj
 .debug_frame   0x00000140      0x444 CMakeFiles/new_project.elf.dir/C_/Users/jackson.lewandowski/Documents/NXP_Projects/lpcxpresso802_Recirculador/myLib/commonLib/commonLib.c.obj
 .debug_frame   0x00000584       0x8c CMakeFiles/new_project.elf.dir/C_/Users/jackson.lewandowski/Documents/NXP_Projects/lpcxpresso802_Recirculador/myLib/myADC/myADC.c.obj
 .debug_frame   0x00000610      0x110 CMakeFiles/new_project.elf.dir/C_/Users/jackson.lewandowski/Documents/NXP_Projects/lpcxpresso802_Recirculador/myLib/myFlashMemory/myFlashMemory.c.obj
 .debug_frame   0x00000720      0x1cc CMakeFiles/new_project.elf.dir/C_/Users/jackson.lewandowski/Documents/NXP_Projects/lpcxpresso802_Recirculador/myLib/myGPIO/myGPIO.c.obj
 .debug_frame   0x000008ec       0xb4 CMakeFiles/new_project.elf.dir/C_/Users/jackson.lewandowski/Documents/NXP_Projects/lpcxpresso802_Recirculador/myLib/myI2c/myI2c.c.obj
 .debug_frame   0x000009a0      0x2dc CMakeFiles/new_project.elf.dir/C_/Users/jackson.lewandowski/Documents/NXP_Projects/lpcxpresso802_Recirculador/myLib/myInterrupt/myInterrupt.c.obj
 .debug_frame   0x00000c7c       0x50 CMakeFiles/new_project.elf.dir/C_/Users/jackson.lewandowski/Documents/NXP_Projects/lpcxpresso802_Recirculador/myLib/myNTC_Thermistor/myNTC_Thermistor.c.obj
 .debug_frame   0x00000ccc      0x194 CMakeFiles/new_project.elf.dir/C_/Users/jackson.lewandowski/Documents/NXP_Projects/lpcxpresso802_Recirculador/myLib/myRegisters/myRegisters.c.obj
 .debug_frame   0x00000e60       0x30 CMakeFiles/new_project.elf.dir/C_/Users/jackson.lewandowski/Documents/VS_Code/NXP/core/utilities/misc_utilities/fsl_sbrk.c.obj
 .debug_frame   0x00000e90       0x64 CMakeFiles/new_project.elf.dir/C_/Users/jackson.lewandowski/Documents/VS_Code/NXP/core/devices/LPC802/system_LPC802.c.obj
 .debug_frame   0x00000ef4      0x3e8 CMakeFiles/new_project.elf.dir/C_/Users/jackson.lewandowski/Documents/VS_Code/NXP/core/drivers/lpc_miniusart/fsl_usart.c.obj
 .debug_frame   0x000012dc       0x20 c:/nxp/mcuxpressoide_11.9.0_2144/ide/tools/bin/../lib/gcc/arm-none-eabi/12.3.1/thumb/v6-m/nofp\libgcc.a(_udivsi3.o)
 .debug_frame   0x000012fc       0x28 c:/nxp/mcuxpressoide_11.9.0_2144/ide/tools/bin/../lib/gcc/arm-none-eabi/12.3.1/thumb/v6-m/nofp\libgcc.a(_fixunssfsi.o)
 .debug_frame   0x00001324       0x2c c:/nxp/mcuxpressoide_11.9.0_2144/ide/tools/bin/../lib/gcc/arm-none-eabi/12.3.1/thumb/v6-m/nofp\libgcc.a(eqsf2.o)
 .debug_frame   0x00001350       0x2c c:/nxp/mcuxpressoide_11.9.0_2144/ide/tools/bin/../lib/gcc/arm-none-eabi/12.3.1/thumb/v6-m/nofp\libgcc.a(gesf2.o)
 .debug_frame   0x0000137c       0x2c c:/nxp/mcuxpressoide_11.9.0_2144/ide/tools/bin/../lib/gcc/arm-none-eabi/12.3.1/thumb/v6-m/nofp\libgcc.a(lesf2.o)
 .debug_frame   0x000013a8       0x38 c:/nxp/mcuxpressoide_11.9.0_2144/ide/tools/bin/../lib/gcc/arm-none-eabi/12.3.1/thumb/v6-m/nofp\libgcc.a(mulsf3.o)
 .debug_frame   0x000013e0       0x38 c:/nxp/mcuxpressoide_11.9.0_2144/ide/tools/bin/../lib/gcc/arm-none-eabi/12.3.1/thumb/v6-m/nofp\libgcc.a(subsf3.o)
 .debug_frame   0x00001418       0x20 c:/nxp/mcuxpressoide_11.9.0_2144/ide/tools/bin/../lib/gcc/arm-none-eabi/12.3.1/thumb/v6-m/nofp\libgcc.a(fixsfsi.o)
 .debug_frame   0x00001438       0x2c c:/nxp/mcuxpressoide_11.9.0_2144/ide/tools/bin/../lib/gcc/arm-none-eabi/12.3.1/thumb/v6-m/nofp\libgcc.a(floatsisf.o)
 .debug_frame   0x00001464       0x28 c:/nxp/mcuxpressoide_11.9.0_2144/ide/tools/bin/../lib/gcc/arm-none-eabi/12.3.1/thumb/v6-m/nofp\libc_nano.a(libc_a-exit.o)
 .debug_frame   0x0000148c       0x40 c:/nxp/mcuxpressoide_11.9.0_2144/ide/tools/bin/../lib/gcc/arm-none-eabi/12.3.1/thumb/v6-m/nofp\libc_nano.a(libc_a-malloc.o)
 .debug_frame   0x000014cc       0x50 c:/nxp/mcuxpressoide_11.9.0_2144/ide/tools/bin/../lib/gcc/arm-none-eabi/12.3.1/thumb/v6-m/nofp\libc_nano.a(libc_a-mallocr.o)
 .debug_frame   0x0000151c       0x40 c:/nxp/mcuxpressoide_11.9.0_2144/ide/tools/bin/../lib/gcc/arm-none-eabi/12.3.1/thumb/v6-m/nofp\libc_nano.a(libc_a-mlock.o)
 .debug_frame   0x0000155c      0x138 c:/nxp/mcuxpressoide_11.9.0_2144/ide/tools/bin/../lib/gcc/arm-none-eabi/12.3.1/thumb/v6-m/nofp\libc_nano.a(libc_a-findfp.o)
 .debug_frame   0x00001694       0x20 c:/nxp/mcuxpressoide_11.9.0_2144/ide/tools/bin/../lib/gcc/arm-none-eabi/12.3.1/thumb/v6-m/nofp\libc_nano.a(libc_a-memset.o)
 .debug_frame   0x000016b4       0x2c c:/nxp/mcuxpressoide_11.9.0_2144/ide/tools/bin/../lib/gcc/arm-none-eabi/12.3.1/thumb/v6-m/nofp\libc_nano.a(libc_a-reent.o)
 .debug_frame   0x000016e0       0x2c c:/nxp/mcuxpressoide_11.9.0_2144/ide/tools/bin/../lib/gcc/arm-none-eabi/12.3.1/thumb/v6-m/nofp\libc_nano.a(libc_a-sbrkr.o)
 .debug_frame   0x0000170c       0x20 c:/nxp/mcuxpressoide_11.9.0_2144/ide/tools/bin/../lib/gcc/arm-none-eabi/12.3.1/thumb/v6-m/nofp\libc_nano.a(libc_a-errno.o)
 .debug_frame   0x0000172c       0x2c c:/nxp/mcuxpressoide_11.9.0_2144/ide/tools/bin/../lib/gcc/arm-none-eabi/12.3.1/thumb/v6-m/nofp\libc_nano.a(libc_a-init.o)
 .debug_frame   0x00001758       0xb0 c:/nxp/mcuxpressoide_11.9.0_2144/ide/tools/bin/../lib/gcc/arm-none-eabi/12.3.1/thumb/v6-m/nofp\libc_nano.a(libc_a-lock.o)
 .debug_frame   0x00001808       0x28 c:/nxp/mcuxpressoide_11.9.0_2144/ide/tools/bin/../lib/gcc/arm-none-eabi/12.3.1/thumb/v6-m/nofp\libc_nano.a(libc_a-memcpy-stub.o)
 .debug_frame   0x00001830       0x20 c:/nxp/mcuxpressoide_11.9.0_2144/ide/tools/bin/../lib/gcc/arm-none-eabi/12.3.1/../../../../arm-none-eabi/lib/thumb/v6-m/nofp\libcr_newlib_nohost.a(_exit.o)

.debug_loc      0x00000000       0x15
 .debug_loc     0x00000000       0x15 c:/nxp/mcuxpressoide_11.9.0_2144/ide/tools/bin/../lib/gcc/arm-none-eabi/12.3.1/../../../../arm-none-eabi/lib/thumb/v6-m/nofp\libcr_newlib_nohost.a(_exit.o)

.debug_ranges   0x00000000       0x10
 .debug_ranges  0x00000000       0x10 c:/nxp/mcuxpressoide_11.9.0_2144/ide/tools/bin/../lib/gcc/arm-none-eabi/12.3.1/../../../../arm-none-eabi/lib/thumb/v6-m/nofp\libcr_newlib_nohost.a(_exit.o)
