Archive member included to satisfy reference by file (symbol)

C:/NXP/MCUXpressoIDE_24.12.148/ide/tools/bin/../lib/gcc/arm-none-eabi/13.2.1/thumb/v6-m/nofp\libgcc.a(_udivsi3.o)
                              CMakeFiles/Recirculador.elf.dir/C_/Users/jackson.lewandowski/Documents/NXP_Projects/Recirculador/src/drivers/interrupt/interrupt.c.obj (__aeabi_uidiv)
C:/NXP/MCUXpressoIDE_24.12.148/ide/tools/bin/../lib/gcc/arm-none-eabi/13.2.1/thumb/v6-m/nofp\libgcc.a(_divsi3.o)
                              CMakeFiles/Recirculador.elf.dir/C_/Users/jackson.lewandowski/Documents/NXP_Projects/Recirculador/src/drivers/peripheral/adc/adc.c.obj (__aeabi_idiv)
C:/NXP/MCUXpressoIDE_24.12.148/ide/tools/bin/../lib/gcc/arm-none-eabi/13.2.1/thumb/v6-m/nofp\libgcc.a(_dvmd_tls.o)
                              C:/NXP/MCUXpressoIDE_24.12.148/ide/tools/bin/../lib/gcc/arm-none-eabi/13.2.1/thumb/v6-m/nofp\libgcc.a(_udivsi3.o) (__aeabi_idiv0)
C:/NXP/MCUXpressoIDE_24.12.148/ide/tools/bin/../lib/gcc/arm-none-eabi/13.2.1/thumb/v6-m/nofp\libgcc.a(_aeabi_uldivmod.o)
                              CMakeFiles/Recirculador.elf.dir/C_/Users/jackson.lewandowski/Documents/NXP_Projects/Recirculador/lib/repo/core/devices/LPC804/drivers/fsl_clock.c.obj (__aeabi_uldivmod)
C:/NXP/MCUXpressoIDE_24.12.148/ide/tools/bin/../lib/gcc/arm-none-eabi/13.2.1/thumb/v6-m/nofp\libgcc.a(_muldi3.o)
                              CMakeFiles/Recirculador.elf.dir/C_/Users/jackson.lewandowski/Documents/NXP_Projects/Recirculador/lib/repo/core/drivers/common/fsl_common_arm.c.obj (__aeabi_lmul)
C:/NXP/MCUXpressoIDE_24.12.148/ide/tools/bin/../lib/gcc/arm-none-eabi/13.2.1/thumb/v6-m/nofp\libgcc.a(_fixunssfsi.o)
                              CMakeFiles/Recirculador.elf.dir/C_/Users/jackson.lewandowski/Documents/NXP_Projects/Recirculador/src/app/app_config.c.obj (__aeabi_f2uiz)
C:/NXP/MCUXpressoIDE_24.12.148/ide/tools/bin/../lib/gcc/arm-none-eabi/13.2.1/thumb/v6-m/nofp\libgcc.a(_udivmoddi4.o)
                              C:/NXP/MCUXpressoIDE_24.12.148/ide/tools/bin/../lib/gcc/arm-none-eabi/13.2.1/thumb/v6-m/nofp\libgcc.a(_aeabi_uldivmod.o) (__udivmoddi4)
C:/NXP/MCUXpressoIDE_24.12.148/ide/tools/bin/../lib/gcc/arm-none-eabi/13.2.1/thumb/v6-m/nofp\libgcc.a(addsf3.o)
                              CMakeFiles/Recirculador.elf.dir/C_/Users/jackson.lewandowski/Documents/NXP_Projects/Recirculador/src/app/app_config.c.obj (__aeabi_fadd)
C:/NXP/MCUXpressoIDE_24.12.148/ide/tools/bin/../lib/gcc/arm-none-eabi/13.2.1/thumb/v6-m/nofp\libgcc.a(subsf3.o)
                              C:/NXP/MCUXpressoIDE_24.12.148/ide/tools/bin/../lib/gcc/arm-none-eabi/13.2.1/thumb/v6-m/nofp\libgcc.a(_fixunssfsi.o) (__aeabi_fsub)
C:/NXP/MCUXpressoIDE_24.12.148/ide/tools/bin/../lib/gcc/arm-none-eabi/13.2.1/thumb/v6-m/nofp\libgcc.a(fixsfsi.o)
                              C:/NXP/MCUXpressoIDE_24.12.148/ide/tools/bin/../lib/gcc/arm-none-eabi/13.2.1/thumb/v6-m/nofp\libgcc.a(_fixunssfsi.o) (__aeabi_f2iz)
C:/NXP/MCUXpressoIDE_24.12.148/ide/tools/bin/../lib/gcc/arm-none-eabi/13.2.1/thumb/v6-m/nofp\libgcc.a(floatsisf.o)
                              CMakeFiles/Recirculador.elf.dir/C_/Users/jackson.lewandowski/Documents/NXP_Projects/Recirculador/src/app/app_config.c.obj (__aeabi_i2f)
C:/NXP/MCUXpressoIDE_24.12.148/ide/tools/bin/../lib/gcc/arm-none-eabi/13.2.1/thumb/v6-m/nofp\libgcc.a(_arm_cmpsf2.o)
                              C:/NXP/MCUXpressoIDE_24.12.148/ide/tools/bin/../lib/gcc/arm-none-eabi/13.2.1/thumb/v6-m/nofp\libgcc.a(_fixunssfsi.o) (__aeabi_fcmpge)
C:/NXP/MCUXpressoIDE_24.12.148/ide/tools/bin/../lib/gcc/arm-none-eabi/13.2.1/thumb/v6-m/nofp\libgcc.a(_clzsi2.o)
                              C:/NXP/MCUXpressoIDE_24.12.148/ide/tools/bin/../lib/gcc/arm-none-eabi/13.2.1/thumb/v6-m/nofp\libgcc.a(addsf3.o) (__clzsi2)
C:/NXP/MCUXpressoIDE_24.12.148/ide/tools/bin/../lib/gcc/arm-none-eabi/13.2.1/thumb/v6-m/nofp\libgcc.a(_clzdi2.o)
                              C:/NXP/MCUXpressoIDE_24.12.148/ide/tools/bin/../lib/gcc/arm-none-eabi/13.2.1/thumb/v6-m/nofp\libgcc.a(_udivmoddi4.o) (__clzdi2)
C:/NXP/MCUXpressoIDE_24.12.148/ide/tools/bin/../lib/gcc/arm-none-eabi/13.2.1/thumb/v6-m/nofp\libgcc.a(eqsf2.o)
                              C:/NXP/MCUXpressoIDE_24.12.148/ide/tools/bin/../lib/gcc/arm-none-eabi/13.2.1/thumb/v6-m/nofp\libgcc.a(_arm_cmpsf2.o) (__eqsf2)
C:/NXP/MCUXpressoIDE_24.12.148/ide/tools/bin/../lib/gcc/arm-none-eabi/13.2.1/thumb/v6-m/nofp\libgcc.a(gesf2.o)
                              C:/NXP/MCUXpressoIDE_24.12.148/ide/tools/bin/../lib/gcc/arm-none-eabi/13.2.1/thumb/v6-m/nofp\libgcc.a(_arm_cmpsf2.o) (__gesf2)
C:/NXP/MCUXpressoIDE_24.12.148/ide/tools/bin/../lib/gcc/arm-none-eabi/13.2.1/thumb/v6-m/nofp\libgcc.a(lesf2.o)
                              C:/NXP/MCUXpressoIDE_24.12.148/ide/tools/bin/../lib/gcc/arm-none-eabi/13.2.1/thumb/v6-m/nofp\libgcc.a(_arm_cmpsf2.o) (__lesf2)
C:/NXP/MCUXpressoIDE_24.12.148/ide/tools/bin/../lib/gcc/arm-none-eabi/13.2.1/thumb/v6-m/nofp\libc_nano.a(libc_a-exit.o)
[...]
Memory Configuration

Name             Origin             Length             Attributes
m_interrupts     0x00000000         0x00000200         xr
m_crp            0x000002fc         0x00000004         xr
m_text           0x00000300         0x00007500         xr
m_eeprom         0x00007800         0x00000800         xr
m_data           0x10000000         0x00000fe0         rw
*default*        0x00000000         0xffffffff

Linker script and memory map

LOAD C:/NXP/MCUXpressoIDE_24.12.148/ide/tools/bin/../lib/gcc/arm-none-eabi/13.2.1/thumb/v6-m/nofp/crti.o
LOAD C:/NXP/MCUXpressoIDE_24.12.148/ide/tools/bin/../lib/gcc/arm-none-eabi/13.2.1/thumb/v6-m/nofp/crtbegin.o
LOAD C:/NXP/MCUXpressoIDE_24.12.148/ide/tools/bin/../lib/gcc/arm-none-eabi/13.2.1/thumb/v6-m/nofp/crt0.o
LOAD CMakeFiles/Recirculador.elf.dir/C_/Users/jackson.lewandowski/Documents/NXP_Projects/Recirculador/src/app/app_config.c.obj
LOAD CMakeFiles/Recirculador.elf.dir/C_/Users/jackson.lewandowski/Documents/NXP_Projects/Recirculador/src/app/board.c.obj
LOAD CMakeFiles/Recirculador.elf.dir/C_/Users/jackson.lewandowski/Documents/NXP_Projects/Recirculador/src/app/log.c.obj
LOAD CMakeFiles/Recirculador.elf.dir/C_/Users/jackson.lewandowski/Documents/NXP_Projects/Recirculador/src/app/main.c.obj
LOAD CMakeFiles/Recirculador.elf.dir/C_/Users/jackson.lewandowski/Documents/NXP_Projects/Recirculador/src/app/recirculador.c.obj
LOAD CMakeFiles/Recirculador.elf.dir/C_/Users/jackson.lewandowski/Documents/NXP_Projects/Recirculador/src/app/system.c.obj
LOAD CMakeFiles/Recirculador.elf.dir/C_/Users/jackson.lewandowski/Documents/NXP_Projects/Recirculador/src/drivers/flash_memory/flash_memory.c.obj
LOAD CMakeFiles/Recirculador.elf.dir/C_/Users/jackson.lewandowski/Documents/NXP_Projects/Recirculador/src/drivers/gpio/gpio.c.obj
LOAD CMakeFiles/Recirculador.elf.dir/C_/Users/jackson.lewandowski/Documents/NXP_Projects/Recirculador/src/drivers/interrupt/interrupt.c.obj
LOAD CMakeFiles/Recirculador.elf.dir/C_/Users/jackson.lewandowski/Documents/NXP_Projects/Recirculador/src/drivers/peripheral/adc/adc.c.obj
LOAD CMakeFiles/Recirculador.elf.dir/C_/Users/jackson.lewandowski/Documents/NXP_Projects/Recirculador/src/drivers/peripheral/i2c/i2c.c.obj
LOAD CMakeFiles/Recirculador.elf.dir/C_/Users/jackson.lewandowski/Documents/NXP_Projects/Recirculador/src/services/calendar/calendar.c.obj
LOAD CMakeFiles/Recirculador.elf.dir/C_/Users/jackson.lewandowski/Documents/NXP_Projects/Recirculador/src/services/checksum/checksum.c.obj
LOAD CMakeFiles/Recirculador.elf.dir/C_/Users/jackson.lewandowski/Documents/NXP_Projects/Recirculador/src/services/fota/fota.c.obj
LOAD CMakeFiles/Recirculador.elf.dir/C_/Users/jackson.lewandowski/Documents/NXP_Projects/Recirculador/src/services/led_control/led_control.c.obj
LOAD CMakeFiles/Recirculador.elf.dir/C_/Users/jackson.lewandowski/Documents/NXP_Projects/Recirculador/src/services/log_lpc804/log_lpc804.c.obj
LOAD CMakeFiles/Recirculador.elf.dir/C_/Users/jackson.lewandowski/Documents/NXP_Projects/Recirculador/src/services/message_manager/message_manager.c.obj
LOAD CMakeFiles/Recirculador.elf.dir/C_/Users/jackson.lewandowski/Documents/NXP_Projects/Recirculador/src/services/ntc_thermistor/ntc_thermistor.c.obj
LOAD CMakeFiles/Recirculador.elf.dir/C_/Users/jackson.lewandowski/Documents/NXP_Projects/Recirculador/src/services/register_manager_copy/register_manager.c.obj
LOAD CMakeFiles/Recirculador.elf.dir/C_/Users/jackson.lewandowski/Documents/NXP_Projects/Recirculador/src/services/registers_manager/registers_manager.c.obj
LOAD CMakeFiles/Recirculador.elf.dir/C_/Users/jackson.lewandowski/Documents/NXP_Projects/Recirculador/src/services/task/task.c.obj
LOAD CMakeFiles/Recirculador.elf.dir/C_/Users/jackson.lewandowski/Documents/NXP_Projects/Recirculador/lib/repo/core/utilities/misc_utilities/fsl_sbrk.c.obj
LOAD CMakeFiles/Recirculador.elf.dir/C_/Users/jackson.lewandowski/Documents/NXP_Projects/Recirculador/lib/repo/core/utilities/misc_utilities/fsl_syscall_stub.c.obj
LOAD CMakeFiles/Recirculador.elf.dir/C_/Users/jackson.lewandowski/Documents/NXP_Projects/Recirculador/lib/repo/core/devices/LPC804/gcc/startup_LPC804.S.obj
LOAD CMakeFiles/Recirculador.elf.dir/C_/Users/jackson.lewandowski/Documents/NXP_Projects/Recirculador/lib/repo/core/devices/LPC804/drivers/fsl_clock.c.obj
LOAD CMakeFiles/Recirculador.elf.dir/C_/Users/jackson.lewandowski/Documents/NXP_Projects/Recirculador/lib/repo/core/utilities/str/fsl_str.c.obj
LOAD CMakeFiles/Recirculador.elf.dir/C_/Users/jackson.lewandowski/Documents/NXP_Projects/Recirculador/lib/repo/core/utilities/debug_console_lite/fsl_debug_console.c.obj
LOAD CMakeFiles/Recirculador.elf.dir/C_/Users/jackson.lewandowski/Documents/NXP_Projects/Recirculador/lib/repo/core/devices/LPC804/drivers/fsl_power.c.obj
LOAD CMakeFiles/Recirculador.elf.dir/C_/Users/jackson.lewandowski/Documents/NXP_Projects/Recirculador/lib/repo/core/drivers/common/fsl_common.c.obj
LOAD CMakeFiles/Recirculador.elf.dir/C_/Users/jackson.lewandowski/Documents/NXP_Projects/Recirculador/lib/repo/core/drivers/common/fsl_common_arm.c.obj
LOAD CMakeFiles/Recirculador.elf.dir/C_/Users/jackson.lewandowski/Documents/NXP_Projects/Recirculador/lib/repo/core/devices/LPC804/system_LPC804.c.obj
LOAD CMakeFiles/Recirculador.elf.dir/C_/Users/jackson.lewandowski/Documents/NXP_Projects/Recirculador/lib/repo/core/utilities/assert/fsl_assert.c.obj
LOAD CMakeFiles/Recirculador.elf.dir/C_/Users/jackson.lewandowski/Documents/NXP_Projects/Recirculador/lib/repo/core/components/uart/fsl_adapter_miniusart.c.obj
LOAD CMakeFiles/Recirculador.elf.dir/C_/Users/jackson.lewandowski/Documents/NXP_Projects/Recirculador/lib/repo/core/drivers/lpc_gpio/fsl_gpio.c.obj
LOAD CMakeFiles/Recirculador.elf.dir/C_/Users/jackson.lewandowski/Documents/NXP_Projects/Recirculador/lib/repo/core/drivers/lpc_miniusart/fsl_usart.c.obj
LOAD CMakeFiles/Recirculador.elf.dir/C_/Users/jackson.lewandowski/Documents/NXP_Projects/Recirculador/lib/repo/core/devices/LPC804/drivers/fsl_reset.c.obj
LOAD CMakeFiles/Recirculador.elf.dir/C_/Users/jackson.lewandowski/Documents/NXP_Projects/Recirculador/lib/repo/core/drivers/swm/fsl_swm.c.obj
LOAD CMakeFiles/Recirculador.elf.dir/C_/Users/jackson.lewandowski/Documents/NXP_Projects/Recirculador/lib/repo/core/drivers/syscon/fsl_syscon.c.obj
LOAD CMakeFiles/Recirculador.elf.dir/C_/Users/jackson.lewandowski/Documents/NXP_Projects/Recirculador/lib/repo/core/drivers/iap/fsl_iap.c.obj
START GROUP
LOAD C:/NXP/MCUXpressoIDE_24.12.148/ide/tools/bin/../lib/gcc/arm-none-eabi/13.2.1/thumb/v6-m/nofp\libgcc.a
LOAD C:/NXP/MCUXpressoIDE_24.12.148/ide/tools/bin/../lib/gcc/arm-none-eabi/13.2.1/thumb/v6-m/nofp\libc_nano.a
LOAD C:/NXP/MCUXpressoIDE_24.12.148/ide/tools/bin/../lib/gcc/arm-none-eabi/13.2.1/thumb/v6-m/nofp\libm.a
LOAD C:/NXP/MCUXpressoIDE_24.12.148/ide/tools/bin/../lib/gcc/arm-none-eabi/13.2.1/../../../../arm-none-eabi/lib/thumb/v6-m/nofp\libcr_newlib_nohost.a
END GROUP
START GROUP
LOAD C:/NXP/MCUXpressoIDE_24.12.148/ide/tools/bin/../lib/gcc/arm-none-eabi/13.2.1/thumb/v6-m/nofp\libgcc.a
LOAD C:/NXP/MCUXpressoIDE_24.12.148/ide/tools/bin/../lib/gcc/arm-none-eabi/13.2.1/thumb/v6-m/nofp\libg_nano.a
LOAD C:/NXP/MCUXpressoIDE_24.12.148/ide/tools/bin/../lib/gcc/arm-none-eabi/13.2.1/thumb/v6-m/nofp\libc_nano.a
END GROUP
START GROUP
LOAD C:/NXP/MCUXpressoIDE_24.12.148/ide/tools/bin/../lib/gcc/arm-none-eabi/13.2.1/thumb/v6-m/nofp\libgcc.a
LOAD C:/NXP/MCUXpressoIDE_24.12.148/ide/tools/bin/../lib/gcc/arm-none-eabi/13.2.1/thumb/v6-m/nofp\libc_nano.a
LOAD C:/NXP/MCUXpressoIDE_24.12.148/ide/tools/bin/../lib/gcc/arm-none-eabi/13.2.1/thumb/v6-m/nofp\libnosys.a
END GROUP
START GROUP
LOAD C:/NXP/MCUXpressoIDE_24.12.148/ide/tools/bin/../lib/gcc/arm-none-eabi/13.2.1/thumb/v6-m/nofp\libgcc.a
LOAD C:/NXP/MCUXpressoIDE_24.12.148/ide/tools/bin/../lib/gcc/arm-none-eabi/13.2.1/thumb/v6-m/nofp\libc_nano.a
LOAD C:/NXP/MCUXpressoIDE_24.12.148/ide/tools/bin/../lib/gcc/arm-none-eabi/13.2.1/thumb/v6-m/nofp\libnosys.a
END GROUP
LOAD C:/NXP/MCUXpressoIDE_24.12.148/ide/tools/bin/../lib/gcc/arm-none-eabi/13.2.1/thumb/v6-m/nofp/crtend.o
LOAD C:/NXP/MCUXpressoIDE_24.12.148/ide/tools/bin/../lib/gcc/arm-none-eabi/13.2.1/thumb/v6-m/nofp/crtn.o
                0x00000040                        HEAP_SIZE = DEFINED (__heap_size__)?__heap_size__:0x40
                0x00000040                        STACK_SIZE = DEFINED (__stack_size__)?__stack_size__:0x40

.eeprom_storage
                0x00007c00        0x0
                0x00007c00                        . = ALIGN (0x40)
                0x00007c00                        __eeprom_storage_start__ = .
 *(.eeprom_storage*)
                0x00007c00                        . = ALIGN (0x40)
                0x00007c00                        __eeprom_storage_end__ = .

.interrupts     0x00000000       0xc0
                0x00000000                        . = ALIGN (0x4)
 *(.isr_vector)
 .isr_vector    0x00000000       0xc0 CMakeFiles/Recirculador.elf.dir/C_/Users/jackson.lewandowski/Documents/NXP_Projects/Recirculador/lib/repo/core/devices/LPC804/gcc/startup_LPC804.S.obj
                0x00000000                __Vectors
                0x000000c0                        . = ALIGN (0x4)

.crp            0x000002fc        0x4
                0x000002fc                        . = ALIGN (0x4)
 *(.crp)
 .crp           0x000002fc        0x4 CMakeFiles/Recirculador.elf.dir/C_/Users/jackson.lewandowski/Documents/NXP_Projects/Recirculador/lib/repo/core/devices/LPC804/gcc/startup_LPC804.S.obj
                0x00000300                        . = ALIGN (0x4)

.text           0x00000300      0xcf0
                0x00000300                        . = ALIGN (0x4)
 *(.text)
 .text          0x00000300       0x80 C:/NXP/MCUXpressoIDE_24.12.148/ide/tools/bin/../lib/gcc/arm-none-eabi/13.2.1/thumb/v6-m/nofp/crt0.o
                0x00000300                _stack_init
                0x0000030c                _start
                0x0000030c                _mainCRTStartup
 .text          0x00000380      0x17c CMakeFiles/Recirculador.elf.dir/C_/Users/jackson.lewandowski/Documents/NXP_Projects/Recirculador/lib/repo/core/devices/LPC804/gcc/startup_LPC804.S.obj
                0x00000380                Reset_Handler
                0x000003cc                Reserved37_DriverIRQHandler
                0x000003cc                Reserved21_DriverIRQHandler
                0x000003cc                SPI0_DriverIRQHandler
                0x000003cc                I2C1_DriverIRQHandler
                0x000003cc                BOD_DriverIRQHandler
                0x000003cc                Reserved25_DriverIRQHandler
                0x000003cc                ADC_SEQA_DriverIRQHandler
                0x000003cc                PIN_INT1_DriverIRQHandler
                0x000003cc                PIN_INT3_DriverIRQHandler
                0x000003cc                PIN_INT2_DriverIRQHandler
                0x000003cc                WDT_DriverIRQHandler
                0x000003cc                PIN_INT6_DriverIRQHandler
                0x000003cc                Reserved36_DriverIRQHandler
                0x000003cc                ADC_SEQB_DriverIRQHandler
                0x000003cc                PIN_INT0_DriverIRQHandler
                0x000003cc                Reserved17_DriverIRQHandler
                0x000003cc                DefaultISR
                0x000003cc                CTIMER0_DriverIRQHandler
                0x000003cc                WKT_DriverIRQHandler
                0x000003cc                DAC0_DriverIRQHandler
                0x000003cc                MRT0_DriverIRQHandler
                0x000003cc                PIN_INT4_DriverIRQHandler
                0x000003cc                PIN_INT5_DriverIRQHandler
                0x000003cc                FLASH_DriverIRQHandler
                0x000003cc                CMP_CAPT_DriverIRQHandler
                0x000003cc                ADC_OVR_DriverIRQHandler
                0x000003cc                ADC_THCMP_DriverIRQHandler
                0x000003cc                PIN_INT7_DriverIRQHandler
                0x000003cc                I2C0_DriverIRQHandler
                0x000003cc                Reserved38_DriverIRQHandler
                0x000003cc                Reserved22_DriverIRQHandler
                0x000003d0                NMI_Handler
                0x000003d4                HardFault_Handler
                0x000003d8                SVC_Handler
                0x000003dc                PendSV_Handler
                0x000003e4                SPI0_IRQHandler
                0x000003e8                Reserved17_IRQHandler
                0x000003ec                DAC0_IRQHandler
                0x000003f0                USART0_IRQHandler
                0x000003f4                USART1_IRQHandler
                0x000003f8                Reserved21_IRQHandler
                0x000003fc                Reserved22_IRQHandler
                0x00000400                I2C1_IRQHandler
                0x00000404                I2C0_IRQHandler
                0x00000408                Reserved25_IRQHandler
                0x00000410                CMP_CAPT_IRQHandler
                0x00000414                WDT_IRQHandler
                0x00000418                BOD_IRQHandler
                0x0000041c                FLASH_IRQHandler
                0x00000420                WKT_IRQHandler
                0x00000424                ADC_SEQA_IRQHandler
                0x00000428                ADC_SEQB_IRQHandler
                0x0000042c                ADC_THCMP_IRQHandler
                0x00000430                ADC_OVR_IRQHandler
                0x00000434                Reserved36_IRQHandler
                0x00000438                Reserved37_IRQHandler
                0x0000043c                Reserved38_IRQHandler
                0x00000440                CTIMER0_IRQHandler
 .text          0x000004fc      0x114 C:/NXP/MCUXpressoIDE_24.12.148/ide/tools/bin/../lib/gcc/arm-none-eabi/13.2.1/thumb/v6-m/nofp\libgcc.a(_udivsi3.o)
                0x000004fc                __aeabi_uidiv
                0x000004fc                __udivsi3
                0x00000608                __aeabi_uidivmod
 .text          0x00000610        0x4 C:/NXP/MCUXpressoIDE_24.12.148/ide/tools/bin/../lib/gcc/arm-none-eabi/13.2.1/thumb/v6-m/nofp\libgcc.a(_dvmd_tls.o)
                0x00000610                __aeabi_idiv0
                0x00000610                __aeabi_ldiv0
 *(.text*)
 .text.deregister_tm_clones
                0x00000614       0x20 C:/NXP/MCUXpressoIDE_24.12.148/ide/tools/bin/../lib/gcc/arm-none-eabi/13.2.1/thumb/v6-m/nofp/crtbegin.o
 .text.register_tm_clones
                0x00000634       0x28 C:/NXP/MCUXpressoIDE_24.12.148/ide/tools/bin/../lib/gcc/arm-none-eabi/13.2.1/thumb/v6-m/nofp/crtbegin.o
 .text.__do_global_dtors_aux
                0x0000065c       0x2c C:/NXP/MCUXpressoIDE_24.12.148/ide/tools/bin/../lib/gcc/arm-none-eabi/13.2.1/thumb/v6-m/nofp/crtbegin.o
 .text.frame_dummy
                0x00000688       0x24 C:/NXP/MCUXpressoIDE_24.12.148/ide/tools/bin/../lib/gcc/arm-none-eabi/13.2.1/thumb/v6-m/nofp/crtbegin.o
 .text.setup    0x000006ac       0x7c CMakeFiles/Recirculador.elf.dir/C_/Users/jackson.lewandowski/Documents/NXP_Projects/Recirculador/src/app/main.c.obj
                0x000006ac                setup
 .text.main     0x00000728        0x8 CMakeFiles/Recirculador.elf.dir/C_/Users/jackson.lewandowski/Documents/NXP_Projects/Recirculador/src/app/main.c.obj
                0x00000728                main
 .text.SysConfigClock30M
                0x00000730       0x3c CMakeFiles/Recirculador.elf.dir/C_/Users/jackson.lewandowski/Documents/NXP_Projects/Recirculador/src/app/system.c.obj
                0x00000730                SysConfigClock30M
 .text.iap_Begin
                0x0000076c       0x40 CMakeFiles/Recirculador.elf.dir/C_/Users/jackson.lewandowski/Documents/NXP_Projects/Recirculador/src/drivers/flash_memory/flash_memory.c.obj
                0x0000076c                iap_Begin
 .text.iap_ReadChar
                0x000007ac       0x1c CMakeFiles/Recirculador.elf.dir/C_/Users/jackson.lewandowski/Documents/NXP_Projects/Recirculador/src/drivers/flash_memory/flash_memory.c.obj
                0x000007ac                iap_ReadChar
 .text.gpio_enableClock
                0x000007c8       0x48 CMakeFiles/Recirculador.elf.dir/C_/Users/jackson.lewandowski/Documents/NXP_Projects/Recirculador/src/drivers/gpio/gpio.c.obj
                0x000007c8                gpio_enableClock
 .text.gpio_ConfigPinInput
                0x00000810       0x74 CMakeFiles/Recirculador.elf.dir/C_/Users/jackson.lewandowski/Documents/NXP_Projects/Recirculador/src/drivers/gpio/gpio.c.obj
                0x00000810                gpio_ConfigPinInput
 .text.gpio_ConfigPinOutput
                0x00000884       0x74 CMakeFiles/Recirculador.elf.dir/C_/Users/jackson.lewandowski/Documents/NXP_Projects/Recirculador/src/drivers/gpio/gpio.c.obj
                0x00000884                gpio_ConfigPinOutput
 .text.gpio_ClearPin
                0x000008f8       0x3c CMakeFiles/Recirculador.elf.dir/C_/Users/jackson.lewandowski/Documents/NXP_Projects/Recirculador/src/drivers/gpio/gpio.c.obj
                0x000008f8                gpio_ClearPin
 .text.PIN_INT0_IRQHandler
                0x00000934       0x34 CMakeFiles/Recirculador.elf.dir/C_/Users/jackson.lewandowski/Documents/NXP_Projects/Recirculador/src/drivers/interrupt/interrupt.c.obj
                0x00000934                PIN_INT0_IRQHandler
 .text.PIN_INT1_IRQHandler
                0x00000968       0x34 CMakeFiles/Recirculador.elf.dir/C_/Users/jackson.lewandowski/Documents/NXP_Projects/Recirculador/src/drivers/interrupt/interrupt.c.obj
                0x00000968                PIN_INT1_IRQHandler
 .text.PIN_INT2_IRQHandler
                0x0000099c       0x34 CMakeFiles/Recirculador.elf.dir/C_/Users/jackson.lewandowski/Documents/NXP_Projects/Recirculador/src/drivers/interrupt/interrupt.c.obj
                0x0000099c                PIN_INT2_IRQHandler
 .text.PIN_INT3_IRQHandler
                0x000009d0       0x34 CMakeFiles/Recirculador.elf.dir/C_/Users/jackson.lewandowski/Documents/NXP_Projects/Recirculador/src/drivers/interrupt/interrupt.c.obj
                0x000009d0                PIN_INT3_IRQHandler
 .text.PIN_INT4_IRQHandler
                0x00000a04       0x34 CMakeFiles/Recirculador.elf.dir/C_/Users/jackson.lewandowski/Documents/NXP_Projects/Recirculador/src/drivers/interrupt/interrupt.c.obj
                0x00000a04                PIN_INT4_IRQHandler
 .text.PIN_INT5_IRQHandler
                0x00000a38       0x34 CMakeFiles/Recirculador.elf.dir/C_/Users/jackson.lewandowski/Documents/NXP_Projects/Recirculador/src/drivers/interrupt/interrupt.c.obj
                0x00000a38                PIN_INT5_IRQHandler
 .text.PIN_INT6_IRQHandler
                0x00000a6c       0x34 CMakeFiles/Recirculador.elf.dir/C_/Users/jackson.lewandowski/Documents/NXP_Projects/Recirculador/src/drivers/interrupt/interrupt.c.obj
                0x00000a6c                PIN_INT6_IRQHandler
 .text.PIN_INT7_IRQHandler
                0x00000aa0       0x34 CMakeFiles/Recirculador.elf.dir/C_/Users/jackson.lewandowski/Documents/NXP_Projects/Recirculador/src/drivers/interrupt/interrupt.c.obj
                0x00000aa0                PIN_INT7_IRQHandler
 .text.MRT0_IRQHandler
                0x00000ad4       0x58 CMakeFiles/Recirculador.elf.dir/C_/Users/jackson.lewandowski/Documents/NXP_Projects/Recirculador/src/drivers/interrupt/interrupt.c.obj
                0x00000ad4                MRT0_IRQHandler
 .text.SysTick_Handler
                0x00000b2c       0x30 CMakeFiles/Recirculador.elf.dir/C_/Users/jackson.lewandowski/Documents/NXP_Projects/Recirculador/src/drivers/interrupt/interrupt.c.obj
                0x00000b2c                SysTick_Handler
 .text.adc_Begin
                0x00000b5c       0x7c CMakeFiles/Recirculador.elf.dir/C_/Users/jackson.lewandowski/Documents/NXP_Projects/Recirculador/src/drivers/peripheral/adc/adc.c.obj
                0x00000b5c                adc_Begin
 .text.adc_Config
                0x00000bd8       0xb0 CMakeFiles/Recirculador.elf.dir/C_/Users/jackson.lewandowski/Documents/NXP_Projects/Recirculador/src/drivers/peripheral/adc/adc.c.obj
                0x00000bd8                adc_Config
 .text.__NVIC_EnableIRQ
                0x00000c88       0x34 CMakeFiles/Recirculador.elf.dir/C_/Users/jackson.lewandowski/Documents/NXP_Projects/Recirculador/src/drivers/peripheral/i2c/i2c.c.obj
 .text.__NVIC_DisableIRQ
                0x00000cbc       0x44 CMakeFiles/Recirculador.elf.dir/C_/Users/jackson.lewandowski/Documents/NXP_Projects/Recirculador/src/drivers/peripheral/i2c/i2c.c.obj
 .text.i2cBegin
                0x00000d00      0x114 CMakeFiles/Recirculador.elf.dir/C_/Users/jackson.lewandowski/Documents/NXP_Projects/Recirculador/src/drivers/peripheral/i2c/i2c.c.obj
                0x00000d00                i2cBegin
 .text._I2C_PrimarySetBaudRate
                0x00000e14       0xb4 CMakeFiles/Recirculador.elf.dir/C_/Users/jackson.lewandowski/Documents/NXP_Projects/Recirculador/src/drivers/peripheral/i2c/i2c.c.obj
                0x00000e14                _I2C_PrimarySetBaudRate
 .text.reg_Begin
                0x00000ec8        0xa CMakeFiles/Recirculador.elf.dir/C_/Users/jackson.lewandowski/Documents/NXP_Projects/Recirculador/src/services/registers_manager/registers_manager.c.obj
                0x00000ec8                reg_Begin
 *fill*         0x00000ed2        0x2 
 .text.SystemInit
                0x00000ed4       0x2c CMakeFiles/Recirculador.elf.dir/C_/Users/jackson.lewandowski/Documents/NXP_Projects/Recirculador/lib/repo/core/devices/LPC804/system_LPC804.c.obj
                0x00000ed4                SystemInit
 .text.SystemInitHook
                0x00000f00        0xa CMakeFiles/Recirculador.elf.dir/C_/Users/jackson.lewandowski/Documents/NXP_Projects/Recirculador/lib/repo/core/devices/LPC804/system_LPC804.c.obj
                0x00000f00                SystemInitHook
 *fill*         0x00000f0a        0x2 
 .text.USART0_DriverIRQHandler
                0x00000f0c       0x24 CMakeFiles/Recirculador.elf.dir/C_/Users/jackson.lewandowski/Documents/NXP_Projects/Recirculador/lib/repo/core/drivers/lpc_miniusart/fsl_usart.c.obj
                0x00000f0c                USART0_DriverIRQHandler
 .text.USART1_DriverIRQHandler
                0x00000f30       0x24 CMakeFiles/Recirculador.elf.dir/C_/Users/jackson.lewandowski/Documents/NXP_Projects/Recirculador/lib/repo/core/drivers/lpc_miniusart/fsl_usart.c.obj
                0x00000f30                USART1_DriverIRQHandler
 .text.exit     0x00000f54       0x28 C:/NXP/MCUXpressoIDE_24.12.148/ide/tools/bin/../lib/gcc/arm-none-eabi/13.2.1/thumb/v6-m/nofp\libc_nano.a(libc_a-exit.o)
                0x00000f54                exit
 .text.memset   0x00000f7c       0x10 C:/NXP/MCUXpressoIDE_24.12.148/ide/tools/bin/../lib/gcc/arm-none-eabi/13.2.1/thumb/v6-m/nofp\libc_nano.a(libc_a-memset.o)
                0x00000f7c                memset
 .text.__libc_init_array
                0x00000f8c       0x48 C:/NXP/MCUXpressoIDE_24.12.148/ide/tools/bin/../lib/gcc/arm-none-eabi/13.2.1/thumb/v6-m/nofp\libc_nano.a(libc_a-init.o)
                0x00000f8c                __libc_init_array
 .text._exit    0x00000fd4        0x2 C:/NXP/MCUXpressoIDE_24.12.148/ide/tools/bin/../lib/gcc/arm-none-eabi/13.2.1/../../../../arm-none-eabi/lib/thumb/v6-m/nofp\libcr_newlib_nohost.a(_exit.o)
                0x00000fd4                _exit
 *(.rodata)
 *(.rodata*)
 *(.glue_7)
 .glue_7        0x00000fd6        0x0 linker stubs
 *(.glue_7t)
 .glue_7t       0x00000fd6        0x0 linker stubs
 *(.eh_frame)
 *fill*         0x00000fd6        0x2 
 .eh_frame      0x00000fd8        0x0 C:/NXP/MCUXpressoIDE_24.12.148/ide/tools/bin/../lib/gcc/arm-none-eabi/13.2.1/thumb/v6-m/nofp/crtbegin.o
 *(.init)
 .init          0x00000fd8        0x4 C:/NXP/MCUXpressoIDE_24.12.148/ide/tools/bin/../lib/gcc/arm-none-eabi/13.2.1/thumb/v6-m/nofp/crti.o
                0x00000fd8                _init
 .init          0x00000fdc        0x8 C:/NXP/MCUXpressoIDE_24.12.148/ide/tools/bin/../lib/gcc/arm-none-eabi/13.2.1/thumb/v6-m/nofp/crtn.o
 *(.fini)
 .fini          0x00000fe4        0x4 C:/NXP/MCUXpressoIDE_24.12.148/ide/tools/bin/../lib/gcc/arm-none-eabi/13.2.1/thumb/v6-m/nofp/crti.o
                0x00000fe4                _fini
 .fini          0x00000fe8        0x8 C:/NXP/MCUXpressoIDE_24.12.148/ide/tools/bin/../lib/gcc/arm-none-eabi/13.2.1/thumb/v6-m/nofp/crtn.o
                0x00000ff0                        . = ALIGN (0x4)

.vfp11_veneer   0x00000ff0        0x0
 .vfp11_veneer  0x00000ff0        0x0 linker stubs

.v4_bx          0x00000ff0        0x0
 .v4_bx         0x00000ff0        0x0 linker stubs

.iplt           0x00000ff0        0x0
 .iplt          0x00000ff0        0x0 C:/NXP/MCUXpressoIDE_24.12.148/ide/tools/bin/../lib/gcc/arm-none-eabi/13.2.1/thumb/v6-m/nofp/crtbegin.o

.ARM.extab
 *(.ARM.extab* .gnu.linkonce.armextab.*)

.ARM            0x00000ff0        0x8
                0x00000ff0                        __exidx_start = .
 *(.ARM.exidx*)
 .ARM.exidx     0x00000ff0        0x8 C:/NXP/MCUXpressoIDE_24.12.148/ide/tools/bin/../lib/gcc/arm-none-eabi/13.2.1/thumb/v6-m/nofp/crt0.o
                                 0x10 (size before relaxing)
                0x00000ff8                        __exidx_end = .

.rel.dyn        0x00000ff8        0x0
 .rel.iplt      0x00000ff8        0x0 C:/NXP/MCUXpressoIDE_24.12.148/ide/tools/bin/../lib/gcc/arm-none-eabi/13.2.1/thumb/v6-m/nofp/crtbegin.o

.ctors          0x00000ff8        0x0
                0x00000ff8                        __CTOR_LIST__ = .
 *crtbegin.o(.ctors)
 *crtbegin?.o(.ctors)
 *(EXCLUDE_FILE(*crtend.o *crtend?.o) .ctors)
 *(SORT_BY_NAME(.ctors.*))
 *(.ctors)
                0x00000ff8                        __CTOR_END__ = .

.dtors          0x00000ff8        0x0
                0x00000ff8                        __DTOR_LIST__ = .
 *crtbegin.o(.dtors)
 *crtbegin?.o(.dtors)
 *(EXCLUDE_FILE(*crtend.o *crtend?.o) .dtors)
 *(SORT_BY_NAME(.dtors.*))
 *(.dtors)
                0x00000ff8                        __DTOR_END__ = .

.preinit_array  0x00000ff8        0x0
                0x00000ff8                        PROVIDE (__preinit_array_start = .)
 *(.preinit_array*)
                0x00000ff8                        PROVIDE (__preinit_array_end = .)

.init_array     0x00000ff8        0x8
                0x00000ff8                        PROVIDE (__init_array_start = .)
 *(SORT_BY_NAME(.init_array.*))
 *(.init_array*)
 .init_array    0x00000ff8        0x4 C:/NXP/MCUXpressoIDE_24.12.148/ide/tools/bin/../lib/gcc/arm-none-eabi/13.2.1/thumb/v6-m/nofp/crtbegin.o
 .init_array    0x00000ffc        0x4 CMakeFiles/Recirculador.elf.dir/C_/Users/jackson.lewandowski/Documents/NXP_Projects/Recirculador/src/app/main.c.obj
                0x00001000                        PROVIDE (__init_array_end = .)

.fini_array     0x00001000        0x4
                [!provide]                        PROVIDE (__fini_array_start = .)
 *(SORT_BY_NAME(.fini_array.*))
 *(.fini_array*)
 .fini_array    0x00001000        0x4 C:/NXP/MCUXpressoIDE_24.12.148/ide/tools/bin/../lib/gcc/arm-none-eabi/13.2.1/thumb/v6-m/nofp/crtbegin.o
                [!provide]                        PROVIDE (__fini_array_end = .)
                0x00001004                        __etext = .
                0x00001004                        __DATA_ROM = .

.data           0x10000000        0x4 load address 0x00001004
                0x10000000                        . = ALIGN (0x4)
                0x10000000                        __DATA_RAM = .
                0x10000000                        __data_start__ = .
 *(.ramfunc*)
 *(.data)
 *(.data*)
 .data.SystemCoreClock
                0x10000000        0x4 CMakeFiles/Recirculador.elf.dir/C_/Users/jackson.lewandowski/Documents/NXP_Projects/Recirculador/lib/repo/core/devices/LPC804/system_LPC804.c.obj
                0x10000000                SystemCoreClock
 *(.jcr*)
                0x10000004                        . = ALIGN (0x4)
                0x10000004                        __data_end__ = .
                0x00001008                        __DATA_END = (__DATA_ROM + (__data_end__ - __data_start__))
                0x00007800                        text_end = (ORIGIN (m_text) + LENGTH (m_text))
                0x00000001                        ASSERT ((__DATA_END <= text_end), region m_text overflowed with text and data)

.tm_clone_table
                0x10000004        0x0 load address 0x00001008
 .tm_clone_table
                0x10000004        0x0 C:/NXP/MCUXpressoIDE_24.12.148/ide/tools/bin/../lib/gcc/arm-none-eabi/13.2.1/thumb/v6-m/nofp/crtbegin.o
 .tm_clone_table
                0x10000004        0x0 C:/NXP/MCUXpressoIDE_24.12.148/ide/tools/bin/../lib/gcc/arm-none-eabi/13.2.1/thumb/v6-m/nofp/crtend.o

.igot.plt       0x10000004        0x0 load address 0x00001008
 .igot.plt      0x10000004        0x0 C:/NXP/MCUXpressoIDE_24.12.148/ide/tools/bin/../lib/gcc/arm-none-eabi/13.2.1/thumb/v6-m/nofp/crtbegin.o

.bss            0x10000004      0x878 load address 0x00001008
                0x10000004                        . = ALIGN (0x4)
                0x10000004                        __START_BSS = .
                0x10000004                        __bss_start__ = .
 *(.bss)
 *(.bss*)
 .bss.completed.1
                0x10000004        0x1 C:/NXP/MCUXpressoIDE_24.12.148/ide/tools/bin/../lib/gcc/arm-none-eabi/13.2.1/thumb/v6-m/nofp/crtbegin.o
 *fill*         0x10000005        0x3 
 .bss.object.0  0x10000008       0x18 C:/NXP/MCUXpressoIDE_24.12.148/ide/tools/bin/../lib/gcc/arm-none-eabi/13.2.1/thumb/v6-m/nofp/crtbegin.o
 .bss.temperatureADC
                0x10000020        0x8 CMakeFiles/Recirculador.elf.dir/C_/Users/jackson.lewandowski/Documents/NXP_Projects/Recirculador/src/app/main.c.obj
                0x10000020                temperatureADC
 .bss.iap_flash_Vet
                0x10000028      0x800 CMakeFiles/Recirculador.elf.dir/C_/Users/jackson.lewandowski/Documents/NXP_Projects/Recirculador/src/drivers/flash_memory/flash_memory.c.obj
 .bss.gpioOn    0x10000828        0x1 CMakeFiles/Recirculador.elf.dir/C_/Users/jackson.lewandowski/Documents/NXP_Projects/Recirculador/src/drivers/gpio/gpio.c.obj
                0x10000828                gpioOn
 *fill*         0x10000829        0x3 
 .bss.inputRefPin
                0x1000082c        0x4 CMakeFiles/Recirculador.elf.dir/C_/Users/jackson.lewandowski/Documents/NXP_Projects/Recirculador/src/drivers/gpio/gpio.c.obj
                0x1000082c                inputRefPin
 .bss.outputRefPin
                0x10000830        0x4 CMakeFiles/Recirculador.elf.dir/C_/Users/jackson.lewandowski/Documents/NXP_Projects/Recirculador/src/drivers/gpio/gpio.c.obj
                0x10000830                outputRefPin
 .bss.ptrIsrFunc
                0x10000834       0x20 CMakeFiles/Recirculador.elf.dir/C_/Users/jackson.lewandowski/Documents/NXP_Projects/Recirculador/src/drivers/interrupt/interrupt.c.obj
                0x10000834                ptrIsrFunc
 .bss.ptrIsrTimer
                0x10000854        0x8 CMakeFiles/Recirculador.elf.dir/C_/Users/jackson.lewandowski/Documents/NXP_Projects/Recirculador/src/drivers/interrupt/interrupt.c.obj
                0x10000854                ptrIsrTimer
 .bss.ptrSysTickISR
                0x1000085c        0x4 CMakeFiles/Recirculador.elf.dir/C_/Users/jackson.lewandowski/Documents/NXP_Projects/Recirculador/src/drivers/interrupt/interrupt.c.obj
                0x1000085c                ptrSysTickISR
 .bss.SysTickCount
                0x10000860        0x4 CMakeFiles/Recirculador.elf.dir/C_/Users/jackson.lewandowski/Documents/NXP_Projects/Recirculador/src/drivers/interrupt/interrupt.c.obj
                0x10000860                SysTickCount
 .bss.adcOn     0x10000864        0x1 CMakeFiles/Recirculador.elf.dir/C_/Users/jackson.lewandowski/Documents/NXP_Projects/Recirculador/src/drivers/peripheral/adc/adc.c.obj
                0x10000864                adcOn
 *fill*         0x10000865        0x3 
 .bss.I2C_mode  0x10000868        0x4 CMakeFiles/Recirculador.elf.dir/C_/Users/jackson.lewandowski/Documents/NXP_Projects/Recirculador/src/drivers/peripheral/i2c/i2c.c.obj
                0x10000868                I2C_mode
 .bss.s_usartHandle
                0x1000086c        0x8 CMakeFiles/Recirculador.elf.dir/C_/Users/jackson.lewandowski/Documents/NXP_Projects/Recirculador/lib/repo/core/drivers/lpc_miniusart/fsl_usart.c.obj
 .bss.s_usartIsr
                0x10000874        0x4 CMakeFiles/Recirculador.elf.dir/C_/Users/jackson.lewandowski/Documents/NXP_Projects/Recirculador/lib/repo/core/drivers/lpc_miniusart/fsl_usart.c.obj
 .bss.__stdio_exit_handler
                0x10000878        0x4 C:/NXP/MCUXpressoIDE_24.12.148/ide/tools/bin/../lib/gcc/arm-none-eabi/13.2.1/thumb/v6-m/nofp\libc_nano.a(libc_a-findfp.o)
                0x10000878                __stdio_exit_handler
 *(COMMON)
                0x1000087c                        . = ALIGN (0x4)
                0x1000087c                        __bss_end__ = .
                0x1000087c                        __END_BSS = .

.heap           0x1000087c       0x44 load address 0x00001880
                0x10000880                        . = ALIGN (0x8)
 *fill*         0x1000087c        0x4 
                0x10000880                        __end__ = .
                0x10000880                        PROVIDE (end = .)
                0x10000880                        __HeapBase = .
                0x100008c0                        . = (. + HEAP_SIZE)
 *fill*         0x10000880       0x40 
                0x100008c0                        __HeapLimit = .
                0x100008c0                        __heap_limit = .

.stack          0x100008c0       0x40 load address 0x000018c4
                0x100008c0                        . = ALIGN (0x8)
                0x10000900                        . = (. + STACK_SIZE)
 *fill*         0x100008c0       0x40 
                0x10000fe0                        __StackTop = (ORIGIN (m_data) + LENGTH (m_data))
                0x10000fa0                        __StackLimit = (__StackTop - STACK_SIZE)
                0x10000fe0                        PROVIDE (__stack = __StackTop)

.ARM.attributes
                0x00000000       0x28
 *(.ARM.attributes)
 .ARM.attributes
                0x00000000       0x1e C:/NXP/MCUXpressoIDE_24.12.148/ide/tools/bin/../lib/gcc/arm-none-eabi/13.2.1/thumb/v6-m/nofp/crti.o
 .ARM.attributes
                0x0000001e       0x2c C:/NXP/MCUXpressoIDE_24.12.148/ide/tools/bin/../lib/gcc/arm-none-eabi/13.2.1/thumb/v6-m/nofp/crtbegin.o
 .ARM.attributes
                0x0000004a       0x1b C:/NXP/MCUXpressoIDE_24.12.148/ide/tools/bin/../lib/gcc/arm-none-eabi/13.2.1/thumb/v6-m/nofp/crt0.o
 .ARM.attributes
                0x00000065       0x2c CMakeFiles/Recirculador.elf.dir/C_/Users/jackson.lewandowski/Documents/NXP_Projects/Recirculador/src/app/main.c.obj
 .ARM.attributes
                0x00000091       0x2c CMakeFiles/Recirculador.elf.dir/C_/Users/jackson.lewandowski/Documents/NXP_Projects/Recirculador/src/app/system.c.obj
 .ARM.attributes
                0x000000bd       0x2c CMakeFiles/Recirculador.elf.dir/C_/Users/jackson.lewandowski/Documents/NXP_Projects/Recirculador/src/drivers/flash_memory/flash_memory.c.obj
 .ARM.attributes
                0x000000e9       0x2c CMakeFiles/Recirculador.elf.dir/C_/Users/jackson.lewandowski/Documents/NXP_Projects/Recirculador/src/drivers/gpio/gpio.c.obj
 .ARM.attributes
                0x00000115       0x2c CMakeFiles/Recirculador.elf.dir/C_/Users/jackson.lewandowski/Documents/NXP_Projects/Recirculador/src/drivers/interrupt/interrupt.c.obj
 .ARM.attributes
                0x00000141       0x2c CMakeFiles/Recirculador.elf.dir/C_/Users/jackson.lewandowski/Documents/NXP_Projects/Recirculador/src/drivers/peripheral/adc/adc.c.obj
 .ARM.attributes
                0x0000016d       0x2c CMakeFiles/Recirculador.elf.dir/C_/Users/jackson.lewandowski/Documents/NXP_Projects/Recirculador/src/drivers/peripheral/i2c/i2c.c.obj
 .ARM.attributes
                0x00000199       0x2c CMakeFiles/Recirculador.elf.dir/C_/Users/jackson.lewandowski/Documents/NXP_Projects/Recirculador/src/services/registers_manager/registers_manager.c.obj
 .ARM.attributes
                0x000001c5       0x1b CMakeFiles/Recirculador.elf.dir/C_/Users/jackson.lewandowski/Documents/NXP_Projects/Recirculador/lib/repo/core/devices/LPC804/gcc/startup_LPC804.S.obj
 .ARM.attributes
                0x000001e0       0x2c CMakeFiles/Recirculador.elf.dir/C_/Users/jackson.lewandowski/Documents/NXP_Projects/Recirculador/lib/repo/core/devices/LPC804/system_LPC804.c.obj
 .ARM.attributes
                0x0000020c       0x2c CMakeFiles/Recirculador.elf.dir/C_/Users/jackson.lewandowski/Documents/NXP_Projects/Recirculador/lib/repo/core/drivers/lpc_miniusart/fsl_usart.c.obj
 .ARM.attributes
                0x00000238       0x1e C:/NXP/MCUXpressoIDE_24.12.148/ide/tools/bin/../lib/gcc/arm-none-eabi/13.2.1/thumb/v6-m/nofp\libgcc.a(_udivsi3.o)
 .ARM.attributes
                0x00000256       0x1e C:/NXP/MCUXpressoIDE_24.12.148/ide/tools/bin/../lib/gcc/arm-none-eabi/13.2.1/thumb/v6-m/nofp\libgcc.a(_dvmd_tls.o)
 .ARM.attributes
                0x00000274       0x2c C:/NXP/MCUXpressoIDE_24.12.148/ide/tools/bin/../lib/gcc/arm-none-eabi/13.2.1/thumb/v6-m/nofp\libc_nano.a(libc_a-exit.o)
 .ARM.attributes
                0x000002a0       0x2c C:/NXP/MCUXpressoIDE_24.12.148/ide/tools/bin/../lib/gcc/arm-none-eabi/13.2.1/thumb/v6-m/nofp\libc_nano.a(libc_a-findfp.o)
 .ARM.attributes
                0x000002cc       0x2c C:/NXP/MCUXpressoIDE_24.12.148/ide/tools/bin/../lib/gcc/arm-none-eabi/13.2.1/thumb/v6-m/nofp\libc_nano.a(libc_a-memset.o)
 .ARM.attributes
                0x000002f8       0x2c C:/NXP/MCUXpressoIDE_24.12.148/ide/tools/bin/../lib/gcc/arm-none-eabi/13.2.1/thumb/v6-m/nofp\libc_nano.a(libc_a-init.o)
 .ARM.attributes
                0x00000324       0x2c C:/NXP/MCUXpressoIDE_24.12.148/ide/tools/bin/../lib/gcc/arm-none-eabi/13.2.1/../../../../arm-none-eabi/lib/thumb/v6-m/nofp\libcr_newlib_nohost.a(_exit.o)
 .ARM.attributes
                0x00000350       0x2c C:/NXP/MCUXpressoIDE_24.12.148/ide/tools/bin/../lib/gcc/arm-none-eabi/13.2.1/thumb/v6-m/nofp/crtend.o
 .ARM.attributes
                0x0000037c       0x1e C:/NXP/MCUXpressoIDE_24.12.148/ide/tools/bin/../lib/gcc/arm-none-eabi/13.2.1/thumb/v6-m/nofp/crtn.o
                0x00000001                        ASSERT ((__StackLimit >= __HeapLimit), region m_data overflowed with stack and heap)
                0x00000300                        __app1_start = 0x300
                0x00003d80                        __app1_end = 0x3d80
                0x00003d81                        __app2_start = 0x3d81
                0x00007800                        __app2_end = 0x7800
                0x00007800                        __eeprom_start = 0x7800
                0x00007c00                        __reg_backup_addr = 0x7c00
                0x00008000                        __flash_end = 0x8000
OUTPUT(Recirculador.elf elf32-littlearm)
LOAD linker stubs

.debug_line_str
                0x00000000      0x25c
 .debug_line_str
                0x00000000      0x25c C:/NXP/MCUXpressoIDE_24.12.148/ide/tools/bin/../lib/gcc/arm-none-eabi/13.2.1/thumb/v6-m/nofp/crt0.o
                                 0xd2 (size before relaxing)
 .debug_line_str
                0x0000025c       0xc1 CMakeFiles/Recirculador.elf.dir/C_/Users/jackson.lewandowski/Documents/NXP_Projects/Recirculador/lib/repo/core/devices/LPC804/gcc/startup_LPC804.S.obj
 .debug_line_str
                0x0000025c       0xc9 C:/NXP/MCUXpressoIDE_24.12.148/ide/tools/bin/../lib/gcc/arm-none-eabi/13.2.1/thumb/v6-m/nofp\libgcc.a(_udivsi3.o)
 .debug_line_str
                0x0000025c       0xc9 C:/NXP/MCUXpressoIDE_24.12.148/ide/tools/bin/../lib/gcc/arm-none-eabi/13.2.1/thumb/v6-m/nofp\libgcc.a(_dvmd_tls.o)

.debug_info     0x00000000     0x715d
 .debug_info    0x00000000      0x6e8 CMakeFiles/Recirculador.elf.dir/C_/Users/jackson.lewandowski/Documents/NXP_Projects/Recirculador/src/app/main.c.obj
 .debug_info    0x000006e8       0xbc CMakeFiles/Recirculador.elf.dir/C_/Users/jackson.lewandowski/Documents/NXP_Projects/Recirculador/src/app/system.c.obj
 .debug_info    0x000007a4      0x75e CMakeFiles/Recirculador.elf.dir/C_/Users/jackson.lewandowski/Documents/NXP_Projects/Recirculador/src/drivers/flash_memory/flash_memory.c.obj
 .debug_info    0x00000f02      0xb77 CMakeFiles/Recirculador.elf.dir/C_/Users/jackson.lewandowski/Documents/NXP_Projects/Recirculador/src/drivers/gpio/gpio.c.obj
 .debug_info    0x00001a79     0x1103 CMakeFiles/Recirculador.elf.dir/C_/Users/jackson.lewandowski/Documents/NXP_Projects/Recirculador/src/drivers/interrupt/interrupt.c.obj
 .debug_info    0x00002b7c      0xa9d CMakeFiles/Recirculador.elf.dir/C_/Users/jackson.lewandowski/Documents/NXP_Projects/Recirculador/src/drivers/peripheral/adc/adc.c.obj
 .debug_info    0x00003619     0x11d7 CMakeFiles/Recirculador.elf.dir/C_/Users/jackson.lewandowski/Documents/NXP_Projects/Recirculador/src/drivers/peripheral/i2c/i2c.c.obj
 .debug_info    0x000047f0      0x3d6 CMakeFiles/Recirculador.elf.dir/C_/Users/jackson.lewandowski/Documents/NXP_Projects/Recirculador/src/services/registers_manager/registers_manager.c.obj
 .debug_info    0x00004bc6      0x37b CMakeFiles/Recirculador.elf.dir/C_/Users/jackson.lewandowski/Documents/NXP_Projects/Recirculador/lib/repo/core/devices/LPC804/gcc/startup_LPC804.S.obj
 .debug_info    0x00004f41      0x559 CMakeFiles/Recirculador.elf.dir/C_/Users/jackson.lewandowski/Documents/NXP_Projects/Recirculador/lib/repo/core/devices/LPC804/system_LPC804.c.obj
 .debug_info    0x0000549a     0x1c20 CMakeFiles/Recirculador.elf.dir/C_/Users/jackson.lewandowski/Documents/NXP_Projects/Recirculador/lib/repo/core/drivers/lpc_miniusart/fsl_usart.c.obj
 .debug_info    0x000070ba       0xa3 C:/NXP/MCUXpressoIDE_24.12.148/ide/tools/bin/../lib/gcc/arm-none-eabi/13.2.1/../../../../arm-none-eabi/lib/thumb/v6-m/nofp\libcr_newlib_nohost.a(_exit.o)

.debug_abbrev   0x00000000     0x12ac
 .debug_abbrev  0x00000000      0x14b CMakeFiles/Recirculador.elf.dir/C_/Users/jackson.lewandowski/Documents/NXP_Projects/Recirculador/src/app/main.c.obj
 .debug_abbrev  0x0000014b       0x65 CMakeFiles/Recirculador.elf.dir/C_/Users/jackson.lewandowski/Documents/NXP_Projects/Recirculador/src/app/system.c.obj
 .debug_abbrev  0x000001b0      0x1b1 CMakeFiles/Recirculador.elf.dir/C_/Users/jackson.lewandowski/Documents/NXP_Projects/Recirculador/src/drivers/flash_memory/flash_memory.c.obj
 .debug_abbrev  0x00000361      0x1a2 CMakeFiles/Recirculador.elf.dir/C_/Users/jackson.lewandowski/Documents/NXP_Projects/Recirculador/src/drivers/gpio/gpio.c.obj
 .debug_abbrev  0x00000503      0x2d0 CMakeFiles/Recirculador.elf.dir/C_/Users/jackson.lewandowski/Documents/NXP_Projects/Recirculador/src/drivers/interrupt/interrupt.c.obj
 .debug_abbrev  0x000007d3      0x1ef CMakeFiles/Recirculador.elf.dir/C_/Users/jackson.lewandowski/Documents/NXP_Projects/Recirculador/src/drivers/peripheral/adc/adc.c.obj
 .debug_abbrev  0x000009c2      0x318 CMakeFiles/Recirculador.elf.dir/C_/Users/jackson.lewandowski/Documents/NXP_Projects/Recirculador/src/drivers/peripheral/i2c/i2c.c.obj
 .debug_abbrev  0x00000cda       0x9a CMakeFiles/Recirculador.elf.dir/C_/Users/jackson.lewandowski/Documents/NXP_Projects/Recirculador/src/services/registers_manager/registers_manager.c.obj
 .debug_abbrev  0x00000d74       0x26 CMakeFiles/Recirculador.elf.dir/C_/Users/jackson.lewandowski/Documents/NXP_Projects/Recirculador/lib/repo/core/devices/LPC804/gcc/startup_LPC804.S.obj
 .debug_abbrev  0x00000d9a      0x13b CMakeFiles/Recirculador.elf.dir/C_/Users/jackson.lewandowski/Documents/NXP_Projects/Recirculador/lib/repo/core/devices/LPC804/system_LPC804.c.obj
 .debug_abbrev  0x00000ed5      0x370 CMakeFiles/Recirculador.elf.dir/C_/Users/jackson.lewandowski/Documents/NXP_Projects/Recirculador/lib/repo/core/drivers/lpc_miniusart/fsl_usart.c.obj
 .debug_abbrev  0x00001245       0x67 C:/NXP/MCUXpressoIDE_24.12.148/ide/tools/bin/../lib/gcc/arm-none-eabi/13.2.1/../../../../arm-none-eabi/lib/thumb/v6-m/nofp\libcr_newlib_nohost.a(_exit.o)

.debug_aranges  0x00000000      0x490
 .debug_aranges
                0x00000000       0x28 CMakeFiles/Recirculador.elf.dir/C_/Users/jackson.lewandowski/Documents/NXP_Projects/Recirculador/src/app/main.c.obj
 .debug_aranges
                0x00000028       0x30 CMakeFiles/Recirculador.elf.dir/C_/Users/jackson.lewandowski/Documents/NXP_Projects/Recirculador/src/app/system.c.obj
 .debug_aranges
                0x00000058       0x70 CMakeFiles/Recirculador.elf.dir/C_/Users/jackson.lewandowski/Documents/NXP_Projects/Recirculador/src/drivers/flash_memory/flash_memory.c.obj
 .debug_aranges
                0x000000c8       0x90 CMakeFiles/Recirculador.elf.dir/C_/Users/jackson.lewandowski/Documents/NXP_Projects/Recirculador/src/drivers/gpio/gpio.c.obj
 .debug_aranges
                0x00000158       0xd8 CMakeFiles/Recirculador.elf.dir/C_/Users/jackson.lewandowski/Documents/NXP_Projects/Recirculador/src/drivers/interrupt/interrupt.c.obj
 .debug_aranges
                0x00000230       0x38 CMakeFiles/Recirculador.elf.dir/C_/Users/jackson.lewandowski/Documents/NXP_Projects/Recirculador/src/drivers/peripheral/adc/adc.c.obj
 .debug_aranges
                0x00000268       0x88 CMakeFiles/Recirculador.elf.dir/C_/Users/jackson.lewandowski/Documents/NXP_Projects/Recirculador/src/drivers/peripheral/i2c/i2c.c.obj
 .debug_aranges
                0x000002f0       0x20 CMakeFiles/Recirculador.elf.dir/C_/Users/jackson.lewandowski/Documents/NXP_Projects/Recirculador/src/services/registers_manager/registers_manager.c.obj
 .debug_aranges
                0x00000310       0x20 CMakeFiles/Recirculador.elf.dir/C_/Users/jackson.lewandowski/Documents/NXP_Projects/Recirculador/lib/repo/core/devices/LPC804/gcc/startup_LPC804.S.obj
 .debug_aranges
                0x00000330       0x30 CMakeFiles/Recirculador.elf.dir/C_/Users/jackson.lewandowski/Documents/NXP_Projects/Recirculador/lib/repo/core/devices/LPC804/system_LPC804.c.obj
 .debug_aranges
                0x00000360      0x110 CMakeFiles/Recirculador.elf.dir/C_/Users/jackson.lewandowski/Documents/NXP_Projects/Recirculador/lib/repo/core/drivers/lpc_miniusart/fsl_usart.c.obj
 .debug_aranges
                0x00000470       0x20 C:/NXP/MCUXpressoIDE_24.12.148/ide/tools/bin/../lib/gcc/arm-none-eabi/13.2.1/../../../../arm-none-eabi/lib/thumb/v6-m/nofp\libcr_newlib_nohost.a(_exit.o)

.debug_rnglists
                0x00000000      0x323
 .debug_rnglists
                0x00000000       0x19 CMakeFiles/Recirculador.elf.dir/C_/Users/jackson.lewandowski/Documents/NXP_Projects/Recirculador/src/app/main.c.obj
 .debug_rnglists
                0x00000019       0x1f CMakeFiles/Recirculador.elf.dir/C_/Users/jackson.lewandowski/Documents/NXP_Projects/Recirculador/src/app/system.c.obj
 .debug_rnglists
                0x00000038       0x50 CMakeFiles/Recirculador.elf.dir/C_/Users/jackson.lewandowski/Documents/NXP_Projects/Recirculador/src/drivers/flash_memory/flash_memory.c.obj
 .debug_rnglists
                0x00000088       0x67 CMakeFiles/Recirculador.elf.dir/C_/Users/jackson.lewandowski/Documents/NXP_Projects/Recirculador/src/drivers/gpio/gpio.c.obj
 .debug_rnglists
                0x000000ef       0xa1 CMakeFiles/Recirculador.elf.dir/C_/Users/jackson.lewandowski/Documents/NXP_Projects/Recirculador/src/drivers/interrupt/interrupt.c.obj
 .debug_rnglists
                0x00000190       0x27 CMakeFiles/Recirculador.elf.dir/C_/Users/jackson.lewandowski/Documents/NXP_Projects/Recirculador/src/drivers/peripheral/adc/adc.c.obj
 .debug_rnglists
                0x000001b7       0x69 CMakeFiles/Recirculador.elf.dir/C_/Users/jackson.lewandowski/Documents/NXP_Projects/Recirculador/src/drivers/peripheral/i2c/i2c.c.obj
 .debug_rnglists
                0x00000220       0x13 CMakeFiles/Recirculador.elf.dir/C_/Users/jackson.lewandowski/Documents/NXP_Projects/Recirculador/src/services/registers_manager/registers_manager.c.obj
 .debug_rnglists
                0x00000233       0x20 CMakeFiles/Recirculador.elf.dir/C_/Users/jackson.lewandowski/Documents/NXP_Projects/Recirculador/lib/repo/core/devices/LPC804/system_LPC804.c.obj
 .debug_rnglists
                0x00000253       0xd0 CMakeFiles/Recirculador.elf.dir/C_/Users/jackson.lewandowski/Documents/NXP_Projects/Recirculador/lib/repo/core/drivers/lpc_miniusart/fsl_usart.c.obj

.debug_line     0x00000000     0x3721
 .debug_line    0x00000000      0x556 CMakeFiles/Recirculador.elf.dir/C_/Users/jackson.lewandowski/Documents/NXP_Projects/Recirculador/src/app/main.c.obj
 .debug_line    0x00000556      0x199 CMakeFiles/Recirculador.elf.dir/C_/Users/jackson.lewandowski/Documents/NXP_Projects/Recirculador/src/app/system.c.obj
 .debug_line    0x000006ef      0x4ba CMakeFiles/Recirculador.elf.dir/C_/Users/jackson.lewandowski/Documents/NXP_Projects/Recirculador/src/drivers/flash_memory/flash_memory.c.obj
 .debug_line    0x00000ba9      0x40e CMakeFiles/Recirculador.elf.dir/C_/Users/jackson.lewandowski/Documents/NXP_Projects/Recirculador/src/drivers/gpio/gpio.c.obj
 .debug_line    0x00000fb7      0x84a CMakeFiles/Recirculador.elf.dir/C_/Users/jackson.lewandowski/Documents/NXP_Projects/Recirculador/src/drivers/interrupt/interrupt.c.obj
 .debug_line    0x00001801      0x31a CMakeFiles/Recirculador.elf.dir/C_/Users/jackson.lewandowski/Documents/NXP_Projects/Recirculador/src/drivers/peripheral/adc/adc.c.obj
 .debug_line    0x00001b1b      0x983 CMakeFiles/Recirculador.elf.dir/C_/Users/jackson.lewandowski/Documents/NXP_Projects/Recirculador/src/drivers/peripheral/i2c/i2c.c.obj
 .debug_line    0x0000249e      0x245 CMakeFiles/Recirculador.elf.dir/C_/Users/jackson.lewandowski/Documents/NXP_Projects/Recirculador/src/services/registers_manager/registers_manager.c.obj
 .debug_line    0x000026e3      0x136 CMakeFiles/Recirculador.elf.dir/C_/Users/jackson.lewandowski/Documents/NXP_Projects/Recirculador/lib/repo/core/devices/LPC804/gcc/startup_LPC804.S.obj
 .debug_line    0x00002819      0x200 CMakeFiles/Recirculador.elf.dir/C_/Users/jackson.lewandowski/Documents/NXP_Projects/Recirculador/lib/repo/core/devices/LPC804/system_LPC804.c.obj
 .debug_line    0x00002a19      0xcc4 CMakeFiles/Recirculador.elf.dir/C_/Users/jackson.lewandowski/Documents/NXP_Projects/Recirculador/lib/repo/core/drivers/lpc_miniusart/fsl_usart.c.obj
 .debug_line    0x000036dd       0x44 C:/NXP/MCUXpressoIDE_24.12.148/ide/tools/bin/../lib/gcc/arm-none-eabi/13.2.1/../../../../arm-none-eabi/lib/thumb/v6-m/nofp\libcr_newlib_nohost.a(_exit.o)

.debug_str      0x00000000     0x3957
 .debug_str     0x00000000     0x3957 CMakeFiles/Recirculador.elf.dir/C_/Users/jackson.lewandowski/Documents/NXP_Projects/Recirculador/src/app/main.c.obj
                               0x1184 (size before relaxing)
 .debug_str     0x00003957      0x5b2 CMakeFiles/Recirculador.elf.dir/C_/Users/jackson.lewandowski/Documents/NXP_Projects/Recirculador/src/app/system.c.obj
 .debug_str     0x00003957     0x1157 CMakeFiles/Recirculador.elf.dir/C_/Users/jackson.lewandowski/Documents/NXP_Projects/Recirculador/src/drivers/flash_memory/flash_memory.c.obj
 .debug_str     0x00003957     0x12ea CMakeFiles/Recirculador.elf.dir/C_/Users/jackson.lewandowski/Documents/NXP_Projects/Recirculador/src/drivers/gpio/gpio.c.obj
 .debug_str     0x00003957     0x17c7 CMakeFiles/Recirculador.elf.dir/C_/Users/jackson.lewandowski/Documents/NXP_Projects/Recirculador/src/drivers/interrupt/interrupt.c.obj
 .debug_str     0x00003957     0x1334 CMakeFiles/Recirculador.elf.dir/C_/Users/jackson.lewandowski/Documents/NXP_Projects/Recirculador/src/drivers/peripheral/adc/adc.c.obj
 .debug_str     0x00003957     0x175c CMakeFiles/Recirculador.elf.dir/C_/Users/jackson.lewandowski/Documents/NXP_Projects/Recirculador/src/drivers/peripheral/i2c/i2c.c.obj
 .debug_str     0x00003957      0xfac CMakeFiles/Recirculador.elf.dir/C_/Users/jackson.lewandowski/Documents/NXP_Projects/Recirculador/src/services/registers_manager/registers_manager.c.obj
 .debug_str     0x00003957      0x6b7 CMakeFiles/Recirculador.elf.dir/C_/Users/jackson.lewandowski/Documents/NXP_Projects/Recirculador/lib/repo/core/devices/LPC804/gcc/startup_LPC804.S.obj
 .debug_str     0x00003957      0x83c CMakeFiles/Recirculador.elf.dir/C_/Users/jackson.lewandowski/Documents/NXP_Projects/Recirculador/lib/repo/core/devices/LPC804/system_LPC804.c.obj
 .debug_str     0x00003957     0x24ea CMakeFiles/Recirculador.elf.dir/C_/Users/jackson.lewandowski/Documents/NXP_Projects/Recirculador/lib/repo/core/drivers/lpc_miniusart/fsl_usart.c.obj
 .debug_str     0x00003957      0x1b8 C:/NXP/MCUXpressoIDE_24.12.148/ide/tools/bin/../lib/gcc/arm-none-eabi/13.2.1/../../../../arm-none-eabi/lib/thumb/v6-m/nofp\libcr_newlib_nohost.a(_exit.o)

.comment        0x00000000       0x44
 .comment       0x00000000       0x44 CMakeFiles/Recirculador.elf.dir/C_/Users/jackson.lewandowski/Documents/NXP_Projects/Recirculador/src/app/main.c.obj
                                 0x45 (size before relaxing)
 .comment       0x00000044       0x45 CMakeFiles/Recirculador.elf.dir/C_/Users/jackson.lewandowski/Documents/NXP_Projects/Recirculador/src/app/system.c.obj
 .comment       0x00000044       0x45 CMakeFiles/Recirculador.elf.dir/C_/Users/jackson.lewandowski/Documents/NXP_Projects/Recirculador/src/drivers/flash_memory/flash_memory.c.obj
 .comment       0x00000044       0x45 CMakeFiles/Recirculador.elf.dir/C_/Users/jackson.lewandowski/Documents/NXP_Projects/Recirculador/src/drivers/gpio/gpio.c.obj
 .comment       0x00000044       0x45 CMakeFiles/Recirculador.elf.dir/C_/Users/jackson.lewandowski/Documents/NXP_Projects/Recirculador/src/drivers/interrupt/interrupt.c.obj
 .comment       0x00000044       0x45 CMakeFiles/Recirculador.elf.dir/C_/Users/jackson.lewandowski/Documents/NXP_Projects/Recirculador/src/drivers/peripheral/adc/adc.c.obj
 .comment       0x00000044       0x45 CMakeFiles/Recirculador.elf.dir/C_/Users/jackson.lewandowski/Documents/NXP_Projects/Recirculador/src/drivers/peripheral/i2c/i2c.c.obj
 .comment       0x00000044       0x45 CMakeFiles/Recirculador.elf.dir/C_/Users/jackson.lewandowski/Documents/NXP_Projects/Recirculador/src/services/registers_manager/registers_manager.c.obj
 .comment       0x00000044       0x45 CMakeFiles/Recirculador.elf.dir/C_/Users/jackson.lewandowski/Documents/NXP_Projects/Recirculador/lib/repo/core/devices/LPC804/system_LPC804.c.obj
 .comment       0x00000044       0x45 CMakeFiles/Recirculador.elf.dir/C_/Users/jackson.lewandowski/Documents/NXP_Projects/Recirculador/lib/repo/core/drivers/lpc_miniusart/fsl_usart.c.obj
 .comment       0x00000044       0x45 C:/NXP/MCUXpressoIDE_24.12.148/ide/tools/bin/../lib/gcc/arm-none-eabi/13.2.1/../../../../arm-none-eabi/lib/thumb/v6-m/nofp\libcr_newlib_nohost.a(_exit.o)

.debug_frame    0x00000000      0xfb4
 .debug_frame   0x00000000       0x4c CMakeFiles/Recirculador.elf.dir/C_/Users/jackson.lewandowski/Documents/NXP_Projects/Recirculador/src/app/main.c.obj
 .debug_frame   0x0000004c       0x64 CMakeFiles/Recirculador.elf.dir/C_/Users/jackson.lewandowski/Documents/NXP_Projects/Recirculador/src/app/system.c.obj
 .debug_frame   0x000000b0      0x170 CMakeFiles/Recirculador.elf.dir/C_/Users/jackson.lewandowski/Documents/NXP_Projects/Recirculador/src/drivers/flash_memory/flash_memory.c.obj
 .debug_frame   0x00000220      0x1ec CMakeFiles/Recirculador.elf.dir/C_/Users/jackson.lewandowski/Documents/NXP_Projects/Recirculador/src/drivers/gpio/gpio.c.obj
 .debug_frame   0x0000040c      0x2dc CMakeFiles/Recirculador.elf.dir/C_/Users/jackson.lewandowski/Documents/NXP_Projects/Recirculador/src/drivers/interrupt/interrupt.c.obj
 .debug_frame   0x000006e8       0x8c CMakeFiles/Recirculador.elf.dir/C_/Users/jackson.lewandowski/Documents/NXP_Projects/Recirculador/src/drivers/peripheral/adc/adc.c.obj
 .debug_frame   0x00000774      0x1dc CMakeFiles/Recirculador.elf.dir/C_/Users/jackson.lewandowski/Documents/NXP_Projects/Recirculador/src/drivers/peripheral/i2c/i2c.c.obj
 .debug_frame   0x00000950       0x2c CMakeFiles/Recirculador.elf.dir/C_/Users/jackson.lewandowski/Documents/NXP_Projects/Recirculador/src/services/registers_manager/registers_manager.c.obj
 .debug_frame   0x0000097c       0x64 CMakeFiles/Recirculador.elf.dir/C_/Users/jackson.lewandowski/Documents/NXP_Projects/Recirculador/lib/repo/core/devices/LPC804/system_LPC804.c.obj
 .debug_frame   0x000009e0      0x3e8 CMakeFiles/Recirculador.elf.dir/C_/Users/jackson.lewandowski/Documents/NXP_Projects/Recirculador/lib/repo/core/drivers/lpc_miniusart/fsl_usart.c.obj
 .debug_frame   0x00000dc8       0x20 C:/NXP/MCUXpressoIDE_24.12.148/ide/tools/bin/../lib/gcc/arm-none-eabi/13.2.1/thumb/v6-m/nofp\libgcc.a(_udivsi3.o)
 .debug_frame   0x00000de8       0x28 C:/NXP/MCUXpressoIDE_24.12.148/ide/tools/bin/../lib/gcc/arm-none-eabi/13.2.1/thumb/v6-m/nofp\libc_nano.a(libc_a-exit.o)
 .debug_frame   0x00000e10      0x138 C:/NXP/MCUXpressoIDE_24.12.148/ide/tools/bin/../lib/gcc/arm-none-eabi/13.2.1/thumb/v6-m/nofp\libc_nano.a(libc_a-findfp.o)
 .debug_frame   0x00000f48       0x20 C:/NXP/MCUXpressoIDE_24.12.148/ide/tools/bin/../lib/gcc/arm-none-eabi/13.2.1/thumb/v6-m/nofp\libc_nano.a(libc_a-memset.o)
 .debug_frame   0x00000f68       0x2c C:/NXP/MCUXpressoIDE_24.12.148/ide/tools/bin/../lib/gcc/arm-none-eabi/13.2.1/thumb/v6-m/nofp\libc_nano.a(libc_a-init.o)
 .debug_frame   0x00000f94       0x20 C:/NXP/MCUXpressoIDE_24.12.148/ide/tools/bin/../lib/gcc/arm-none-eabi/13.2.1/../../../../arm-none-eabi/lib/thumb/v6-m/nofp\libcr_newlib_nohost.a(_exit.o)

.debug_loc      0x00000000       0x15
 .debug_loc     0x00000000       0x15 C:/NXP/MCUXpressoIDE_24.12.148/ide/tools/bin/../lib/gcc/arm-none-eabi/13.2.1/../../../../arm-none-eabi/lib/thumb/v6-m/nofp\libcr_newlib_nohost.a(_exit.o)

.debug_ranges   0x00000000       0x10
 .debug_ranges  0x00000000       0x10 C:/NXP/MCUXpressoIDE_24.12.148/ide/tools/bin/../lib/gcc/arm-none-eabi/13.2.1/../../../../arm-none-eabi/lib/thumb/v6-m/nofp\libcr_newlib_nohost.a(_exit.o)
