C:/Users/jackson.lewandowski/Documents/NXP Projects/Recirculador/src/drivers/gpio/gpio.c:12:6:gpio_enableClock	8	static
C:/Users/jackson.lewandowski/Documents/NXP Projects/Recirculador/src/drivers/gpio/gpio.c:25:6:gpio_ConfigPinInput	16	static
C:/Users/jackson.lewandowski/Documents/NXP Projects/Recirculador/src/drivers/gpio/gpio.c:40:6:gpio_ConfigPortInput	16	static
C:/Users/jackson.lewandowski/Documents/NXP Projects/Recirculador/src/drivers/gpio/gpio.c:54:6:gpio_ConfigPinOutput	16	static
C:/Users/jackson.lewandowski/Documents/NXP Projects/Recirculador/src/drivers/gpio/gpio.c:68:6:gpio_ConfigPortOutput	16	static
C:/Users/jackson.lewandowski/Documents/NXP Projects/Recirculador/src/drivers/gpio/gpio.c:84:6:gpio_ReadPin	16	static
C:/Users/jackson.lewandowski/Documents/NXP Projects/Recirculador/src/drivers/gpio/gpio.c:96:14:gpio_ReadPort	16	static
C:/Users/jackson.lewandowski/Documents/NXP Projects/Recirculador/src/drivers/gpio/gpio.c:103:6:gpio_WritePin	16	static
C:/Users/jackson.lewandowski/Documents/NXP Projects/Recirculador/src/drivers/gpio/gpio.c:113:6:gpio_SetPin	16	static
C:/Users/jackson.lewandowski/Documents/NXP Projects/Recirculador/src/drivers/gpio/gpio.c:123:6:gpio_ClearPin	16	static
C:/Users/jackson.lewandowski/Documents/NXP Projects/Recirculador/src/drivers/gpio/gpio.c:133:6:gpio_TogglePin	16	static
C:/Users/jackson.lewandowski/Documents/NXP Projects/Recirculador/src/drivers/gpio/gpio.c:144:6:gpio_WritePort	16	static
C:/Users/jackson.lewandowski/Documents/NXP Projects/Recirculador/src/drivers/gpio/gpio.c:154:6:gpio_SetPort	16	static
C:/Users/jackson.lewandowski/Documents/NXP Projects/Recirculador/src/drivers/gpio/gpio.c:163:6:gpio_ClearPort	16	static
C:/Users/jackson.lewandowski/Documents/NXP Projects/Recirculador/src/drivers/gpio/gpio.c:172:6:gpio_TogglePort	16	static
C:/Users/jackson.lewandowski/Documents/NXP Projects/Recirculador/src/drivers/gpio/gpio.c:176:6:gpio_resetDisable	8	static
C:/Users/jackson.lewandowski/Documents/NXP Projects/Recirculador/src/drivers/gpio/gpio.c:180:6:gpio_resetEnable	8	static
