C:/Users/jackson.lewandowski/Documents/NXP Projects/lpcxpresso802_Recirculador/myLib/myGPIO.c:5:6:portBegin	8	static
C:/Users/jackson.lewandowski/Documents/NXP Projects/lpcxpresso802_Recirculador/myLib/myGPIO.c:9:6:setOutputPin	16	static
C:/Users/jackson.lewandowski/Documents/NXP Projects/lpcxpresso802_Recirculador/myLib/myGPIO.c:13:6:setInputPin	16	static
C:/Users/jackson.lewandowski/Documents/NXP Projects/lpcxpresso802_Recirculador/myLib/myGPIO.c:17:6:setOutputPort	16	static
C:/Users/jackson.lewandowski/Documents/NXP Projects/lpcxpresso802_Recirculador/myLib/myGPIO.c:21:6:setInputPort	16	static
C:/Users/jackson.lewandowski/Documents/NXP Projects/lpcxpresso802_Recirculador/myLib/myGPIO.c:28:6:writePin	16	static
C:/Users/jackson.lewandowski/Documents/NXP Projects/lpcxpresso802_Recirculador/myLib/myGPIO.c:32:6:setPin	16	static
C:/Users/jackson.lewandowski/Documents/NXP Projects/lpcxpresso802_Recirculador/myLib/myGPIO.c:36:6:clearPin	16	static
C:/Users/jackson.lewandowski/Documents/NXP Projects/lpcxpresso802_Recirculador/myLib/myGPIO.c:40:6:writePort	16	static
C:/Users/jackson.lewandowski/Documents/NXP Projects/lpcxpresso802_Recirculador/myLib/myGPIO.c:45:6:setPort	16	static
C:/Users/jackson.lewandowski/Documents/NXP Projects/lpcxpresso802_Recirculador/myLib/myGPIO.c:49:6:clearPort	16	static
C:/Users/jackson.lewandowski/Documents/NXP Projects/lpcxpresso802_Recirculador/myLib/myGPIO.c:54:6:changePin	16	static
C:/Users/jackson.lewandowski/Documents/NXP Projects/lpcxpresso802_Recirculador/myLib/myGPIO.c:58:6:chagePort	16	static
