C:/Users/jackson.lewandowski/Documents/NXP Projects/Recirculador/src/stubs/stubs.c:4:28:setClock30M	8	static
C:/Users/jackson.lewandowski/Documents/NXP Projects/Recirculador/src/stubs/stubs.c:5:28:portBegin	8	static
C:/Users/jackson.lewandowski/Documents/NXP Projects/Recirculador/src/stubs/stubs.c:6:28:setOutputPin	16	static
C:/Users/jackson.lewandowski/Documents/NXP Projects/Recirculador/src/stubs/stubs.c:7:28:clearPin	16	static
C:/Users/jackson.lewandowski/Documents/NXP Projects/Recirculador/src/stubs/stubs.c:8:28:setInputPin	16	static
C:/Users/jackson.lewandowski/Documents/NXP Projects/Recirculador/src/stubs/stubs.c:9:28:setPin	16	static
C:/Users/jackson.lewandowski/Documents/NXP Projects/Recirculador/src/stubs/stubs.c:10:28:readInputPin	16	static
C:/Users/jackson.lewandowski/Documents/NXP Projects/Recirculador/src/stubs/stubs.c:12:28:SysTickBeginISR	16	static
C:/Users/jackson.lewandowski/Documents/NXP Projects/Recirculador/src/stubs/stubs.c:13:32:SysTickGetTicks	8	static
C:/Users/jackson.lewandowski/Documents/NXP Projects/Recirculador/src/stubs/stubs.c:14:32:SysTickGetTime_ms	8	static
C:/Users/jackson.lewandowski/Documents/NXP Projects/Recirculador/src/stubs/stubs.c:16:28:myi2cBegin	8	static
C:/Users/jackson.lewandowski/Documents/NXP Projects/Recirculador/src/stubs/stubs.c:17:28:sendI2C_master	16	static
C:/Users/jackson.lewandowski/Documents/NXP Projects/Recirculador/src/stubs/stubs.c:18:28:readLenI2C_master	16	static
C:/Users/jackson.lewandowski/Documents/NXP Projects/Recirculador/src/stubs/stubs.c:20:28:newThermistor	8	static
C:/Users/jackson.lewandowski/Documents/NXP Projects/Recirculador/src/stubs/stubs.c:21:29:convert_mV_to_celcius	16	static
C:/Users/jackson.lewandowski/Documents/NXP Projects/Recirculador/src/stubs/stubs.c:23:28:initRegisters	8	static
C:/Users/jackson.lewandowski/Documents/NXP Projects/Recirculador/src/stubs/stubs.c:24:32:getBoolWithAddr	16	static
C:/Users/jackson.lewandowski/Documents/NXP Projects/Recirculador/src/stubs/stubs.c:25:32:setBoolValue	16	static
C:/Users/jackson.lewandowski/Documents/NXP Projects/Recirculador/src/stubs/stubs.c:26:32:getIntWithAddr	16	static
C:/Users/jackson.lewandowski/Documents/NXP Projects/Recirculador/src/stubs/stubs.c:27:32:getFloatWithAddr	16	static
C:/Users/jackson.lewandowski/Documents/NXP Projects/Recirculador/src/stubs/stubs.c:28:32:setFloatValue	16	static
C:/Users/jackson.lewandowski/Documents/NXP Projects/Recirculador/src/stubs/stubs.c:29:27:compareShortRegister	8	static
C:/Users/jackson.lewandowski/Documents/NXP Projects/Recirculador/src/stubs/stubs.c:30:27:compareIntRegister	8	static
C:/Users/jackson.lewandowski/Documents/NXP Projects/Recirculador/src/stubs/stubs.c:31:27:compareFloatRegister	8	static
C:/Users/jackson.lewandowski/Documents/NXP Projects/Recirculador/src/stubs/stubs.c:32:27:compareBoolRegister	8	static
C:/Users/jackson.lewandowski/Documents/NXP Projects/Recirculador/src/stubs/stubs.c:41:28:addNewMessage	24	static
C:/Users/jackson.lewandowski/Documents/NXP Projects/Recirculador/src/stubs/stubs.c:42:28:deleteMessage	16	static
C:/Users/jackson.lewandowski/Documents/NXP Projects/Recirculador/src/stubs/stubs.c:43:32:CHECK_CRC16	16	static
C:/Users/jackson.lewandowski/Documents/NXP Projects/Recirculador/src/stubs/stubs.c:45:28:newExternInterrupt	16	static
C:/Users/jackson.lewandowski/Documents/NXP Projects/Recirculador/src/stubs/stubs.c:47:27:IAP_PrepareSectorForWrite	16	static
C:/Users/jackson.lewandowski/Documents/NXP Projects/Recirculador/src/stubs/stubs.c:48:27:IAP_ErasePage	16	static
C:/Users/jackson.lewandowski/Documents/NXP Projects/Recirculador/src/stubs/stubs.c:49:27:IAP_CopyRamToFlash	24	static
