C:/Users/jackson.lewandowski/Documents/NXP Projects/Recirculador/src/app/flash_map.c:61:5:nv_load_defaults	8	static
C:/Users/jackson.lewandowski/Documents/NXP Projects/Recirculador/src/app/flash_map.c:79:11:nv_flash_addr_bools	8	static
C:/Users/jackson.lewandowski/Documents/NXP Projects/Recirculador/src/app/flash_map.c:83:11:nv_flash_addr_shorts	8	static
C:/Users/jackson.lewandowski/Documents/NXP Projects/Recirculador/src/app/flash_map.c:87:11:nv_flash_addr_ints	8	static
C:/Users/jackson.lewandowski/Documents/NXP Projects/Recirculador/src/app/flash_map.c:91:11:nv_flash_addr_floats	8	static
C:/Users/jackson.lewandowski/Documents/NXP Projects/Recirculador/src/app/flash_map.c:97:8:nv_size_bools	8	static
C:/Users/jackson.lewandowski/Documents/NXP Projects/Recirculador/src/app/flash_map.c:98:8:nv_size_shorts	8	static
C:/Users/jackson.lewandowski/Documents/NXP Projects/Recirculador/src/app/flash_map.c:99:8:nv_size_ints	8	static
C:/Users/jackson.lewandowski/Documents/NXP Projects/Recirculador/src/app/flash_map.c:100:8:nv_size_floats	8	static
