C:/Users/jackson.lewandowski/Documents/NXP Projects/Recirculador/src/app/flash_map.c:158:5:nv_load_defaults	8	static
C:/Users/jackson.lewandowski/Documents/NXP Projects/Recirculador/src/app/flash_map.c:176:11:nv_flash_addr_bools	8	static
C:/Users/jackson.lewandowski/Documents/NXP Projects/Recirculador/src/app/flash_map.c:180:11:nv_flash_addr_shorts	8	static
C:/Users/jackson.lewandowski/Documents/NXP Projects/Recirculador/src/app/flash_map.c:184:11:nv_flash_addr_ints	8	static
C:/Users/jackson.lewandowski/Documents/NXP Projects/Recirculador/src/app/flash_map.c:195:8:nv_size_bools	8	static
C:/Users/jackson.lewandowski/Documents/NXP Projects/Recirculador/src/app/flash_map.c:196:8:nv_size_shorts	8	static
C:/Users/jackson.lewandowski/Documents/NXP Projects/Recirculador/src/app/flash_map.c:197:8:nv_size_ints	8	static
