C:/Users/jackson.lewandowski/Documents/NXP Projects/Recirculador/src/app/recirculador.c:10:6:rec_isrBotoeira	16	static
C:/Users/jackson.lewandowski/Documents/NXP Projects/Recirculador/src/app/recirculador.c:25:6:isrFlow	16	static
C:/Users/jackson.lewandowski/Documents/NXP Projects/Recirculador/src/app/recirculador.c:41:6:isrTimer0	16	static
C:/Users/jackson.lewandowski/Documents/NXP Projects/Recirculador/src/app/recirculador.c:52:6:isrSysTick	16	static
C:/Users/jackson.lewandowski/Documents/NXP Projects/Recirculador/src/app/recirculador.c:81:6:getTemp	8	static
C:/Users/jackson.lewandowski/Documents/NXP Projects/Recirculador/src/app/recirculador.c:88:6:processFunc	8	static
C:/Users/jackson.lewandowski/Documents/NXP Projects/Recirculador/src/app/recirculador.c:127:6:_writeRegistersInEEPROM	8	static
C:/Users/jackson.lewandowski/Documents/NXP Projects/Recirculador/src/app/recirculador.c:153:6:_writeEEPROMvaluesInRegisters	8	static
C:/Users/jackson.lewandowski/Documents/NXP Projects/Recirculador/src/app/recirculador.c:177:6:initMyEEPROM	8	static
C:/Users/jackson.lewandowski/Documents/NXP Projects/Recirculador/src/app/recirculador.c:192:6:initQueue	8	static
C:/Users/jackson.lewandowski/Documents/NXP Projects/Recirculador/src/app/recirculador.c:221:6:ControlMessageFunc	24	static
C:/Users/jackson.lewandowski/Documents/NXP Projects/Recirculador/src/app/recirculador.c:274:6:receiveType	16	static
C:/Users/jackson.lewandowski/Documents/NXP Projects/Recirculador/src/app/recirculador.c:288:6:checkBoolReg	16	static
C:/Users/jackson.lewandowski/Documents/NXP Projects/Recirculador/src/app/recirculador.c:303:6:checkShortReg	16	static
C:/Users/jackson.lewandowski/Documents/NXP Projects/Recirculador/src/app/recirculador.c:309:6:checkIntReg	16	static
C:/Users/jackson.lewandowski/Documents/NXP Projects/Recirculador/src/app/recirculador.c:323:6:checkFloatReg	16	static
C:/Users/jackson.lewandowski/Documents/NXP Projects/Recirculador/src/app/recirculador.c:337:5:myLog2	24	static
