C:/Users/jackson.lewandowski/Documents/NXP Projects/lpcxpresso802_Recirculador/myLib/myGPIO/myGPIO.c:5:6:portBegin	8	static
C:/Users/jackson.lewandowski/Documents/NXP Projects/lpcxpresso802_Recirculador/myLib/myGPIO/myGPIO.c:12:6:setInputPin	16	static
C:/Users/jackson.lewandowski/Documents/NXP Projects/lpcxpresso802_Recirculador/myLib/myGPIO/myGPIO.c:20:6:setInputPort	16	static
C:/Users/jackson.lewandowski/Documents/NXP Projects/lpcxpresso802_Recirculador/myLib/myGPIO/myGPIO.c:27:6:readInputPin	16	static
C:/Users/jackson.lewandowski/Documents/NXP Projects/lpcxpresso802_Recirculador/myLib/myGPIO/myGPIO.c:32:6:setOutputPin	16	static
C:/Users/jackson.lewandowski/Documents/NXP Projects/lpcxpresso802_Recirculador/myLib/myGPIO/myGPIO.c:40:6:setOutputPort	16	static
C:/Users/jackson.lewandowski/Documents/NXP Projects/lpcxpresso802_Recirculador/myLib/myGPIO/myGPIO.c:47:6:writePin	16	static
C:/Users/jackson.lewandowski/Documents/NXP Projects/lpcxpresso802_Recirculador/myLib/myGPIO/myGPIO.c:51:6:setPin	16	static
C:/Users/jackson.lewandowski/Documents/NXP Projects/lpcxpresso802_Recirculador/myLib/myGPIO/myGPIO.c:55:6:clearPin	16	static
C:/Users/jackson.lewandowski/Documents/NXP Projects/lpcxpresso802_Recirculador/myLib/myGPIO/myGPIO.c:59:6:writePort	16	static
C:/Users/jackson.lewandowski/Documents/NXP Projects/lpcxpresso802_Recirculador/myLib/myGPIO/myGPIO.c:64:6:setPort	16	static
C:/Users/jackson.lewandowski/Documents/NXP Projects/lpcxpresso802_Recirculador/myLib/myGPIO/myGPIO.c:68:6:clearPort	16	static
C:/Users/jackson.lewandowski/Documents/NXP Projects/lpcxpresso802_Recirculador/myLib/myGPIO/myGPIO.c:73:6:changePin	16	static
C:/Users/jackson.lewandowski/Documents/NXP Projects/lpcxpresso802_Recirculador/myLib/myGPIO/myGPIO.c:77:6:chagePort	16	static
