C:/Users/jackson.lewandowski/Documents/NXP Projects/lpcxpresso802_Recirculador/myLib/commonLib/commonLib.c:21:10:initRegisters	48	static
C:/Users/jackson.lewandowski/Documents/NXP Projects/lpcxpresso802_Recirculador/myLib/commonLib/commonLib.c:49:10:_getBool	88	dynamic
C:/Users/jackson.lewandowski/Documents/NXP Projects/lpcxpresso802_Recirculador/myLib/commonLib/commonLib.c:76:10:_getShort	88	dynamic
C:/Users/jackson.lewandowski/Documents/NXP Projects/lpcxpresso802_Recirculador/myLib/commonLib/commonLib.c:102:10:_getInt	88	dynamic
C:/Users/jackson.lewandowski/Documents/NXP Projects/lpcxpresso802_Recirculador/myLib/commonLib/commonLib.c:128:10:_getFloat	88	dynamic
C:/Users/jackson.lewandowski/Documents/NXP Projects/lpcxpresso802_Recirculador/myLib/commonLib/commonLib.c:159:10:getBooleanRegisters	96	dynamic
C:/Users/jackson.lewandowski/Documents/NXP Projects/lpcxpresso802_Recirculador/myLib/commonLib/commonLib.c:190:10:getNumericRegisters	40	static
C:/Users/jackson.lewandowski/Documents/NXP Projects/lpcxpresso802_Recirculador/myLib/commonLib/commonLib.c:216:10:setBooleanRegister	24	static
C:/Users/jackson.lewandowski/Documents/NXP Projects/lpcxpresso802_Recirculador/myLib/commonLib/commonLib.c:220:10:setNumericRegister	24	static
C:/Users/jackson.lewandowski/Documents/NXP Projects/lpcxpresso802_Recirculador/myLib/commonLib/commonLib.c:224:10:setBooleanRegisters	24	static
C:/Users/jackson.lewandowski/Documents/NXP Projects/lpcxpresso802_Recirculador/myLib/commonLib/commonLib.c:228:10:setNumericRegisters	24	static
C:/Users/jackson.lewandowski/Documents/NXP Projects/lpcxpresso802_Recirculador/myLib/commonLib/commonLib.c:233:10:processMessage	24	static
C:/Users/jackson.lewandowski/Documents/NXP Projects/lpcxpresso802_Recirculador/myLib/commonLib/commonLib.c:267:10:setBoolWithAddr	24	static
C:/Users/jackson.lewandowski/Documents/NXP Projects/lpcxpresso802_Recirculador/myLib/commonLib/commonLib.c:276:10:getBoolWithAddr	24	static
C:/Users/jackson.lewandowski/Documents/NXP Projects/lpcxpresso802_Recirculador/myLib/commonLib/commonLib.c:283:10:setShortWithAddr	24	static
C:/Users/jackson.lewandowski/Documents/NXP Projects/lpcxpresso802_Recirculador/myLib/commonLib/commonLib.c:292:11:getShortWithAddr	24	static
C:/Users/jackson.lewandowski/Documents/NXP Projects/lpcxpresso802_Recirculador/myLib/commonLib/commonLib.c:299:10:setIntWithAddr	24	static
C:/Users/jackson.lewandowski/Documents/NXP Projects/lpcxpresso802_Recirculador/myLib/commonLib/commonLib.c:308:9:getIntWithAddr	24	static
C:/Users/jackson.lewandowski/Documents/NXP Projects/lpcxpresso802_Recirculador/myLib/commonLib/commonLib.c:315:10:setFloatWithAddr	24	static
C:/Users/jackson.lewandowski/Documents/NXP Projects/lpcxpresso802_Recirculador/myLib/commonLib/commonLib.c:324:11:getFloatWithAddr	24	static
C:/Users/jackson.lewandowski/Documents/NXP Projects/lpcxpresso802_Recirculador/myLib/commonLib/commonLib.c:343:6:delayMs	24	static
C:/Users/jackson.lewandowski/Documents/NXP Projects/lpcxpresso802_Recirculador/myLib/commonLib/commonLib.c:350:6:delay_us	24	static
C:/Users/jackson.lewandowski/Documents/NXP Projects/lpcxpresso802_Recirculador/myLib/commonLib/commonLib.c:359:6:setClock30M	8	static
C:/Users/jackson.lewandowski/Documents/NXP Projects/lpcxpresso802_Recirculador/myLib/commonLib/commonLib.c:395:6:setClock24M	8	static
C:/Users/jackson.lewandowski/Documents/NXP Projects/lpcxpresso802_Recirculador/myLib/commonLib/commonLib.c:420:6:setClock18M	8	static
C:/Users/jackson.lewandowski/Documents/NXP Projects/lpcxpresso802_Recirculador/myLib/commonLib/commonLib.c:446:7:copyBoolToPChar	32	static
C:/Users/jackson.lewandowski/Documents/NXP Projects/lpcxpresso802_Recirculador/myLib/commonLib/commonLib.c:460:7:copyShortToPChar	32	static
C:/Users/jackson.lewandowski/Documents/NXP Projects/lpcxpresso802_Recirculador/myLib/commonLib/commonLib.c:466:7:copyIntToPChar	32	static
C:/Users/jackson.lewandowski/Documents/NXP Projects/lpcxpresso802_Recirculador/myLib/commonLib/commonLib.c:472:7:copyFloatToPChar	32	static
C:/Users/jackson.lewandowski/Documents/NXP Projects/lpcxpresso802_Recirculador/myLib/commonLib/commonLib.c:479:7:copyPCharToBool	24	static
C:/Users/jackson.lewandowski/Documents/NXP Projects/lpcxpresso802_Recirculador/myLib/commonLib/commonLib.c:483:7:copyPCharToShort	32	static
C:/Users/jackson.lewandowski/Documents/NXP Projects/lpcxpresso802_Recirculador/myLib/commonLib/commonLib.c:499:7:copyPCharToInt	40	static
C:/Users/jackson.lewandowski/Documents/NXP Projects/lpcxpresso802_Recirculador/myLib/commonLib/commonLib.c:515:7:copyPCharToFloat	48	static
