c:\users\jackson.lewandowski\documents\vs code\nxp\core\devices\lpc802\drivers\fsl_clock.h:370:20:CLOCK_Select	16	static
c:\users\jackson.lewandowski\documents\vs code\nxp\core\devices\lpc802\drivers\fsl_clock.h:402:20:CLOCK_SetCoreSysClkDiv	16	static
c:\users\jackson.lewandowski\documents\vs code\nxp\core\devices\lpc802\drivers\fsl_power.h:150:20:POWER_DisablePD	16	static
C:/Users/jackson.lewandowski/Documents/VS Code/NXP/core/boards/lpcxpresso802/clock_config.c:43:6:BOARD_InitBootClocks	8	static
C:/Users/jackson.lewandowski/Documents/VS Code/NXP/core/boards/lpcxpresso802/clock_config.c:73:6:BOARD_BootClockFRO18M	8	static
C:/Users/jackson.lewandowski/Documents/VS Code/NXP/core/boards/lpcxpresso802/clock_config.c:113:6:BOARD_BootClockFRO24M	8	static
C:/Users/jackson.lewandowski/Documents/VS Code/NXP/core/boards/lpcxpresso802/clock_config.c:152:6:BOARD_BootClockFRO30M	8	static
